<html>
<body>
<pre>
<h1>礦ision Build Log</h1>
<h2>Tool Versions:</h2>
IDE-Version: μVision V5.34.0.0
Copyright (C) 2021 ARM Ltd and ARM Germany GmbH. All rights reserved.
License Information: 1 zyl, 1, LIC=VGXG8-39HNP-8TR3P-M3TSS-XVRYC-RH1JI
 
Tool Versions:
Toolchain:       MDK-ARM Plus  Version: 5.34.0.0
Toolchain Path:  D:\MDK5\ARM\ARMCC\Bin
C Compiler:      Armcc.exe V5.06 update 7 (build 960)
Assembler:       Armasm.exe V5.06 update 7 (build 960)
Linker/Locator:  ArmLink.exe V5.06 update 7 (build 960)
Library Manager: ArmAr.exe V5.06 update 7 (build 960)
Hex Converter:   FromElf.exe V5.06 update 7 (build 960)
CPU DLL:         SARMCM3.DLL V5.34.0.0
Dialog DLL:      DCM.DLL V1.17.3.0
Target DLL:      STLink\ST-LINKIII-KEIL_SWO.dll V3.0.8.0
Dialog DLL:      TCM.DLL V1.48.0.0
 
<h2>Project:</h2>
D:\STM32H7B0VBT6_project\基于开发板的学习\基本例程\实验32 内存管理实验\HAL版本\Projects\Template.uvprojx
Project File Date:  09/05/2023

<h2>Output:</h2>
*** Using Compiler 'V5.06 update 7 (build 960)', folder: 'D:\MDK5\ARM\ARMCC\Bin'
Build target 'Template'
compiling main.c...
..\User\main.c(73): warning:  #167-D: argument of type "uint8_t *" is incompatible with parameter of type "char *"
          LCD_DisplayString( 16, 16, p);	            
..\User\main.c(79): warning:  #167-D: argument of type "uint8_t *" is incompatible with parameter of type "char *"
  		LCD_DisplayString( 0, 32, paddr);   	/* 显示p的地址 */
..\User\main.c(83): warning:  #167-D: argument of type "uint8_t *" is incompatible with parameter of type "char *"
  			LCD_DisplayString( 16, 48, p);  		/* 显示P的内容 */
..\User\main.c(92): warning:  #167-D: argument of type "uint8_t *" is incompatible with parameter of type "char *"
  	LCD_DisplayString( 14*8, 64, paddr);   		/* 显示内部内存使用率 */
..\User\main.c: 4 warnings, 0 errors
linking...
Program Size: Code=23056 RO-data=27476 RW-data=216 ZI-data=897000  
FromELF: creating hex file...
"..\Output\mem_Template.axf" - 0 Error(s), 4 Warning(s).

<h2>Software Packages used:</h2>

Package Vendor: Keil
                http://www.keil.com/pack/Keil.STM32H7xx_DFP.3.0.0.pack
                Keil.STM32H7xx_DFP.3.0.0
                STMicroelectronics STM32H7 Series Device Support and Examples

<h2>Collection of Component include folders:</h2>
  D:\MDK5\Keil\STM32H7xx_DFP\3.0.0\Drivers\CMSIS\Device\ST\STM32H7xx\Include

<h2>Collection of Component Files used:</h2>
Build Time Elapsed:  00:00:21
</pre>
</body>
</html>
