Component: ARM Compiler 5.06 update 7 (build 960) Tool: armlink [4d3601]

==============================================================================

Section Cross References

    startup_stm32h7b0xx.o(RESET) refers to startup_stm32h7b0xx.o(STACK) for __initial_sp
    startup_stm32h7b0xx.o(RESET) refers to startup_stm32h7b0xx.o(.text) for Reset_Handler
    startup_stm32h7b0xx.o(RESET) refers to stm32h7xx_it.o(i.NMI_Handler) for NMI_Handler
    startup_stm32h7b0xx.o(RESET) refers to stm32h7xx_it.o(i.HardFault_Handler) for HardFault_Handler
    startup_stm32h7b0xx.o(RESET) refers to mpu.o(i.MemManage_Handler) for MemManage_Handler
    startup_stm32h7b0xx.o(RESET) refers to stm32h7xx_it.o(i.BusFault_Handler) for BusFault_Handler
    startup_stm32h7b0xx.o(RESET) refers to stm32h7xx_it.o(i.UsageFault_Handler) for UsageFault_Handler
    startup_stm32h7b0xx.o(RESET) refers to stm32h7xx_it.o(i.SVC_Handler) for SVC_Handler
    startup_stm32h7b0xx.o(RESET) refers to stm32h7xx_it.o(i.DebugMon_Handler) for DebugMon_Handler
    startup_stm32h7b0xx.o(RESET) refers to stm32h7xx_it.o(i.PendSV_Handler) for PendSV_Handler
    startup_stm32h7b0xx.o(RESET) refers to stm32h7xx_it.o(i.SysTick_Handler) for SysTick_Handler
    startup_stm32h7b0xx.o(RESET) refers to stm32h7xx_it.o(i.DMA2_Stream7_IRQHandler) for DMA2_Stream7_IRQHandler
    startup_stm32h7b0xx.o(.text) refers to system_stm32h7xx.o(i.SystemInit) for SystemInit
    startup_stm32h7b0xx.o(.text) refers to entry.o(.ARM.Collect$$$$00000000) for __main
    stm32h7xx_hal.o(i.HAL_DeInit) refers to stm32h7xx_hal.o(i.HAL_MspDeInit) for HAL_MspDeInit
    stm32h7xx_hal.o(i.HAL_Delay) refers to stm32h7xx_hal.o(i.HAL_GetTick) for HAL_GetTick
    stm32h7xx_hal.o(i.HAL_Delay) refers to stm32h7xx_hal.o(.data) for uwTickFreq
    stm32h7xx_hal.o(i.HAL_GetTick) refers to stm32h7xx_hal.o(.data) for uwTick
    stm32h7xx_hal.o(i.HAL_GetTickFreq) refers to stm32h7xx_hal.o(.data) for uwTickFreq
    stm32h7xx_hal.o(i.HAL_GetTickPrio) refers to stm32h7xx_hal.o(.data) for uwTickPrio
    stm32h7xx_hal.o(i.HAL_IncTick) refers to stm32h7xx_hal.o(.data) for uwTick
    stm32h7xx_hal.o(i.HAL_Init) refers to stm32h7xx_hal_cortex.o(i.HAL_NVIC_SetPriorityGrouping) for HAL_NVIC_SetPriorityGrouping
    stm32h7xx_hal.o(i.HAL_Init) refers to stm32h7xx_hal_rcc.o(i.HAL_RCC_GetSysClockFreq) for HAL_RCC_GetSysClockFreq
    stm32h7xx_hal.o(i.HAL_Init) refers to stm32h7xx_hal.o(i.HAL_InitTick) for HAL_InitTick
    stm32h7xx_hal.o(i.HAL_Init) refers to stm32h7xx_hal.o(i.HAL_MspInit) for HAL_MspInit
    stm32h7xx_hal.o(i.HAL_Init) refers to system_stm32h7xx.o(.constdata) for D1CorePrescTable
    stm32h7xx_hal.o(i.HAL_Init) refers to system_stm32h7xx.o(.data) for SystemD2Clock
    stm32h7xx_hal.o(i.HAL_InitTick) refers to stm32h7xx_hal_cortex.o(i.HAL_SYSTICK_Config) for HAL_SYSTICK_Config
    stm32h7xx_hal.o(i.HAL_InitTick) refers to stm32h7xx_hal_cortex.o(i.HAL_NVIC_SetPriority) for HAL_NVIC_SetPriority
    stm32h7xx_hal.o(i.HAL_InitTick) refers to stm32h7xx_hal.o(.data) for uwTickFreq
    stm32h7xx_hal.o(i.HAL_InitTick) refers to system_stm32h7xx.o(.data) for SystemCoreClock
    stm32h7xx_hal.o(i.HAL_SYSCFG_EnableVREFBUF) refers to stm32h7xx_hal.o(i.HAL_GetTick) for HAL_GetTick
    stm32h7xx_hal.o(i.HAL_SetTickFreq) refers to stm32h7xx_hal.o(i.HAL_InitTick) for HAL_InitTick
    stm32h7xx_hal.o(i.HAL_SetTickFreq) refers to stm32h7xx_hal.o(.data) for uwTickFreq
    stm32h7xx_hal_cortex.o(i.HAL_NVIC_GetPriorityGrouping) refers to stm32h7xx_hal_cortex.o(i.__NVIC_GetPriorityGrouping) for __NVIC_GetPriorityGrouping
    stm32h7xx_hal_cortex.o(i.HAL_NVIC_SetPriority) refers to stm32h7xx_hal_cortex.o(i.__NVIC_GetPriorityGrouping) for __NVIC_GetPriorityGrouping
    stm32h7xx_hal_cortex.o(i.HAL_NVIC_SetPriority) refers to stm32h7xx_hal_cortex.o(i.__NVIC_SetPriority) for __NVIC_SetPriority
    stm32h7xx_hal_cortex.o(i.HAL_SYSTICK_Config) refers to stm32h7xx_hal_cortex.o(i.__NVIC_SetPriority) for __NVIC_SetPriority
    stm32h7xx_hal_cortex.o(i.HAL_SYSTICK_IRQHandler) refers to stm32h7xx_hal_cortex.o(i.HAL_SYSTICK_Callback) for HAL_SYSTICK_Callback
    stm32h7xx_hal_dma.o(i.DMA_CalcBaseAndBitshift) refers to stm32h7xx_hal_dma.o(.constdata) for flagBitshiftOffset
    stm32h7xx_hal_dma.o(i.HAL_DMA_Abort) refers to stm32h7xx_hal.o(i.HAL_GetTick) for HAL_GetTick
    stm32h7xx_hal_dma.o(i.HAL_DMA_DeInit) refers to stm32h7xx_hal_dma.o(i.DMA_CalcBaseAndBitshift) for DMA_CalcBaseAndBitshift
    stm32h7xx_hal_dma.o(i.HAL_DMA_DeInit) refers to stm32h7xx_hal_dma.o(i.DMA_CalcDMAMUXChannelBaseAndMask) for DMA_CalcDMAMUXChannelBaseAndMask
    stm32h7xx_hal_dma.o(i.HAL_DMA_DeInit) refers to stm32h7xx_hal_dma.o(i.DMA_CalcDMAMUXRequestGenBaseAndMask) for DMA_CalcDMAMUXRequestGenBaseAndMask
    stm32h7xx_hal_dma.o(i.HAL_DMA_IRQHandler) refers to system_stm32h7xx.o(.data) for SystemCoreClock
    stm32h7xx_hal_dma.o(i.HAL_DMA_Init) refers to stm32h7xx_hal.o(i.HAL_GetTick) for HAL_GetTick
[...]
    i.SDMMC_ReadFIFO                         0x900057ee   Section        0  stm32h7xx_ll_sdmmc.o(i.SDMMC_ReadFIFO)
    i.SDMMC_SendCommand                      0x900057f8   Section        0  stm32h7xx_ll_sdmmc.o(i.SDMMC_SendCommand)
    i.SDMMC_WriteFIFO                        0x90005824   Section        0  stm32h7xx_ll_sdmmc.o(i.SDMMC_WriteFIFO)
    i.SD_FindSCR                             0x90005830   Section        0  stm32h7xx_hal_sd.o(i.SD_FindSCR)
    SD_FindSCR                               0x90005831   Thumb Code   316  stm32h7xx_hal_sd.o(i.SD_FindSCR)
    i.SD_InitCard                            0x90005970   Section        0  stm32h7xx_hal_sd.o(i.SD_InitCard)
    SD_InitCard                              0x90005971   Thumb Code   232  stm32h7xx_hal_sd.o(i.SD_InitCard)
    i.SD_PowerON                             0x90005a58   Section        0  stm32h7xx_hal_sd.o(i.SD_PowerON)
    SD_PowerON                               0x90005a59   Thumb Code   192  stm32h7xx_hal_sd.o(i.SD_PowerON)
    i.SD_SendSDStatus                        0x90005b1c   Section        0  stm32h7xx_hal_sd.o(i.SD_SendSDStatus)
    SD_SendSDStatus                          0x90005b1d   Thumb Code   304  stm32h7xx_hal_sd.o(i.SD_SendSDStatus)
    i.SD_SendStatus                          0x90005c50   Section        0  stm32h7xx_hal_sd.o(i.SD_SendStatus)
    SD_SendStatus                            0x90005c51   Thumb Code    48  stm32h7xx_hal_sd.o(i.SD_SendStatus)
    i.SD_WideBus_Disable                     0x90005c80   Section        0  stm32h7xx_hal_sd.o(i.SD_WideBus_Disable)
    SD_WideBus_Disable                       0x90005c81   Thumb Code   104  stm32h7xx_hal_sd.o(i.SD_WideBus_Disable)
    i.SD_WideBus_Enable                      0x90005ce8   Section        0  stm32h7xx_hal_sd.o(i.SD_WideBus_Enable)
    SD_WideBus_Enable                        0x90005ce9   Thumb Code   104  stm32h7xx_hal_sd.o(i.SD_WideBus_Enable)
    i.SPI_CloseTransfer                      0x90005d50   Section        0  stm32h7xx_hal_spi.o(i.SPI_CloseTransfer)
    SPI_CloseTransfer                        0x90005d51   Thumb Code   214  stm32h7xx_hal_spi.o(i.SPI_CloseTransfer)
    i.SPI_GetPacketSize                      0x90005e26   Section        0  stm32h7xx_hal_spi.o(i.SPI_GetPacketSize)
    SPI_GetPacketSize                        0x90005e27   Thumb Code    26  stm32h7xx_hal_spi.o(i.SPI_GetPacketSize)
    i.SPI_LCD_Init                           0x90005e40   Section        0  lcd_spi_200.o(i.SPI_LCD_Init)
    i.SPI_WaitOnFlagUntilTimeout             0x90005ff8   Section        0  stm32h7xx_hal_spi.o(i.SPI_WaitOnFlagUntilTimeout)
    SPI_WaitOnFlagUntilTimeout               0x90005ff9   Thumb Code    64  stm32h7xx_hal_spi.o(i.SPI_WaitOnFlagUntilTimeout)
    i.SVC_Handler                            0x90006038   Section        0  stm32h7xx_it.o(i.SVC_Handler)
    i.SysTick_Handler                        0x9000603a   Section        0  stm32h7xx_it.o(i.SysTick_Handler)
    i.SystemInit                             0x90006044   Section        0  system_stm32h7xx.o(i.SystemInit)
    i.UART_AdvFeatureConfig                  0x9000612c   Section        0  stm32h7xx_hal_uart.o(i.UART_AdvFeatureConfig)
    i.UART_CheckIdleState                    0x90006224   Section        0  stm32h7xx_hal_uart.o(i.UART_CheckIdleState)
    i.UART_RxISR_16BIT                       0x9000629a   Section        0  stm32h7xx_hal_uart.o(i.UART_RxISR_16BIT)
    UART_RxISR_16BIT                         0x9000629b   Thumb Code   146  stm32h7xx_hal_uart.o(i.UART_RxISR_16BIT)
    i.UART_RxISR_16BIT_FIFOEN                0x9000632c   Section        0  stm32h7xx_hal_uart.o(i.UART_RxISR_16BIT_FIFOEN)
    UART_RxISR_16BIT_FIFOEN                  0x9000632d   Thumb Code   348  stm32h7xx_hal_uart.o(i.UART_RxISR_16BIT_FIFOEN)
    i.UART_RxISR_8BIT                        0x90006490   Section        0  stm32h7xx_hal_uart.o(i.UART_RxISR_8BIT)
    UART_RxISR_8BIT                          0x90006491   Thumb Code   142  stm32h7xx_hal_uart.o(i.UART_RxISR_8BIT)
    i.UART_RxISR_8BIT_FIFOEN                 0x90006520   Section        0  stm32h7xx_hal_uart.o(i.UART_RxISR_8BIT_FIFOEN)
    UART_RxISR_8BIT_FIFOEN                   0x90006521   Thumb Code   346  stm32h7xx_hal_uart.o(i.UART_RxISR_8BIT_FIFOEN)
    i.UART_SetConfig                         0x90006684   Section        0  stm32h7xx_hal_uart.o(i.UART_SetConfig)
    i.UART_Start_Receive_IT                  0x90006cac   Section        0  stm32h7xx_hal_uart.o(i.UART_Start_Receive_IT)
    i.UART_WaitOnFlagUntilTimeout            0x90006dbc   Section        0  stm32h7xx_hal_uart.o(i.UART_WaitOnFlagUntilTimeout)
    i.USART1_Init                            0x90006e7c   Section        0  usart.o(i.USART1_Init)
    i.UsageFault_Handler                     0x90006eb4   Section        0  stm32h7xx_it.o(i.UsageFault_Handler)
    i.__0printf                              0x90006eb8   Section        0  printfa.o(i.__0printf)
    i.__0sprintf                             0x90006ed8   Section        0  printfa.o(i.__0sprintf)
    i.__NVIC_GetPriorityGrouping             0x90006f00   Section        0  stm32h7xx_hal_cortex.o(i.__NVIC_GetPriorityGrouping)
    __NVIC_GetPriorityGrouping               0x90006f01   Thumb Code    10  stm32h7xx_hal_cortex.o(i.__NVIC_GetPriorityGrouping)
    i.__NVIC_SetPriority                     0x90006f10   Section        0  stm32h7xx_hal_cortex.o(i.__NVIC_SetPriority)
    __NVIC_SetPriority                       0x90006f11   Thumb Code    32  stm32h7xx_hal_cortex.o(i.__NVIC_SetPriority)
    i.__scatterload_copy                     0x90006f38   Section       14  handlers.o(i.__scatterload_copy)
    i.__scatterload_null                     0x90006f46   Section        2  handlers.o(i.__scatterload_null)
    i.__scatterload_zeroinit                 0x90006f48   Section       14  handlers.o(i.__scatterload_zeroinit)
    i._fp_digits                             0x90006f58   Section        0  printfa.o(i._fp_digits)
    _fp_digits                               0x90006f59   Thumb Code   366  printfa.o(i._fp_digits)
    i._printf_core                           0x900070dc   Section        0  printfa.o(i._printf_core)
    _printf_core                             0x900070dd   Thumb Code  1704  printfa.o(i._printf_core)
    i._printf_post_padding                   0x90007790   Section        0  printfa.o(i._printf_post_padding)
    _printf_post_padding                     0x90007791   Thumb Code    36  printfa.o(i._printf_post_padding)
    i._printf_pre_padding                    0x900077b4   Section        0  printfa.o(i._printf_pre_padding)
    _printf_pre_padding                      0x900077b5   Thumb Code    46  printfa.o(i._printf_pre_padding)
    i._sputc                                 0x900077e2   Section        0  printfa.o(i._sputc)
    _sputc                                   0x900077e3   Thumb Code    10  printfa.o(i._sputc)
    i.check_fs                               0x900077ec   Section        0  ff.o(i.check_fs)
    check_fs                                 0x900077ed   Thumb Code   236  ff.o(i.check_fs)
    i.clst2sect                              0x900078f0   Section        0  ff.o(i.clst2sect)
    clst2sect                                0x900078f1   Thumb Code    26  ff.o(i.clst2sect)
    i.delay_init                             0x9000790c   Section        0  delay.o(i.delay_init)
    i.delay_ms                               0x90007920   Section        0  delay.o(i.delay_ms)
    i.delay_us                               0x90007954   Section        0  delay.o(i.delay_us)
    i.disk_initialize                        0x900079a0   Section        0  diskio.o(i.disk_initialize)
    i.disk_read                              0x900079c8   Section        0  diskio.o(i.disk_read)
    i.disk_status                            0x90007a36   Section        0  diskio.o(i.disk_status)
    i.disk_write                             0x90007a3c   Section        0  diskio.o(i.disk_write)
    i.exfuns_get_free                        0x90007aaa   Section        0  exfuns.o(i.exfuns_get_free)
    i.exfuns_init                            0x90007af4   Section        0  exfuns.o(i.exfuns_init)
    i.f_getfree                              0x90007b38   Section        0  ff.o(i.f_getfree)
    i.f_mount                                0x90007c94   Section        0  ff.o(i.f_mount)
    i.find_volume                            0x90007ce8   Section        0  ff.o(i.find_volume)
    find_volume                              0x90007ce9   Thumb Code   120  ff.o(i.find_volume)
    i.fputc                                  0x90007d60   Section        0  usart.o(i.fputc)
    i.get_fat                                0x90007d7c   Section        0  ff.o(i.get_fat)
    get_fat                                  0x90007d7d   Thumb Code   404  ff.o(i.get_fat)
    i.get_ldnumber                           0x90007f10   Section        0  ff.o(i.get_ldnumber)
    get_ldnumber                             0x90007f11   Thumb Code    78  ff.o(i.get_ldnumber)
    i.get_sd_card_state                      0x90007f60   Section        0  sdmmc_sdcard.o(i.get_sd_card_state)
    i.key_init                               0x90007f78   Section        0  key.o(i.key_init)
    i.ld_dword                               0x90008020   Section        0  ff.o(i.ld_dword)
    ld_dword                                 0x90008021   Thumb Code    24  ff.o(i.ld_dword)
    i.ld_qword                               0x90008038   Section        0  ff.o(i.ld_qword)
    ld_qword                                 0x90008039   Thumb Code    98  ff.o(i.ld_qword)
    i.ld_word                                0x9000809a   Section        0  ff.o(i.ld_word)
    ld_word                                  0x9000809b   Thumb Code    12  ff.o(i.ld_word)
    i.main                                   0x900080a8   Section        0  main.o(i.main)
    i.mf_free                                0x900082ec   Section        0  fattester.o(i.mf_free)
    i.mf_init                                0x9000830c   Section        0  fattester.o(i.mf_init)
    i.mount_volume                           0x9000834c   Section        0  ff.o(i.mount_volume)
    mount_volume                             0x9000834d   Thumb Code  1128  ff.o(i.mount_volume)
    i.move_window                            0x900087c0   Section        0  ff.o(i.move_window)
    move_window                              0x900087c1   Thumb Code    52  ff.o(i.move_window)
    i.my_mem_free                            0x900087f4   Section        0  malloc.o(i.my_mem_free)
    my_mem_free                              0x900087f5   Thumb Code    96  malloc.o(i.my_mem_free)
    i.my_mem_init                            0x90008860   Section        0  malloc.o(i.my_mem_init)
    i.my_mem_malloc                          0x90008890   Section        0  malloc.o(i.my_mem_malloc)
    my_mem_malloc                            0x90008891   Thumb Code   156  malloc.o(i.my_mem_malloc)
    i.my_mem_perused                         0x90008938   Section        0  malloc.o(i.my_mem_perused)
    i.my_mem_set                             0x90008978   Section        0  malloc.o(i.my_mem_set)
    i.myfree                                 0x9000898c   Section        0  malloc.o(i.myfree)
    i.mymalloc                               0x900089b0   Section        0  malloc.o(i.mymalloc)
    i.sd_init                                0x900089d8   Section        0  sdmmc_sdcard.o(i.sd_init)
    i.sd_read_disk                           0x90008a1c   Section        0  sdmmc_sdcard.o(i.sd_read_disk)
    i.sd_write_disk                          0x90008a74   Section        0  sdmmc_sdcard.o(i.sd_write_disk)
    i.sync_window                            0x90008acc   Section        0  ff.o(i.sync_window)
    sync_window                              0x90008acd   Thumb Code    74  ff.o(i.sync_window)
    i.sys_cache_enable                       0x90008b18   Section        0  sys.o(i.sys_cache_enable)
    i.sys_intx_disable                       0x90008c58   Section        0  sys.o(i.sys_intx_disable)
    i.sys_intx_enable                        0x90008c5c   Section        0  sys.o(i.sys_intx_enable)
    i.sys_stm32_clock_init                   0x90008c60   Section        0  sys.o(i.sys_stm32_clock_init)
    .constdata                               0x90008db0   Section       24  stm32h7xx_hal_uart.o(.constdata)
    .constdata                               0x90008dc8   Section       16  system_stm32h7xx.o(.constdata)
    .constdata                               0x90008dd8   Section    26660  lcd_fonts.o(.constdata)
    .constdata                               0x9000f5fc   Section       60  malloc.o(.constdata)

    Global Symbols

    Symbol Name                              Value     Ov Type        Size  Object(Section)

    BuildAttributes$$THM_ISAv4$E$P$D$K$B$S$7EM$VFPv5_D16$PE$PLD8$A:L22UL41UL21$X:L11$S22US41US21$IEEE1$IW$USESV6$~STKCKD$USESV7$~SHL$OSPACE$ROPI$EBA8$MICROLIB$REQ8$PRES8$EABIv2 0x00000000   Number         0  anon$$obj.o ABSOLUTE
    __ARM_use_no_argv                        0x00000000   Number         0  main.o ABSOLUTE
    __use_no_errno                           0x00000000   Number         0  useno.o ABSOLUTE
    __use_no_exception_handling              0x00000000   Number         0  useno.o ABSOLUTE
    __use_no_fp                              0x00000000   Number         0  useno.o ABSOLUTE
    __use_no_heap                            0x00000000   Number         0  useno.o ABSOLUTE
    __use_no_heap_region                     0x00000000   Number         0  useno.o ABSOLUTE
    __use_no_semihosting                     0x00000000   Number         0  useno.o ABSOLUTE
    __use_no_semihosting_swi                 0x00000000   Number         0  useno.o ABSOLUTE
    __use_no_signal_handling                 0x00000000   Number         0  useno.o ABSOLUTE
    _printf_a                                0x00000000   Number         0  stubs.o ABSOLUTE
    _printf_c                                0x00000000   Number         0  stubs.o ABSOLUTE
    _printf_charcount                        0x00000000   Number         0  stubs.o ABSOLUTE
    _printf_d                                0x00000000   Number         0  stubs.o ABSOLUTE
    _printf_e                                0x00000000   Number         0  stubs.o ABSOLUTE
    _printf_f                                0x00000000   Number         0  stubs.o ABSOLUTE
    _printf_flags                            0x00000000   Number         0  stubs.o ABSOLUTE
    _printf_fp_dec                           0x00000000   Number         0  stubs.o ABSOLUTE
    _printf_fp_hex                           0x00000000   Number         0  stubs.o ABSOLUTE
    _printf_g                                0x00000000   Number         0  stubs.o ABSOLUTE
    _printf_i                                0x00000000   Number         0  stubs.o ABSOLUTE
    _printf_int_dec                          0x00000000   Number         0  stubs.o ABSOLUTE
    _printf_l                                0x00000000   Number         0  stubs.o ABSOLUTE
    _printf_lc                               0x00000000   Number         0  stubs.o ABSOLUTE
    _printf_ll                               0x00000000   Number         0  stubs.o ABSOLUTE
    _printf_lld                              0x00000000   Number         0  stubs.o ABSOLUTE
    _printf_lli                              0x00000000   Number         0  stubs.o ABSOLUTE
    _printf_llo                              0x00000000   Number         0  stubs.o ABSOLUTE
    _printf_llu                              0x00000000   Number         0  stubs.o ABSOLUTE
    _printf_llx                              0x00000000   Number         0  stubs.o ABSOLUTE
    _printf_longlong_dec                     0x00000000   Number         0  stubs.o ABSOLUTE
    _printf_longlong_hex                     0x00000000   Number         0  stubs.o ABSOLUTE
    _printf_longlong_oct                     0x00000000   Number         0  stubs.o ABSOLUTE
    _printf_ls                               0x00000000   Number         0  stubs.o ABSOLUTE
    _printf_mbtowc                           0x00000000   Number         0  stubs.o ABSOLUTE
    _printf_n                                0x00000000   Number         0  stubs.o ABSOLUTE
    _printf_o                                0x00000000   Number         0  stubs.o ABSOLUTE
    _printf_p                                0x00000000   Number         0  stubs.o ABSOLUTE
    _printf_percent                          0x00000000   Number         0  stubs.o ABSOLUTE
    _printf_pre_padding                      0x00000000   Number         0  stubs.o ABSOLUTE
    _printf_return_value                     0x00000000   Number         0  stubs.o ABSOLUTE
    _printf_s                                0x00000000   Number         0  stubs.o ABSOLUTE
    _printf_sizespec                         0x00000000   Number         0  stubs.o ABSOLUTE
    _printf_str                              0x00000000   Number         0  stubs.o ABSOLUTE
    _printf_truncate_signed                  0x00000000   Number         0  stubs.o ABSOLUTE
    _printf_truncate_unsigned                0x00000000   Number         0  stubs.o ABSOLUTE
    _printf_u                                0x00000000   Number         0  stubs.o ABSOLUTE
    _printf_wc                               0x00000000   Number         0  stubs.o ABSOLUTE
    _printf_wctomb                           0x00000000   Number         0  stubs.o ABSOLUTE
    _printf_widthprec                        0x00000000   Number         0  stubs.o ABSOLUTE
    _printf_x                                0x00000000   Number         0  stubs.o ABSOLUTE
    __arm_fini_                               - Undefined Weak Reference
    __cpp_initialize__aeabi_                  - Undefined Weak Reference
    __cxa_finalize                            - Undefined Weak Reference
    __decompress                              - Undefined Weak Reference
    _clock_init                               - Undefined Weak Reference
    _microlib_exit                            - Undefined Weak Reference
    __Vectors_Size                           0x000002ac   Number         0  startup_stm32h7b0xx.o ABSOLUTE
    uwTick                                   0x24000000   Data           4  stm32h7xx_hal.o(.data)
    uwTickPrio                               0x24000004   Data           4  stm32h7xx_hal.o(.data)
    uwTickFreq                               0x24000008   Data           1  stm32h7xx_hal.o(.data)
    __stdout                                 0x24000010   Data           4  usart.o(.data)
    g_usart1_rx_sta                          0x24000014   Data           2  usart.o(.data)
    g_rx1_buffer                             0x24000016   Data           1  usart.o(.data)
    SystemCoreClock                          0x24000018   Data           4  system_stm32h7xx.o(.data)
    SystemD2Clock                            0x2400001c   Data           4  system_stm32h7xx.o(.data)
    CH_Font12                                0x24000020   Data          12  lcd_fonts.o(.data)
    CH_Font16                                0x2400002c   Data          12  lcd_fonts.o(.data)
    CH_Font20                                0x24000038   Data          12  lcd_fonts.o(.data)
    CH_Font24                                0x24000044   Data          12  lcd_fonts.o(.data)
    CH_Font32                                0x24000050   Data          12  lcd_fonts.o(.data)
    ASCII_Font32                             0x2400005c   Data          12  lcd_fonts.o(.data)
    ASCII_Font24                             0x24000068   Data          12  lcd_fonts.o(.data)
    ASCII_Font20                             0x24000074   Data          12  lcd_fonts.o(.data)
    ASCII_Font16                             0x24000080   Data          12  lcd_fonts.o(.data)
    ASCII_Font12                             0x2400008c   Data          12  lcd_fonts.o(.data)
    mallco_dev                               0x240000a0   Data          56  malloc.o(.data)
    fs                                       0x240000e4   Data           8  exfuns.o(.data)
    g_usart1_rx_buf                          0x240000ec   Data         200  usart.o(.bss)
    g_uart1_handle                           0x240001b4   Data         144  usart.o(.bss)
    hspi4                                    0x24000244   Data         136  lcd_spi_200.o(.bss)
    LCD_Buff                                 0x240002cc   Data        2048  lcd_spi_200.o(.bss)
    LCD                                      0x24000acc   Data          16  lcd_spi_200.o(.bss)
    g_sd_handle                              0x24000adc   Data         124  sdmmc_sdcard.o(.bss)
    g_sd_card_info_handle                    0x24000b58   Data          36  sdmmc_sdcard.o(.bss)
    fattester                                0x24084b80   Data         384  fattester.o(.bss)
    __initial_sp                             0x24085100   Data           0  startup_stm32h7b0xx.o(STACK)
    __Vectors                                0x90000000   Data           4  startup_stm32h7b0xx.o(RESET)
    __Vectors_End                            0x900002ac   Data           0  startup_stm32h7b0xx.o(RESET)
    __main                                   0x900002ad   Thumb Code     0  entry.o(.ARM.Collect$$$$00000000)
    _main_stk                                0x900002ad   Thumb Code     0  entry2.o(.ARM.Collect$$$$00000001)
    _main_scatterload                        0x900002b1   Thumb Code     0  entry5.o(.ARM.Collect$$$$00000004)
    __main_after_scatterload                 0x900002b5   Thumb Code     0  entry5.o(.ARM.Collect$$$$00000004)
    _main_clock                              0x900002b5   Thumb Code     0  entry7b.o(.ARM.Collect$$$$00000008)
    _main_cpp_init                           0x900002b5   Thumb Code     0  entry8b.o(.ARM.Collect$$$$0000000A)
    _main_init                               0x900002b5   Thumb Code     0  entry9a.o(.ARM.Collect$$$$0000000B)
    __rt_lib_shutdown_fini                   0x900002bd   Thumb Code     0  entry12b.o(.ARM.Collect$$$$0000000E)
    __rt_final_cpp                           0x900002c1   Thumb Code     0  entry10a.o(.ARM.Collect$$$$0000000F)
    __rt_final_exit                          0x900002c1   Thumb Code     0  entry11a.o(.ARM.Collect$$$$00000011)
    Reset_Handler                            0x900002c5   Thumb Code     8  startup_stm32h7b0xx.o(.text)
    ADC_IRQHandler                           0x900002df   Thumb Code     0  startup_stm32h7b0xx.o(.text)
    BDMA1_IRQHandler                         0x900002df   Thumb Code     0  startup_stm32h7b0xx.o(.text)
    BDMA2_Channel0_IRQHandler                0x900002df   Thumb Code     0  startup_stm32h7b0xx.o(.text)
    BDMA2_Channel1_IRQHandler                0x900002df   Thumb Code     0  startup_stm32h7b0xx.o(.text)
    BDMA2_Channel2_IRQHandler                0x900002df   Thumb Code     0  startup_stm32h7b0xx.o(.text)
    BDMA2_Channel3_IRQHandler                0x900002df   Thumb Code     0  startup_stm32h7b0xx.o(.text)
    BDMA2_Channel4_IRQHandler                0x900002df   Thumb Code     0  startup_stm32h7b0xx.o(.text)
    BDMA2_Channel5_IRQHandler                0x900002df   Thumb Code     0  startup_stm32h7b0xx.o(.text)
    BDMA2_Channel6_IRQHandler                0x900002df   Thumb Code     0  startup_stm32h7b0xx.o(.text)
    BDMA2_Channel7_IRQHandler                0x900002df   Thumb Code     0  startup_stm32h7b0xx.o(.text)
    CEC_IRQHandler                           0x900002df   Thumb Code     0  startup_stm32h7b0xx.o(.text)
    COMP_IRQHandler                          0x900002df   Thumb Code     0  startup_stm32h7b0xx.o(.text)
    CRS_IRQHandler                           0x900002df   Thumb Code     0  startup_stm32h7b0xx.o(.text)
    CRYP_IRQHandler                          0x900002df   Thumb Code     0  startup_stm32h7b0xx.o(.text)
    DAC2_IRQHandler                          0x900002df   Thumb Code     0  startup_stm32h7b0xx.o(.text)
    DCMI_PSSI_IRQHandler                     0x900002df   Thumb Code     0  startup_stm32h7b0xx.o(.text)
    DFSDM1_FLT0_IRQHandler                   0x900002df   Thumb Code     0  startup_stm32h7b0xx.o(.text)
    DFSDM1_FLT1_IRQHandler                   0x900002df   Thumb Code     0  startup_stm32h7b0xx.o(.text)
    DFSDM1_FLT2_IRQHandler                   0x900002df   Thumb Code     0  startup_stm32h7b0xx.o(.text)
    DFSDM1_FLT3_IRQHandler                   0x900002df   Thumb Code     0  startup_stm32h7b0xx.o(.text)
    DFSDM1_FLT4_IRQHandler                   0x900002df   Thumb Code     0  startup_stm32h7b0xx.o(.text)
    DFSDM1_FLT5_IRQHandler                   0x900002df   Thumb Code     0  startup_stm32h7b0xx.o(.text)
    DFSDM1_FLT6_IRQHandler                   0x900002df   Thumb Code     0  startup_stm32h7b0xx.o(.text)
    DFSDM1_FLT7_IRQHandler                   0x900002df   Thumb Code     0  startup_stm32h7b0xx.o(.text)
    DFSDM2_IRQHandler                        0x900002df   Thumb Code     0  startup_stm32h7b0xx.o(.text)
    DMA1_Stream0_IRQHandler                  0x900002df   Thumb Code     0  startup_stm32h7b0xx.o(.text)
    DMA1_Stream1_IRQHandler                  0x900002df   Thumb Code     0  startup_stm32h7b0xx.o(.text)
    DMA1_Stream2_IRQHandler                  0x900002df   Thumb Code     0  startup_stm32h7b0xx.o(.text)
    DMA1_Stream3_IRQHandler                  0x900002df   Thumb Code     0  startup_stm32h7b0xx.o(.text)
    DMA1_Stream4_IRQHandler                  0x900002df   Thumb Code     0  startup_stm32h7b0xx.o(.text)
    DMA1_Stream5_IRQHandler                  0x900002df   Thumb Code     0  startup_stm32h7b0xx.o(.text)
    DMA1_Stream6_IRQHandler                  0x900002df   Thumb Code     0  startup_stm32h7b0xx.o(.text)
    DMA1_Stream7_IRQHandler                  0x900002df   Thumb Code     0  startup_stm32h7b0xx.o(.text)
    DMA2D_IRQHandler                         0x900002df   Thumb Code     0  startup_stm32h7b0xx.o(.text)
    DMA2_Stream0_IRQHandler                  0x900002df   Thumb Code     0  startup_stm32h7b0xx.o(.text)
    DMA2_Stream1_IRQHandler                  0x900002df   Thumb Code     0  startup_stm32h7b0xx.o(.text)
    DMA2_Stream2_IRQHandler                  0x900002df   Thumb Code     0  startup_stm32h7b0xx.o(.text)
    DMA2_Stream3_IRQHandler                  0x900002df   Thumb Code     0  startup_stm32h7b0xx.o(.text)
    DMA2_Stream4_IRQHandler                  0x900002df   Thumb Code     0  startup_stm32h7b0xx.o(.text)
    DMA2_Stream5_IRQHandler                  0x900002df   Thumb Code     0  startup_stm32h7b0xx.o(.text)
    DMA2_Stream6_IRQHandler                  0x900002df   Thumb Code     0  startup_stm32h7b0xx.o(.text)
    DMAMUX1_OVR_IRQHandler                   0x900002df   Thumb Code     0  startup_stm32h7b0xx.o(.text)
    DMAMUX2_OVR_IRQHandler                   0x900002df   Thumb Code     0  startup_stm32h7b0xx.o(.text)
    DTS_IRQHandler                           0x900002df   Thumb Code     0  startup_stm32h7b0xx.o(.text)
    ECC_IRQHandler                           0x900002df   Thumb Code     0  startup_stm32h7b0xx.o(.text)
    EXTI0_IRQHandler                         0x900002df   Thumb Code     0  startup_stm32h7b0xx.o(.text)
    EXTI15_10_IRQHandler                     0x900002df   Thumb Code     0  startup_stm32h7b0xx.o(.text)
    EXTI1_IRQHandler                         0x900002df   Thumb Code     0  startup_stm32h7b0xx.o(.text)
    EXTI2_IRQHandler                         0x900002df   Thumb Code     0  startup_stm32h7b0xx.o(.text)
    EXTI3_IRQHandler                         0x900002df   Thumb Code     0  startup_stm32h7b0xx.o(.text)
    EXTI4_IRQHandler                         0x900002df   Thumb Code     0  startup_stm32h7b0xx.o(.text)
    EXTI9_5_IRQHandler                       0x900002df   Thumb Code     0  startup_stm32h7b0xx.o(.text)
    FDCAN1_IT0_IRQHandler                    0x900002df   Thumb Code     0  startup_stm32h7b0xx.o(.text)
    FDCAN1_IT1_IRQHandler                    0x900002df   Thumb Code     0  startup_stm32h7b0xx.o(.text)
    FDCAN2_IT0_IRQHandler                    0x900002df   Thumb Code     0  startup_stm32h7b0xx.o(.text)
    FDCAN2_IT1_IRQHandler                    0x900002df   Thumb Code     0  startup_stm32h7b0xx.o(.text)
    FDCAN_CAL_IRQHandler                     0x900002df   Thumb Code     0  startup_stm32h7b0xx.o(.text)
    FLASH_IRQHandler                         0x900002df   Thumb Code     0  startup_stm32h7b0xx.o(.text)
    FMC_IRQHandler                           0x900002df   Thumb Code     0  startup_stm32h7b0xx.o(.text)
    FPU_IRQHandler                           0x900002df   Thumb Code     0  startup_stm32h7b0xx.o(.text)
    GFXMMU_IRQHandler                        0x900002df   Thumb Code     0  startup_stm32h7b0xx.o(.text)
    HASH_RNG_IRQHandler                      0x900002df   Thumb Code     0  startup_stm32h7b0xx.o(.text)
    HSEM1_IRQHandler                         0x900002df   Thumb Code     0  startup_stm32h7b0xx.o(.text)
    I2C1_ER_IRQHandler                       0x900002df   Thumb Code     0  startup_stm32h7b0xx.o(.text)
    I2C1_EV_IRQHandler                       0x900002df   Thumb Code     0  startup_stm32h7b0xx.o(.text)
    I2C2_ER_IRQHandler                       0x900002df   Thumb Code     0  startup_stm32h7b0xx.o(.text)
    I2C2_EV_IRQHandler                       0x900002df   Thumb Code     0  startup_stm32h7b0xx.o(.text)
    I2C3_ER_IRQHandler                       0x900002df   Thumb Code     0  startup_stm32h7b0xx.o(.text)
    I2C3_EV_IRQHandler                       0x900002df   Thumb Code     0  startup_stm32h7b0xx.o(.text)
    I2C4_ER_IRQHandler                       0x900002df   Thumb Code     0  startup_stm32h7b0xx.o(.text)
    I2C4_EV_IRQHandler                       0x900002df   Thumb Code     0  startup_stm32h7b0xx.o(.text)
    JPEG_IRQHandler                          0x900002df   Thumb Code     0  startup_stm32h7b0xx.o(.text)
    LPTIM1_IRQHandler                        0x900002df   Thumb Code     0  startup_stm32h7b0xx.o(.text)
    LPTIM2_IRQHandler                        0x900002df   Thumb Code     0  startup_stm32h7b0xx.o(.text)
    LPTIM3_IRQHandler                        0x900002df   Thumb Code     0  startup_stm32h7b0xx.o(.text)
    LPUART1_IRQHandler                       0x900002df   Thumb Code     0  startup_stm32h7b0xx.o(.text)
    LTDC_ER_IRQHandler                       0x900002df   Thumb Code     0  startup_stm32h7b0xx.o(.text)
    LTDC_IRQHandler                          0x900002df   Thumb Code     0  startup_stm32h7b0xx.o(.text)
    MDIOS_IRQHandler                         0x900002df   Thumb Code     0  startup_stm32h7b0xx.o(.text)
    MDIOS_WKUP_IRQHandler                    0x900002df   Thumb Code     0  startup_stm32h7b0xx.o(.text)
    MDMA_IRQHandler                          0x900002df   Thumb Code     0  startup_stm32h7b0xx.o(.text)
    OCTOSPI1_IRQHandler                      0x900002df   Thumb Code     0  startup_stm32h7b0xx.o(.text)
    OCTOSPI2_IRQHandler                      0x900002df   Thumb Code     0  startup_stm32h7b0xx.o(.text)
    OTFDEC1_IRQHandler                       0x900002df   Thumb Code     0  startup_stm32h7b0xx.o(.text)
    OTFDEC2_IRQHandler                       0x900002df   Thumb Code     0  startup_stm32h7b0xx.o(.text)
    OTG_HS_EP1_IN_IRQHandler                 0x900002df   Thumb Code     0  startup_stm32h7b0xx.o(.text)
    OTG_HS_EP1_OUT_IRQHandler                0x900002df   Thumb Code     0  startup_stm32h7b0xx.o(.text)
    OTG_HS_IRQHandler                        0x900002df   Thumb Code     0  startup_stm32h7b0xx.o(.text)
    OTG_HS_WKUP_IRQHandler                   0x900002df   Thumb Code     0  startup_stm32h7b0xx.o(.text)
    PVD_PVM_IRQHandler                       0x900002df   Thumb Code     0  startup_stm32h7b0xx.o(.text)
    RCC_IRQHandler                           0x900002df   Thumb Code     0  startup_stm32h7b0xx.o(.text)
    RTC_Alarm_IRQHandler                     0x900002df   Thumb Code     0  startup_stm32h7b0xx.o(.text)
    RTC_TAMP_STAMP_CSS_LSE_IRQHandler        0x900002df   Thumb Code     0  startup_stm32h7b0xx.o(.text)
    RTC_WKUP_IRQHandler                      0x900002df   Thumb Code     0  startup_stm32h7b0xx.o(.text)
    SAI1_IRQHandler                          0x900002df   Thumb Code     0  startup_stm32h7b0xx.o(.text)
    SAI2_IRQHandler                          0x900002df   Thumb Code     0  startup_stm32h7b0xx.o(.text)
    SDMMC1_IRQHandler                        0x900002df   Thumb Code     0  startup_stm32h7b0xx.o(.text)
    SDMMC2_IRQHandler                        0x900002df   Thumb Code     0  startup_stm32h7b0xx.o(.text)
    SPDIF_RX_IRQHandler                      0x900002df   Thumb Code     0  startup_stm32h7b0xx.o(.text)
    SPI1_IRQHandler                          0x900002df   Thumb Code     0  startup_stm32h7b0xx.o(.text)
    SPI2_IRQHandler                          0x900002df   Thumb Code     0  startup_stm32h7b0xx.o(.text)
    SPI3_IRQHandler                          0x900002df   Thumb Code     0  startup_stm32h7b0xx.o(.text)
    SPI4_IRQHandler                          0x900002df   Thumb Code     0  startup_stm32h7b0xx.o(.text)
    SPI5_IRQHandler                          0x900002df   Thumb Code     0  startup_stm32h7b0xx.o(.text)
    SPI6_IRQHandler                          0x900002df   Thumb Code     0  startup_stm32h7b0xx.o(.text)
    SWPMI1_IRQHandler                        0x900002df   Thumb Code     0  startup_stm32h7b0xx.o(.text)
    TIM15_IRQHandler                         0x900002df   Thumb Code     0  startup_stm32h7b0xx.o(.text)
    TIM16_IRQHandler                         0x900002df   Thumb Code     0  startup_stm32h7b0xx.o(.text)
    TIM17_IRQHandler                         0x900002df   Thumb Code     0  startup_stm32h7b0xx.o(.text)
    TIM1_BRK_IRQHandler                      0x900002df   Thumb Code     0  startup_stm32h7b0xx.o(.text)
    TIM1_CC_IRQHandler                       0x900002df   Thumb Code     0  startup_stm32h7b0xx.o(.text)
    TIM1_TRG_COM_IRQHandler                  0x900002df   Thumb Code     0  startup_stm32h7b0xx.o(.text)
    TIM1_UP_IRQHandler                       0x900002df   Thumb Code     0  startup_stm32h7b0xx.o(.text)
    TIM2_IRQHandler                          0x900002df   Thumb Code     0  startup_stm32h7b0xx.o(.text)
    TIM3_IRQHandler                          0x900002df   Thumb Code     0  startup_stm32h7b0xx.o(.text)
    TIM4_IRQHandler                          0x900002df   Thumb Code     0  startup_stm32h7b0xx.o(.text)
    TIM5_IRQHandler                          0x900002df   Thumb Code     0  startup_stm32h7b0xx.o(.text)
    TIM6_DAC_IRQHandler                      0x900002df   Thumb Code     0  startup_stm32h7b0xx.o(.text)
    TIM7_IRQHandler                          0x900002df   Thumb Code     0  startup_stm32h7b0xx.o(.text)
    TIM8_BRK_TIM12_IRQHandler                0x900002df   Thumb Code     0  startup_stm32h7b0xx.o(.text)
    TIM8_CC_IRQHandler                       0x900002df   Thumb Code     0  startup_stm32h7b0xx.o(.text)
    TIM8_TRG_COM_TIM14_IRQHandler            0x900002df   Thumb Code     0  startup_stm32h7b0xx.o(.text)
    TIM8_UP_TIM13_IRQHandler                 0x900002df   Thumb Code     0  startup_stm32h7b0xx.o(.text)
    UART4_IRQHandler                         0x900002df   Thumb Code     0  startup_stm32h7b0xx.o(.text)
    UART5_IRQHandler                         0x900002df   Thumb Code     0  startup_stm32h7b0xx.o(.text)
    UART7_IRQHandler                         0x900002df   Thumb Code     0  startup_stm32h7b0xx.o(.text)
    UART8_IRQHandler                         0x900002df   Thumb Code     0  startup_stm32h7b0xx.o(.text)
    UART9_IRQHandler                         0x900002df   Thumb Code     0  startup_stm32h7b0xx.o(.text)
    USART10_IRQHandler                       0x900002df   Thumb Code     0  startup_stm32h7b0xx.o(.text)
    USART1_IRQHandler                        0x900002df   Thumb Code     0  startup_stm32h7b0xx.o(.text)
    USART2_IRQHandler                        0x900002df   Thumb Code     0  startup_stm32h7b0xx.o(.text)
    USART3_IRQHandler                        0x900002df   Thumb Code     0  startup_stm32h7b0xx.o(.text)
    USART6_IRQHandler                        0x900002df   Thumb Code     0  startup_stm32h7b0xx.o(.text)
    WAKEUP_PIN_IRQHandler                    0x900002df   Thumb Code     0  startup_stm32h7b0xx.o(.text)
    WWDG_IRQHandler                          0x900002df   Thumb Code     0  startup_stm32h7b0xx.o(.text)
    __aeabi_uldivmod                         0x900002e9   Thumb Code    98  uldiv.o(.text)
    __aeabi_memset                           0x9000034b   Thumb Code    14  memseta.o(.text)
    __aeabi_memset4                          0x9000034b   Thumb Code     0  memseta.o(.text)
    __aeabi_memset8                          0x9000034b   Thumb Code     0  memseta.o(.text)
    __aeabi_memclr                           0x90000359   Thumb Code     4  memseta.o(.text)
    __aeabi_memclr4                          0x90000359   Thumb Code     0  memseta.o(.text)
    __aeabi_memclr8                          0x90000359   Thumb Code     0  memseta.o(.text)
    _memset$wrapper                          0x9000035d   Thumb Code    18  memseta.o(.text)
    memcmp                                   0x9000036f   Thumb Code    26  memcmp.o(.text)
    __aeabi_uidiv                            0x90000389   Thumb Code     0  uidiv.o(.text)
    __aeabi_uidivmod                         0x90000389   Thumb Code    44  uidiv.o(.text)
    __aeabi_llsl                             0x900003b5   Thumb Code    30  llshl.o(.text)
    _ll_shift_l                              0x900003b5   Thumb Code     0  llshl.o(.text)
    __aeabi_llsr                             0x900003d3   Thumb Code    32  llushr.o(.text)
    _ll_ushift_r                             0x900003d3   Thumb Code     0  llushr.o(.text)
    __I$use$fp                               0x900003f3   Thumb Code     0  iusefp.o(.text)
    __aeabi_dadd                             0x900003f3   Thumb Code   322  dadd.o(.text)
    __aeabi_dsub                             0x90000535   Thumb Code     6  dadd.o(.text)
    __aeabi_drsub                            0x9000053b   Thumb Code     6  dadd.o(.text)
    __aeabi_dmul                             0x90000541   Thumb Code   228  dmul.o(.text)
    __aeabi_ddiv                             0x90000625   Thumb Code   222  ddiv.o(.text)
    __aeabi_d2ulz                            0x90000703   Thumb Code    48  dfixul.o(.text)
    __aeabi_cdrcmple                         0x90000735   Thumb Code    48  cdrcmple.o(.text)
    __scatterload                            0x90000765   Thumb Code    28  init.o(.text)
    __scatterload_rt2                        0x90000765   Thumb Code     0  init.o(.text)
    __aeabi_lasr                             0x90000789   Thumb Code    36  llsshr.o(.text)
    _ll_sshift_r                             0x90000789   Thumb Code     0  llsshr.o(.text)
    _double_round                            0x900007ad   Thumb Code    30  depilogue.o(.text)
    _double_epilogue                         0x900007cb   Thumb Code   156  depilogue.o(.text)
    BusFault_Handler                         0x90000867   Thumb Code     4  stm32h7xx_it.o(i.BusFault_Handler)
    DMA2_Stream7_IRQHandler                  0x9000086b   Thumb Code     2  stm32h7xx_it.o(i.DMA2_Stream7_IRQHandler)
    DebugMon_Handler                         0x9000086d   Thumb Code     2  stm32h7xx_it.o(i.DebugMon_Handler)
    HAL_Delay                                0x9000086f   Thumb Code    12  delay.o(i.HAL_Delay)
    HAL_EnableCompensationCell               0x9000087d   Thumb Code    14  stm32h7xx_hal.o(i.HAL_EnableCompensationCell)
    HAL_GPIO_Init                            0x90000891   Thumb Code   468  stm32h7xx_hal_gpio.o(i.HAL_GPIO_Init)
    HAL_GPIO_TogglePin                       0x90000a99   Thumb Code    20  stm32h7xx_hal_gpio.o(i.HAL_GPIO_TogglePin)
    HAL_GPIO_WritePin                        0x90000aad   Thumb Code    12  stm32h7xx_hal_gpio.o(i.HAL_GPIO_WritePin)
    HAL_GetTick                              0x90000ab9   Thumb Code     6  stm32h7xx_hal.o(i.HAL_GetTick)
    HAL_IncTick                              0x90000ac5   Thumb Code    16  stm32h7xx_hal.o(i.HAL_IncTick)
    HAL_Init                                 0x90000add   Thumb Code    80  stm32h7xx_hal.o(i.HAL_Init)
    HAL_InitTick                             0x90000b3d   Thumb Code    74  stm32h7xx_hal.o(i.HAL_InitTick)
    HAL_MspInit                              0x90000b95   Thumb Code     2  stm32h7xx_hal.o(i.HAL_MspInit)
    HAL_NVIC_SetPriority                     0x90000b97   Thumb Code   122  stm32h7xx_hal_cortex.o(i.HAL_NVIC_SetPriority)
    HAL_NVIC_SetPriorityGrouping             0x90000c11   Thumb Code    32  stm32h7xx_hal_cortex.o(i.HAL_NVIC_SetPriorityGrouping)
    HAL_PWREx_EnableUSBVoltageDetector       0x90000c39   Thumb Code    14  stm32h7xx_hal_pwr_ex.o(i.HAL_PWREx_EnableUSBVoltageDetector)
    HAL_RCCEx_GetD3PCLK1Freq                 0x90000c4d   Thumb Code    26  stm32h7xx_hal_rcc_ex.o(i.HAL_RCCEx_GetD3PCLK1Freq)
    HAL_RCCEx_GetPLL1ClockFreq               0x90000c71   Thumb Code   536  stm32h7xx_hal_rcc_ex.o(i.HAL_RCCEx_GetPLL1ClockFreq)
    HAL_RCCEx_GetPLL2ClockFreq               0x90000ea1   Thumb Code   536  stm32h7xx_hal_rcc_ex.o(i.HAL_RCCEx_GetPLL2ClockFreq)
    HAL_RCCEx_GetPLL3ClockFreq               0x900010d1   Thumb Code   536  stm32h7xx_hal_rcc_ex.o(i.HAL_RCCEx_GetPLL3ClockFreq)
    HAL_RCCEx_GetPeriphCLKFreq               0x90001301   Thumb Code  1604  stm32h7xx_hal_rcc_ex.o(i.HAL_RCCEx_GetPeriphCLKFreq)
    HAL_RCCEx_PeriphCLKConfig                0x90001959   Thumb Code  2784  stm32h7xx_hal_rcc_ex.o(i.HAL_RCCEx_PeriphCLKConfig)
    HAL_RCC_ClockConfig                      0x9000243d   Thumb Code   774  stm32h7xx_hal_rcc.o(i.HAL_RCC_ClockConfig)
    HAL_RCC_GetHCLKFreq                      0x9000275d   Thumb Code    60  stm32h7xx_hal_rcc.o(i.HAL_RCC_GetHCLKFreq)
    HAL_RCC_GetPCLK1Freq                     0x900027a9   Thumb Code    26  stm32h7xx_hal_rcc.o(i.HAL_RCC_GetPCLK1Freq)
    HAL_RCC_GetPCLK2Freq                     0x900027cd   Thumb Code    26  stm32h7xx_hal_rcc.o(i.HAL_RCC_GetPCLK2Freq)
    HAL_RCC_GetSysClockFreq                  0x900027f1   Thumb Code   524  stm32h7xx_hal_rcc.o(i.HAL_RCC_GetSysClockFreq)
    HAL_RCC_OscConfig                        0x90002a1d   Thumb Code  1874  stm32h7xx_hal_rcc.o(i.HAL_RCC_OscConfig)
    HAL_SD_ConfigWideBusOperation            0x90003179   Thumb Code   370  stm32h7xx_hal_sd.o(i.HAL_SD_ConfigWideBusOperation)
    HAL_SD_GetCardCSD                        0x900032f9   Thumb Code   450  stm32h7xx_hal_sd.o(i.HAL_SD_GetCardCSD)
    HAL_SD_GetCardInfo                       0x900034c1   Thumb Code    38  stm32h7xx_hal_sd.o(i.HAL_SD_GetCardInfo)
    HAL_SD_GetCardState                      0x900034e7   Thumb Code    36  stm32h7xx_hal_sd.o(i.HAL_SD_GetCardState)
    HAL_SD_GetCardStatus                     0x9000350d   Thumb Code   216  stm32h7xx_hal_sd.o(i.HAL_SD_GetCardStatus)
    HAL_SD_Init                              0x900035e9   Thumb Code   178  stm32h7xx_hal_sd.o(i.HAL_SD_Init)
    HAL_SD_InitCard                          0x9000369d   Thumb Code   188  stm32h7xx_hal_sd.o(i.HAL_SD_InitCard)
    HAL_SD_MspInit                           0x90003765   Thumb Code   348  sdmmc_sdcard.o(i.HAL_SD_MspInit)
    HAL_SD_ReadBlocks                        0x900038cd   Thumb Code   560  stm32h7xx_hal_sd.o(i.HAL_SD_ReadBlocks)
    HAL_SD_WriteBlocks                       0x90003b05   Thumb Code   570  stm32h7xx_hal_sd.o(i.HAL_SD_WriteBlocks)
    HAL_SPI_Init                             0x90003d49   Thumb Code   366  stm32h7xx_hal_spi.o(i.HAL_SPI_Init)
    HAL_SPI_MspInit                          0x90003ec5   Thumb Code   218  lcd_spi_200.o(i.HAL_SPI_MspInit)
    HAL_SPI_Transmit                         0x90003fb1   Thumb Code   694  stm32h7xx_hal_spi.o(i.HAL_SPI_Transmit)
    HAL_SYSTICK_CLKSourceConfig              0x90004267   Thumb Code    40  stm32h7xx_hal_cortex.o(i.HAL_SYSTICK_CLKSourceConfig)
    HAL_SYSTICK_Config                       0x9000428f   Thumb Code    52  stm32h7xx_hal_cortex.o(i.HAL_SYSTICK_Config)
    HAL_UARTEx_RxEventCallback               0x900042c3   Thumb Code     2  stm32h7xx_hal_uart.o(i.HAL_UARTEx_RxEventCallback)
    HAL_UART_ErrorCallback                   0x900042c5   Thumb Code     2  stm32h7xx_hal_uart.o(i.HAL_UART_ErrorCallback)
    HAL_UART_Init                            0x900042c7   Thumb Code   120  stm32h7xx_hal_uart.o(i.HAL_UART_Init)
    HAL_UART_MspInit                         0x90004341   Thumb Code   164  usart.o(i.HAL_UART_MspInit)
    HAL_UART_Receive_IT                      0x900043f1   Thumb Code    96  stm32h7xx_hal_uart.o(i.HAL_UART_Receive_IT)
    HAL_UART_RxCpltCallback                  0x90004455   Thumb Code   120  usart.o(i.HAL_UART_RxCpltCallback)
    HardFault_Handler                        0x900044dd   Thumb Code     4  stm32h7xx_it.o(i.HardFault_Handler)
    LCD_Clear                                0x900044e1   Thumb Code    82  lcd_spi_200.o(i.LCD_Clear)
    LCD_DisplayChar                          0x90004541   Thumb Code   202  lcd_spi_200.o(i.LCD_DisplayChar)
    LCD_DisplayNumber                        0x90004619   Thumb Code    58  lcd_spi_200.o(i.LCD_DisplayNumber)
    LCD_DisplayString                        0x90004665   Thumb Code    48  lcd_spi_200.o(i.LCD_DisplayString)
    LCD_SPI_Transmit                         0x9000469d   Thumb Code   390  lcd_spi_200.o(i.LCD_SPI_Transmit)
    LCD_SetAddress                           0x90004825   Thumb Code    82  lcd_spi_200.o(i.LCD_SetAddress)
    LCD_SetAsciiFont                         0x9000487d   Thumb Code     6  lcd_spi_200.o(i.LCD_SetAsciiFont)
    LCD_SetBackColor                         0x90004889   Thumb Code    36  lcd_spi_200.o(i.LCD_SetBackColor)
    LCD_SetColor                             0x900048b1   Thumb Code    36  lcd_spi_200.o(i.LCD_SetColor)
    LCD_SetDirection                         0x900048d9   Thumb Code   150  lcd_spi_200.o(i.LCD_SetDirection)
    LCD_ShowNumMode                          0x90004975   Thumb Code     6  lcd_spi_200.o(i.LCD_ShowNumMode)
    LCD_WriteBuff                            0x90004981   Thumb Code    52  lcd_spi_200.o(i.LCD_WriteBuff)
    LCD_WriteCommand                         0x900049bd   Thumb Code    30  lcd_spi_200.o(i.LCD_WriteCommand)
    LCD_WriteData_16bit                      0x900049e5   Thumb Code    42  lcd_spi_200.o(i.LCD_WriteData_16bit)
    LCD_WriteData_8bit                       0x90004a19   Thumb Code    28  lcd_spi_200.o(i.LCD_WriteData_8bit)
    LED_Init                                 0x90004a3d   Thumb Code    80  led.o(i.LED_Init)
    MX_SPI4_Init                             0x90004a95   Thumb Code    80  lcd_spi_200.o(i.MX_SPI4_Init)
    MY_SPI_CloseTransfer                     0x90004aed   Thumb Code   214  lcd_spi_200.o(i.MY_SPI_CloseTransfer)
    MY_SPI_WaitOnFlagUntilTimeout            0x90004bc3   Thumb Code    64  lcd_spi_200.o(i.MY_SPI_WaitOnFlagUntilTimeout)
    MemManage_Handler                        0x90004c05   Thumb Code    98  mpu.o(i.MemManage_Handler)
    NMI_Handler                              0x90004ca1   Thumb Code     4  stm32h7xx_it.o(i.NMI_Handler)
    PendSV_Handler                           0x90004ca5   Thumb Code     2  stm32h7xx_it.o(i.PendSV_Handler)
    SDMMC_CmdAppCommand                      0x90004f71   Thumb Code    58  stm32h7xx_ll_sdmmc.o(i.SDMMC_CmdAppCommand)
    SDMMC_CmdAppOperCommand                  0x90004fab   Thumb Code    52  stm32h7xx_ll_sdmmc.o(i.SDMMC_CmdAppOperCommand)
    SDMMC_CmdBlockLength                     0x90004fdf   Thumb Code    56  stm32h7xx_ll_sdmmc.o(i.SDMMC_CmdBlockLength)
    SDMMC_CmdBusWidth                        0x90005017   Thumb Code    58  stm32h7xx_ll_sdmmc.o(i.SDMMC_CmdBusWidth)
    SDMMC_CmdGoIdleState                     0x90005051   Thumb Code    44  stm32h7xx_ll_sdmmc.o(i.SDMMC_CmdGoIdleState)
    SDMMC_CmdOperCond                        0x9000507d   Thumb Code    52  stm32h7xx_ll_sdmmc.o(i.SDMMC_CmdOperCond)
    SDMMC_CmdReadMultiBlock                  0x900050b1   Thumb Code    58  stm32h7xx_ll_sdmmc.o(i.SDMMC_CmdReadMultiBlock)
    SDMMC_CmdReadSingleBlock                 0x900050eb   Thumb Code    58  stm32h7xx_ll_sdmmc.o(i.SDMMC_CmdReadSingleBlock)
    SDMMC_CmdSelDesel                        0x90005125   Thumb Code    58  stm32h7xx_ll_sdmmc.o(i.SDMMC_CmdSelDesel)
    SDMMC_CmdSendCID                         0x9000515f   Thumb Code    52  stm32h7xx_ll_sdmmc.o(i.SDMMC_CmdSendCID)
    SDMMC_CmdSendCSD                         0x90005193   Thumb Code    52  stm32h7xx_ll_sdmmc.o(i.SDMMC_CmdSendCSD)
    SDMMC_CmdSendSCR                         0x900051c7   Thumb Code    58  stm32h7xx_ll_sdmmc.o(i.SDMMC_CmdSendSCR)
    SDMMC_CmdSendStatus                      0x90005201   Thumb Code    58  stm32h7xx_ll_sdmmc.o(i.SDMMC_CmdSendStatus)
    SDMMC_CmdSetRelAdd                       0x9000523b   Thumb Code    58  stm32h7xx_ll_sdmmc.o(i.SDMMC_CmdSetRelAdd)
    SDMMC_CmdStatusRegister                  0x90005275   Thumb Code    58  stm32h7xx_ll_sdmmc.o(i.SDMMC_CmdStatusRegister)
    SDMMC_CmdStopTransfer                    0x900052b1   Thumb Code    88  stm32h7xx_ll_sdmmc.o(i.SDMMC_CmdStopTransfer)
    SDMMC_CmdWriteMultiBlock                 0x9000530d   Thumb Code    58  stm32h7xx_ll_sdmmc.o(i.SDMMC_CmdWriteMultiBlock)
    SDMMC_CmdWriteSingleBlock                0x90005347   Thumb Code    58  stm32h7xx_ll_sdmmc.o(i.SDMMC_CmdWriteSingleBlock)
    SDMMC_ConfigData                         0x90005381   Thumb Code    44  stm32h7xx_ll_sdmmc.o(i.SDMMC_ConfigData)
    SDMMC_GetCmdResp1                        0x900053f1   Thumb Code   420  stm32h7xx_ll_sdmmc.o(i.SDMMC_GetCmdResp1)
    SDMMC_GetCmdResp2                        0x900055a1   Thumb Code    96  stm32h7xx_ll_sdmmc.o(i.SDMMC_GetCmdResp2)
    SDMMC_GetCmdResp3                        0x90005609   Thumb Code    82  stm32h7xx_ll_sdmmc.o(i.SDMMC_GetCmdResp3)
    SDMMC_GetCmdResp6                        0x90005665   Thumb Code   180  stm32h7xx_ll_sdmmc.o(i.SDMMC_GetCmdResp6)
    SDMMC_GetCmdResp7                        0x90005721   Thumb Code   104  stm32h7xx_ll_sdmmc.o(i.SDMMC_GetCmdResp7)
    SDMMC_GetCommandResponse                 0x9000578d   Thumb Code     8  stm32h7xx_ll_sdmmc.o(i.SDMMC_GetCommandResponse)
    SDMMC_GetPowerState                      0x90005795   Thumb Code    10  stm32h7xx_ll_sdmmc.o(i.SDMMC_GetPowerState)
    SDMMC_GetResponse                        0x9000579f   Thumb Code    12  stm32h7xx_ll_sdmmc.o(i.SDMMC_GetResponse)
    SDMMC_Init                               0x900057ad   Thumb Code    46  stm32h7xx_ll_sdmmc.o(i.SDMMC_Init)
    SDMMC_PowerState_ON                      0x900057e1   Thumb Code    14  stm32h7xx_ll_sdmmc.o(i.SDMMC_PowerState_ON)
    SDMMC_ReadFIFO                           0x900057ef   Thumb Code     8  stm32h7xx_ll_sdmmc.o(i.SDMMC_ReadFIFO)
    SDMMC_SendCommand                        0x900057f9   Thumb Code    40  stm32h7xx_ll_sdmmc.o(i.SDMMC_SendCommand)
    SDMMC_WriteFIFO                          0x90005825   Thumb Code    12  stm32h7xx_ll_sdmmc.o(i.SDMMC_WriteFIFO)
    SPI_LCD_Init                             0x90005e41   Thumb Code   426  lcd_spi_200.o(i.SPI_LCD_Init)
    SVC_Handler                              0x90006039   Thumb Code     2  stm32h7xx_it.o(i.SVC_Handler)
    SysTick_Handler                          0x9000603b   Thumb Code     8  stm32h7xx_it.o(i.SysTick_Handler)
    SystemInit                               0x90006045   Thumb Code   200  system_stm32h7xx.o(i.SystemInit)
    UART_AdvFeatureConfig                    0x9000612d   Thumb Code   248  stm32h7xx_hal_uart.o(i.UART_AdvFeatureConfig)
    UART_CheckIdleState                      0x90006225   Thumb Code   118  stm32h7xx_hal_uart.o(i.UART_CheckIdleState)
    UART_SetConfig                           0x90006685   Thumb Code  1558  stm32h7xx_hal_uart.o(i.UART_SetConfig)
    UART_Start_Receive_IT                    0x90006cad   Thumb Code   256  stm32h7xx_hal_uart.o(i.UART_Start_Receive_IT)
    UART_WaitOnFlagUntilTimeout              0x90006dbd   Thumb Code   190  stm32h7xx_hal_uart.o(i.UART_WaitOnFlagUntilTimeout)
    USART1_Init                              0x90006e7d   Thumb Code    44  usart.o(i.USART1_Init)
    UsageFault_Handler                       0x90006eb5   Thumb Code     4  stm32h7xx_it.o(i.UsageFault_Handler)
    __0printf                                0x90006eb9   Thumb Code    22  printfa.o(i.__0printf)
    __1printf                                0x90006eb9   Thumb Code     0  printfa.o(i.__0printf)
    __2printf                                0x90006eb9   Thumb Code     0  printfa.o(i.__0printf)
    __c89printf                              0x90006eb9   Thumb Code     0  printfa.o(i.__0printf)
    printf                                   0x90006eb9   Thumb Code     0  printfa.o(i.__0printf)
    __0sprintf                               0x90006ed9   Thumb Code    34  printfa.o(i.__0sprintf)
    __1sprintf                               0x90006ed9   Thumb Code     0  printfa.o(i.__0sprintf)
    __2sprintf                               0x90006ed9   Thumb Code     0  printfa.o(i.__0sprintf)
    __c89sprintf                             0x90006ed9   Thumb Code     0  printfa.o(i.__0sprintf)
    sprintf                                  0x90006ed9   Thumb Code     0  printfa.o(i.__0sprintf)
    __scatterload_copy                       0x90006f39   Thumb Code    14  handlers.o(i.__scatterload_copy)
    __scatterload_null                       0x90006f47   Thumb Code     2  handlers.o(i.__scatterload_null)
    __scatterload_zeroinit                   0x90006f49   Thumb Code    14  handlers.o(i.__scatterload_zeroinit)
    delay_init                               0x9000790d   Thumb Code    16  delay.o(i.delay_init)
    delay_ms                                 0x90007921   Thumb Code    50  delay.o(i.delay_ms)
    delay_us                                 0x90007955   Thumb Code    72  delay.o(i.delay_us)
    disk_initialize                          0x900079a1   Thumb Code    40  diskio.o(i.disk_initialize)
    disk_read                                0x900079c9   Thumb Code   110  diskio.o(i.disk_read)
    disk_status                              0x90007a37   Thumb Code     6  diskio.o(i.disk_status)
    disk_write                               0x90007a3d   Thumb Code   110  diskio.o(i.disk_write)
    exfuns_get_free                          0x90007aab   Thumb Code    74  exfuns.o(i.exfuns_get_free)
    exfuns_init                              0x90007af5   Thumb Code    64  exfuns.o(i.exfuns_init)
    f_getfree                                0x90007b39   Thumb Code   348  ff.o(i.f_getfree)
    f_mount                                  0x90007c95   Thumb Code    80  ff.o(i.f_mount)
    fputc                                    0x90007d61   Thumb Code    22  usart.o(i.fputc)
    get_sd_card_state                        0x90007f61   Thumb Code    20  sdmmc_sdcard.o(i.get_sd_card_state)
    key_init                                 0x90007f79   Thumb Code   158  key.o(i.key_init)
    main                                     0x900080a9   Thumb Code   348  main.o(i.main)
    mf_free                                  0x900082ed   Thumb Code    26  fattester.o(i.mf_free)
    mf_init                                  0x9000830d   Thumb Code    58  fattester.o(i.mf_init)
    my_mem_init                              0x90008861   Thumb Code    38  malloc.o(i.my_mem_init)
    my_mem_perused                           0x90008939   Thumb Code    56  malloc.o(i.my_mem_perused)
    my_mem_set                               0x90008979   Thumb Code    20  malloc.o(i.my_mem_set)
    myfree                                   0x9000898d   Thumb Code    30  malloc.o(i.myfree)
    mymalloc                                 0x900089b1   Thumb Code    34  malloc.o(i.mymalloc)
    sd_init                                  0x900089d9   Thumb Code    56  sdmmc_sdcard.o(i.sd_init)
    sd_read_disk                             0x90008a1d   Thumb Code    80  sdmmc_sdcard.o(i.sd_read_disk)
    sd_write_disk                            0x90008a75   Thumb Code    80  sdmmc_sdcard.o(i.sd_write_disk)
    sys_cache_enable                         0x90008b19   Thumb Code   310  sys.o(i.sys_cache_enable)
    sys_intx_disable                         0x90008c59   Thumb Code     4  sys.o(i.sys_intx_disable)
    sys_intx_enable                          0x90008c5d   Thumb Code     4  sys.o(i.sys_intx_enable)
    sys_stm32_clock_init                     0x90008c61   Thumb Code   318  sys.o(i.sys_stm32_clock_init)
    UARTPrescTable                           0x90008db0   Data          24  stm32h7xx_hal_uart.o(.constdata)
    D1CorePrescTable                         0x90008dc8   Data          16  system_stm32h7xx.o(.constdata)
    Chinese_1212                             0x90008dd8   Data         480  lcd_fonts.o(.constdata)
    Chinese_1616                             0x90008fb8   Data         640  lcd_fonts.o(.constdata)
    Chinese_2020                             0x90009238   Data        1200  lcd_fonts.o(.constdata)
    Chinese_2424                             0x900096e8   Data        4680  lcd_fonts.o(.constdata)
    Chinese_3232                             0x9000a930   Data        2560  lcd_fonts.o(.constdata)
    ASCII_3216_Table                         0x9000b330   Data        6080  lcd_fonts.o(.constdata)
    ASCII_2412_Table                         0x9000caf0   Data        4560  lcd_fonts.o(.constdata)
    ASCII_2010_Table                         0x9000dcc0   Data        3800  lcd_fonts.o(.constdata)
    ASCII_1608_Table                         0x9000eb98   Data        1520  lcd_fonts.o(.constdata)
    ASCII_1206_Table                         0x9000f188   Data        1140  lcd_fonts.o(.constdata)
    memtblsize                               0x9000f5fc   Data          20  malloc.o(.constdata)
    memblksize                               0x9000f610   Data          20  malloc.o(.constdata)
    memsize                                  0x9000f624   Data          20  malloc.o(.constdata)
    Region$$Table$$Base                      0x9000f638   Number         0  anon$$obj.o(Region$$Table)
    Region$$Table$$Limit                     0x9000f658   Number         0  anon$$obj.o(Region$$Table)



==============================================================================

Memory Map of the image

  Image Entry point : 0x900002ad

  Load Region LR_ROM1 (Base: 0x90000000, Size: 0x0000f744, Max: 0x00800000, ABSOLUTE)

    Execution Region RW_IRAM1 (Exec base: 0x20000000, Load base: 0x9000f658, Size: 0x0001ff80, Max: 0x00020000, ABSOLUTE)

    Exec Addr    Load Addr    Size         Type   Attr      Idx    E Section Name        Object

    0x20000000        -       0x0001f000   Zero   RW         4949    .ARM.__AT_0x20000000  malloc.o
    0x2001f000        -       0x00000f80   Zero   RW         4950    .ARM.__AT_0x2001F000  malloc.o


    Execution Region RW_IRAM2 (Exec base: 0x24000000, Load base: 0x9000f658, Size: 0x00085100, Max: 0x00100000, ABSOLUTE)

    Exec Addr    Load Addr    Size         Type   Attr      Idx    E Section Name        Object

    0x24000000   0x9000f658   0x00000009   Data   RW           62    .data               stm32h7xx_hal.o
    0x24000009   0x9000f661   0x00000003   PAD
    0x2400000c   0x9000f664   0x00000004   Data   RW         4008    .data               delay.o
    0x24000010   0x9000f668   0x00000007   Data   RW         4060    .data               usart.o
    0x24000017   0x9000f66f   0x00000001   PAD
    0x24000018   0x9000f670   0x00000008   Data   RW         4305    .data               system_stm32h7xx.o
    0x24000020   0x9000f678   0x00000078   Data   RW         4456    .data               lcd_fonts.o
    0x24000098   0x9000f6f0   0x00000008   Data   RW         4509    .data               lcd_spi_200.o
    0x240000a0   0x9000f6f8   0x00000038   Data   RW         4957    .data               malloc.o
    0x240000d8   0x9000f730   0x0000000a   Data   RW         5154    .data               ff.o
    0x240000e2   0x9000f73a   0x00000002   PAD
    0x240000e4   0x9000f73c   0x00000008   Data   RW         5600    .data               exfuns.o
    0x240000ec        -       0x00000158   Zero   RW         4059    .bss                usart.o
    0x24000244        -       0x00000898   Zero   RW         4508    .bss                lcd_spi_200.o
    0x24000adc        -       0x000000a0   Zero   RW         4874    .bss                sdmmc_sdcard.o
    0x24000b7c   0x9000f744   0x00000004   PAD
    0x24000b80        -       0x00084000   Zero   RW         4955    .bss                malloc.o
    0x24084b80        -       0x00000180   Zero   RW         5693    .bss                fattester.o
    0x24084d00        -       0x00000400   Zero   RW            1    STACK               startup_stm32h7b0xx.o


    Execution Region ER_ROM1 (Exec base: 0x90000000, Load base: 0x90000000, Size: 0x0000f658, Max: 0x00800000, ABSOLUTE)

    Exec Addr    Load Addr    Size         Type   Attr      Idx    E Section Name        Object

    0x90000000   0x90000000   0x000002ac   Data   RO            3    RESET               startup_stm32h7b0xx.o
    0x900002ac   0x900002ac   0x00000000   Code   RO         5835  * .ARM.Collect$$$$00000000  mc_w.l(entry.o)
    0x900002ac   0x900002ac   0x00000004   Code   RO         6119    .ARM.Collect$$$$00000001  mc_w.l(entry2.o)
    0x900002b0   0x900002b0   0x00000004   Code   RO         6122    .ARM.Collect$$$$00000004  mc_w.l(entry5.o)
    0x900002b4   0x900002b4   0x00000000   Code   RO         6124    .ARM.Collect$$$$00000008  mc_w.l(entry7b.o)
    0x900002b4   0x900002b4   0x00000000   Code   RO         6126    .ARM.Collect$$$$0000000A  mc_w.l(entry8b.o)
    0x900002b4   0x900002b4   0x00000008   Code   RO         6127    .ARM.Collect$$$$0000000B  mc_w.l(entry9a.o)
    0x900002bc   0x900002bc   0x00000004   Code   RO         6134    .ARM.Collect$$$$0000000E  mc_w.l(entry12b.o)
    0x900002c0   0x900002c0   0x00000000   Code   RO         6129    .ARM.Collect$$$$0000000F  mc_w.l(entry10a.o)
    0x900002c0   0x900002c0   0x00000000   Code   RO         6131    .ARM.Collect$$$$00000011  mc_w.l(entry11a.o)
    0x900002c0   0x900002c0   0x00000004   Code   RO         6120    .ARM.Collect$$$$00002712  mc_w.l(entry2.o)
    0x900002c4   0x900002c4   0x00000024   Code   RO            4    .text               startup_stm32h7b0xx.o
    0x900002e8   0x900002e8   0x00000062   Code   RO         5838    .text               mc_w.l(uldiv.o)
    0x9000034a   0x9000034a   0x00000024   Code   RO         5842    .text               mc_w.l(memseta.o)
    0x9000036e   0x9000036e   0x0000001a   Code   RO         5852    .text               mc_w.l(memcmp.o)
    0x90000388   0x90000388   0x0000002c   Code   RO         6135    .text               mc_w.l(uidiv.o)
    0x900003b4   0x900003b4   0x0000001e   Code   RO         6137    .text               mc_w.l(llshl.o)
    0x900003d2   0x900003d2   0x00000020   Code   RO         6139    .text               mc_w.l(llushr.o)
    0x900003f2   0x900003f2   0x00000000   Code   RO         6141    .text               mc_w.l(iusefp.o)
    0x900003f2   0x900003f2   0x0000014e   Code   RO         6142    .text               mf_w.l(dadd.o)
    0x90000540   0x90000540   0x000000e4   Code   RO         6144    .text               mf_w.l(dmul.o)
    0x90000624   0x90000624   0x000000de   Code   RO         6146    .text               mf_w.l(ddiv.o)
    0x90000702   0x90000702   0x00000030   Code   RO         6148    .text               mf_w.l(dfixul.o)
    0x90000732   0x90000732   0x00000002   PAD
    0x90000734   0x90000734   0x00000030   Code   RO         6150    .text               mf_w.l(cdrcmple.o)
    0x90000764   0x90000764   0x00000024   Code   RO         6152    .text               mc_w.l(init.o)
    0x90000788   0x90000788   0x00000024   Code   RO         6154    .text               mc_w.l(llsshr.o)
    0x900007ac   0x900007ac   0x000000ba   Code   RO         6156    .text               mf_w.l(depilogue.o)
    0x90000866   0x90000866   0x00000004   Code   RO         4230    i.BusFault_Handler  stm32h7xx_it.o
    0x9000086a   0x9000086a   0x00000002   Code   RO         4232    i.DMA2_Stream7_IRQHandler  stm32h7xx_it.o
    0x9000086c   0x9000086c   0x00000002   Code   RO         4233    i.DebugMon_Handler  stm32h7xx_it.o
    0x9000086e   0x9000086e   0x0000000c   Code   RO         4004    i.HAL_Delay         delay.o
    0x9000087a   0x9000087a   0x00000002   PAD
    0x9000087c   0x9000087c   0x00000014   Code   RO           29    i.HAL_EnableCompensationCell  stm32h7xx_hal.o
    0x90000890   0x90000890   0x00000208   Code   RO          732    i.HAL_GPIO_Init     stm32h7xx_hal_gpio.o
    0x90000a98   0x90000a98   0x00000014   Code   RO          735    i.HAL_GPIO_TogglePin  stm32h7xx_hal_gpio.o
    0x90000aac   0x90000aac   0x0000000c   Code   RO          736    i.HAL_GPIO_WritePin  stm32h7xx_hal_gpio.o
    0x90000ab8   0x90000ab8   0x0000000c   Code   RO           36    i.HAL_GetTick       stm32h7xx_hal.o
    0x90000ac4   0x90000ac4   0x00000018   Code   RO           42    i.HAL_IncTick       stm32h7xx_hal.o
    0x90000adc   0x90000adc   0x00000060   Code   RO           43    i.HAL_Init          stm32h7xx_hal.o
    0x90000b3c   0x90000b3c   0x00000058   Code   RO           44    i.HAL_InitTick      stm32h7xx_hal.o
    0x90000b94   0x90000b94   0x00000002   Code   RO           46    i.HAL_MspInit       stm32h7xx_hal.o
    0x90000b96   0x90000b96   0x0000007a   Code   RO          475    i.HAL_NVIC_SetPriority  stm32h7xx_hal_cortex.o
    0x90000c10   0x90000c10   0x00000028   Code   RO          476    i.HAL_NVIC_SetPriorityGrouping  stm32h7xx_hal_cortex.o
    0x90000c38   0x90000c38   0x00000014   Code   RO          941    i.HAL_PWREx_EnableUSBVoltageDetector  stm32h7xx_hal_pwr_ex.o
    0x90000c4c   0x90000c4c   0x00000024   Code   RO         1325    i.HAL_RCCEx_GetD3PCLK1Freq  stm32h7xx_hal_rcc_ex.o
    0x90000c70   0x90000c70   0x00000230   Code   RO         1326    i.HAL_RCCEx_GetPLL1ClockFreq  stm32h7xx_hal_rcc_ex.o
    0x90000ea0   0x90000ea0   0x00000230   Code   RO         1327    i.HAL_RCCEx_GetPLL2ClockFreq  stm32h7xx_hal_rcc_ex.o
    0x900010d0   0x900010d0   0x00000230   Code   RO         1328    i.HAL_RCCEx_GetPLL3ClockFreq  stm32h7xx_hal_rcc_ex.o
    0x90001300   0x90001300   0x00000658   Code   RO         1330    i.HAL_RCCEx_GetPeriphCLKFreq  stm32h7xx_hal_rcc_ex.o
    0x90001958   0x90001958   0x00000ae4   Code   RO         1334    i.HAL_RCCEx_PeriphCLKConfig  stm32h7xx_hal_rcc_ex.o
    0x9000243c   0x9000243c   0x00000320   Code   RO         1210    i.HAL_RCC_ClockConfig  stm32h7xx_hal_rcc.o
    0x9000275c   0x9000275c   0x0000004c   Code   RO         1215    i.HAL_RCC_GetHCLKFreq  stm32h7xx_hal_rcc.o
    0x900027a8   0x900027a8   0x00000024   Code   RO         1217    i.HAL_RCC_GetPCLK1Freq  stm32h7xx_hal_rcc.o
    0x900027cc   0x900027cc   0x00000024   Code   RO         1218    i.HAL_RCC_GetPCLK2Freq  stm32h7xx_hal_rcc.o
    0x900027f0   0x900027f0   0x0000022c   Code   RO         1219    i.HAL_RCC_GetSysClockFreq  stm32h7xx_hal_rcc.o
    0x90002a1c   0x90002a1c   0x0000075c   Code   RO         1222    i.HAL_RCC_OscConfig  stm32h7xx_hal_rcc.o
    0x90003178   0x90003178   0x00000180   Code   RO         3252    i.HAL_SD_ConfigWideBusOperation  stm32h7xx_hal_sd.o
    0x900032f8   0x900032f8   0x000001c8   Code   RO         3257    i.HAL_SD_GetCardCSD  stm32h7xx_hal_sd.o
    0x900034c0   0x900034c0   0x00000026   Code   RO         3258    i.HAL_SD_GetCardInfo  stm32h7xx_hal_sd.o
    0x900034e6   0x900034e6   0x00000024   Code   RO         3259    i.HAL_SD_GetCardState  stm32h7xx_hal_sd.o
    0x9000350a   0x9000350a   0x00000002   PAD
    0x9000350c   0x9000350c   0x000000dc   Code   RO         3260    i.HAL_SD_GetCardStatus  stm32h7xx_hal_sd.o
    0x900035e8   0x900035e8   0x000000b2   Code   RO         3264    i.HAL_SD_Init       stm32h7xx_hal_sd.o
    0x9000369a   0x9000369a   0x00000002   PAD
    0x9000369c   0x9000369c   0x000000c8   Code   RO         3265    i.HAL_SD_InitCard   stm32h7xx_hal_sd.o
    0x90003764   0x90003764   0x00000168   Code   RO         4868    i.HAL_SD_MspInit    sdmmc_sdcard.o
    0x900038cc   0x900038cc   0x00000238   Code   RO         3268    i.HAL_SD_ReadBlocks  stm32h7xx_hal_sd.o
    0x90003b04   0x90003b04   0x00000244   Code   RO         3273    i.HAL_SD_WriteBlocks  stm32h7xx_hal_sd.o
    0x90003d48   0x90003d48   0x0000017c   Code   RO         2411    i.HAL_SPI_Init      stm32h7xx_hal_spi.o
    0x90003ec4   0x90003ec4   0x000000ec   Code   RO         4471    i.HAL_SPI_MspInit   lcd_spi_200.o
    0x90003fb0   0x90003fb0   0x000002b6   Code   RO         2419    i.HAL_SPI_Transmit  stm32h7xx_hal_spi.o
    0x90004266   0x90004266   0x00000028   Code   RO          478    i.HAL_SYSTICK_CLKSourceConfig  stm32h7xx_hal_cortex.o
    0x9000428e   0x9000428e   0x00000034   Code   RO          480    i.HAL_SYSTICK_Config  stm32h7xx_hal_cortex.o
    0x900042c2   0x900042c2   0x00000002   Code   RO         1498    i.HAL_UARTEx_RxEventCallback  stm32h7xx_hal_uart.o
    0x900042c4   0x900042c4   0x00000002   Code   RO         1514    i.HAL_UART_ErrorCallback  stm32h7xx_hal_uart.o
    0x900042c6   0x900042c6   0x00000078   Code   RO         1518    i.HAL_UART_Init     stm32h7xx_hal_uart.o
    0x9000433e   0x9000433e   0x00000002   PAD
    0x90004340   0x90004340   0x000000b0   Code   RO         4051    i.HAL_UART_MspInit  usart.o
    0x900043f0   0x900043f0   0x00000064   Code   RO         1523    i.HAL_UART_Receive_IT  stm32h7xx_hal_uart.o
    0x90004454   0x90004454   0x00000088   Code   RO         4052    i.HAL_UART_RxCpltCallback  usart.o
    0x900044dc   0x900044dc   0x00000004   Code   RO         4234    i.HardFault_Handler  stm32h7xx_it.o
    0x900044e0   0x900044e0   0x00000060   Code   RO         4472    i.LCD_Clear         lcd_spi_200.o
    0x90004540   0x90004540   0x000000d8   Code   RO         4475    i.LCD_DisplayChar   lcd_spi_200.o
    0x90004618   0x90004618   0x0000004c   Code   RO         4478    i.LCD_DisplayNumber  lcd_spi_200.o
    0x90004664   0x90004664   0x00000038   Code   RO         4479    i.LCD_DisplayString  lcd_spi_200.o
    0x9000469c   0x9000469c   0x00000186   Code   RO         4491    i.LCD_SPI_Transmit  lcd_spi_200.o
    0x90004822   0x90004822   0x00000002   PAD
    0x90004824   0x90004824   0x00000058   Code   RO         4493    i.LCD_SetAddress    lcd_spi_200.o
    0x9000487c   0x9000487c   0x0000000c   Code   RO         4494    i.LCD_SetAsciiFont  lcd_spi_200.o
    0x90004888   0x90004888   0x00000028   Code   RO         4495    i.LCD_SetBackColor  lcd_spi_200.o
    0x900048b0   0x900048b0   0x00000028   Code   RO         4496    i.LCD_SetColor      lcd_spi_200.o
    0x900048d8   0x900048d8   0x0000009c   Code   RO         4497    i.LCD_SetDirection  lcd_spi_200.o
    0x90004974   0x90004974   0x0000000c   Code   RO         4499    i.LCD_ShowNumMode   lcd_spi_200.o
    0x90004980   0x90004980   0x0000003c   Code   RO         4500    i.LCD_WriteBuff     lcd_spi_200.o
    0x900049bc   0x900049bc   0x00000028   Code   RO         4501    i.LCD_WriteCommand  lcd_spi_200.o
    0x900049e4   0x900049e4   0x00000034   Code   RO         4502    i.LCD_WriteData_16bit  lcd_spi_200.o
    0x90004a18   0x90004a18   0x00000024   Code   RO         4503    i.LCD_WriteData_8bit  lcd_spi_200.o
    0x90004a3c   0x90004a3c   0x00000058   Code   RO         4379    i.LED_Init          led.o
    0x90004a94   0x90004a94   0x00000058   Code   RO         4504    i.MX_SPI4_Init      lcd_spi_200.o
    0x90004aec   0x90004aec   0x000000d6   Code   RO         4505    i.MY_SPI_CloseTransfer  lcd_spi_200.o
    0x90004bc2   0x90004bc2   0x00000040   Code   RO         4506    i.MY_SPI_WaitOnFlagUntilTimeout  lcd_spi_200.o
    0x90004c02   0x90004c02   0x00000002   PAD
    0x90004c04   0x90004c04   0x0000009c   Code   RO         4339    i.MemManage_Handler  mpu.o
    0x90004ca0   0x90004ca0   0x00000004   Code   RO         4235    i.NMI_Handler       stm32h7xx_it.o
    0x90004ca4   0x90004ca4   0x00000002   Code   RO         4236    i.PendSV_Handler    stm32h7xx_it.o
    0x90004ca6   0x90004ca6   0x00000002   PAD
    0x90004ca8   0x90004ca8   0x00000164   Code   RO         1336    i.RCCEx_PLL2_Config  stm32h7xx_hal_rcc_ex.o
    0x90004e0c   0x90004e0c   0x00000164   Code   RO         1337    i.RCCEx_PLL3_Config  stm32h7xx_hal_rcc_ex.o
    0x90004f70   0x90004f70   0x0000003a   Code   RO         3551    i.SDMMC_CmdAppCommand  stm32h7xx_ll_sdmmc.o
    0x90004faa   0x90004faa   0x00000034   Code   RO         3552    i.SDMMC_CmdAppOperCommand  stm32h7xx_ll_sdmmc.o
    0x90004fde   0x90004fde   0x00000038   Code   RO         3553    i.SDMMC_CmdBlockLength  stm32h7xx_ll_sdmmc.o
    0x90005016   0x90005016   0x0000003a   Code   RO         3554    i.SDMMC_CmdBusWidth  stm32h7xx_ll_sdmmc.o
    0x90005050   0x90005050   0x0000002c   Code   RO         3558    i.SDMMC_CmdGoIdleState  stm32h7xx_ll_sdmmc.o
    0x9000507c   0x9000507c   0x00000034   Code   RO         3560    i.SDMMC_CmdOperCond  stm32h7xx_ll_sdmmc.o
    0x900050b0   0x900050b0   0x0000003a   Code   RO         3561    i.SDMMC_CmdReadMultiBlock  stm32h7xx_ll_sdmmc.o
    0x900050ea   0x900050ea   0x0000003a   Code   RO         3562    i.SDMMC_CmdReadSingleBlock  stm32h7xx_ll_sdmmc.o
    0x90005124   0x90005124   0x0000003a   Code   RO         3565    i.SDMMC_CmdSelDesel  stm32h7xx_ll_sdmmc.o
    0x9000515e   0x9000515e   0x00000034   Code   RO         3566    i.SDMMC_CmdSendCID  stm32h7xx_ll_sdmmc.o
    0x90005192   0x90005192   0x00000034   Code   RO         3567    i.SDMMC_CmdSendCSD  stm32h7xx_ll_sdmmc.o
    0x900051c6   0x900051c6   0x0000003a   Code   RO         3569    i.SDMMC_CmdSendSCR  stm32h7xx_ll_sdmmc.o
    0x90005200   0x90005200   0x0000003a   Code   RO         3570    i.SDMMC_CmdSendStatus  stm32h7xx_ll_sdmmc.o
    0x9000523a   0x9000523a   0x0000003a   Code   RO         3571    i.SDMMC_CmdSetRelAdd  stm32h7xx_ll_sdmmc.o
    0x90005274   0x90005274   0x0000003a   Code   RO         3573    i.SDMMC_CmdStatusRegister  stm32h7xx_ll_sdmmc.o
    0x900052ae   0x900052ae   0x00000002   PAD
    0x900052b0   0x900052b0   0x0000005c   Code   RO         3574    i.SDMMC_CmdStopTransfer  stm32h7xx_ll_sdmmc.o
    0x9000530c   0x9000530c   0x0000003a   Code   RO         3577    i.SDMMC_CmdWriteMultiBlock  stm32h7xx_ll_sdmmc.o
    0x90005346   0x90005346   0x0000003a   Code   RO         3578    i.SDMMC_CmdWriteSingleBlock  stm32h7xx_ll_sdmmc.o
    0x90005380   0x90005380   0x0000002c   Code   RO         3579    i.SDMMC_ConfigData  stm32h7xx_ll_sdmmc.o
    0x900053ac   0x900053ac   0x00000044   Code   RO         3580    i.SDMMC_GetCmdError  stm32h7xx_ll_sdmmc.o
    0x900053f0   0x900053f0   0x000001b0   Code   RO         3581    i.SDMMC_GetCmdResp1  stm32h7xx_ll_sdmmc.o
    0x900055a0   0x900055a0   0x00000068   Code   RO         3582    i.SDMMC_GetCmdResp2  stm32h7xx_ll_sdmmc.o
    0x90005608   0x90005608   0x0000005c   Code   RO         3583    i.SDMMC_GetCmdResp3  stm32h7xx_ll_sdmmc.o
    0x90005664   0x90005664   0x000000bc   Code   RO         3584    i.SDMMC_GetCmdResp6  stm32h7xx_ll_sdmmc.o
    0x90005720   0x90005720   0x0000006c   Code   RO         3585    i.SDMMC_GetCmdResp7  stm32h7xx_ll_sdmmc.o
    0x9000578c   0x9000578c   0x00000008   Code   RO         3586    i.SDMMC_GetCommandResponse  stm32h7xx_ll_sdmmc.o
    0x90005794   0x90005794   0x0000000a   Code   RO         3589    i.SDMMC_GetPowerState  stm32h7xx_ll_sdmmc.o
    0x9000579e   0x9000579e   0x0000000c   Code   RO         3590    i.SDMMC_GetResponse  stm32h7xx_ll_sdmmc.o
    0x900057aa   0x900057aa   0x00000002   PAD
    0x900057ac   0x900057ac   0x00000034   Code   RO         3591    i.SDMMC_Init        stm32h7xx_ll_sdmmc.o
    0x900057e0   0x900057e0   0x0000000e   Code   RO         3594    i.SDMMC_PowerState_ON  stm32h7xx_ll_sdmmc.o
    0x900057ee   0x900057ee   0x00000008   Code   RO         3595    i.SDMMC_ReadFIFO    stm32h7xx_ll_sdmmc.o
    0x900057f6   0x900057f6   0x00000002   PAD
    0x900057f8   0x900057f8   0x0000002c   Code   RO         3596    i.SDMMC_SendCommand  stm32h7xx_ll_sdmmc.o
    0x90005824   0x90005824   0x0000000c   Code   RO         3598    i.SDMMC_WriteFIFO   stm32h7xx_ll_sdmmc.o
    0x90005830   0x90005830   0x00000140   Code   RO         3276    i.SD_FindSCR        stm32h7xx_hal_sd.o
    0x90005970   0x90005970   0x000000e8   Code   RO         3278    i.SD_InitCard       stm32h7xx_hal_sd.o
    0x90005a58   0x90005a58   0x000000c4   Code   RO         3280    i.SD_PowerON        stm32h7xx_hal_sd.o
    0x90005b1c   0x90005b1c   0x00000134   Code   RO         3282    i.SD_SendSDStatus   stm32h7xx_hal_sd.o
    0x90005c50   0x90005c50   0x00000030   Code   RO         3283    i.SD_SendStatus     stm32h7xx_hal_sd.o
    0x90005c80   0x90005c80   0x00000068   Code   RO         3284    i.SD_WideBus_Disable  stm32h7xx_hal_sd.o
    0x90005ce8   0x90005ce8   0x00000068   Code   RO         3285    i.SD_WideBus_Enable  stm32h7xx_hal_sd.o
    0x90005d50   0x90005d50   0x000000d6   Code   RO         2430    i.SPI_CloseTransfer  stm32h7xx_hal_spi.o
    0x90005e26   0x90005e26   0x0000001a   Code   RO         2441    i.SPI_GetPacketSize  stm32h7xx_hal_spi.o
    0x90005e40   0x90005e40   0x000001b8   Code   RO         4507    i.SPI_LCD_Init      lcd_spi_200.o
    0x90005ff8   0x90005ff8   0x00000040   Code   RO         2448    i.SPI_WaitOnFlagUntilTimeout  stm32h7xx_hal_spi.o
    0x90006038   0x90006038   0x00000002   Code   RO         4237    i.SVC_Handler       stm32h7xx_it.o
    0x9000603a   0x9000603a   0x00000008   Code   RO         4238    i.SysTick_Handler   stm32h7xx_it.o
    0x90006042   0x90006042   0x00000002   PAD
    0x90006044   0x90006044   0x000000e8   Code   RO         4303    i.SystemInit        system_stm32h7xx.o
    0x9000612c   0x9000612c   0x000000f8   Code   RO         1532    i.UART_AdvFeatureConfig  stm32h7xx_hal_uart.o
    0x90006224   0x90006224   0x00000076   Code   RO         1533    i.UART_CheckIdleState  stm32h7xx_hal_uart.o
    0x9000629a   0x9000629a   0x00000092   Code   RO         1547    i.UART_RxISR_16BIT  stm32h7xx_hal_uart.o
    0x9000632c   0x9000632c   0x00000164   Code   RO         1548    i.UART_RxISR_16BIT_FIFOEN  stm32h7xx_hal_uart.o
    0x90006490   0x90006490   0x0000008e   Code   RO         1549    i.UART_RxISR_8BIT   stm32h7xx_hal_uart.o
    0x9000651e   0x9000651e   0x00000002   PAD
    0x90006520   0x90006520   0x00000164   Code   RO         1550    i.UART_RxISR_8BIT_FIFOEN  stm32h7xx_hal_uart.o
    0x90006684   0x90006684   0x00000628   Code   RO         1551    i.UART_SetConfig    stm32h7xx_hal_uart.o
    0x90006cac   0x90006cac   0x00000110   Code   RO         1553    i.UART_Start_Receive_IT  stm32h7xx_hal_uart.o
    0x90006dbc   0x90006dbc   0x000000be   Code   RO         1558    i.UART_WaitOnFlagUntilTimeout  stm32h7xx_hal_uart.o
    0x90006e7a   0x90006e7a   0x00000002   PAD
    0x90006e7c   0x90006e7c   0x00000038   Code   RO         4053    i.USART1_Init       usart.o
    0x90006eb4   0x90006eb4   0x00000004   Code   RO         4239    i.UsageFault_Handler  stm32h7xx_it.o
    0x90006eb8   0x90006eb8   0x00000020   Code   RO         6091    i.__0printf         mc_w.l(printfa.o)
    0x90006ed8   0x90006ed8   0x00000028   Code   RO         6093    i.__0sprintf        mc_w.l(printfa.o)
    0x90006f00   0x90006f00   0x00000010   Code   RO          482    i.__NVIC_GetPriorityGrouping  stm32h7xx_hal_cortex.o
    0x90006f10   0x90006f10   0x00000028   Code   RO          483    i.__NVIC_SetPriority  stm32h7xx_hal_cortex.o
    0x90006f38   0x90006f38   0x0000000e   Code   RO         6160    i.__scatterload_copy  mc_w.l(handlers.o)
    0x90006f46   0x90006f46   0x00000002   Code   RO         6161    i.__scatterload_null  mc_w.l(handlers.o)
    0x90006f48   0x90006f48   0x0000000e   Code   RO         6162    i.__scatterload_zeroinit  mc_w.l(handlers.o)
    0x90006f56   0x90006f56   0x00000002   PAD
    0x90006f58   0x90006f58   0x00000184   Code   RO         6098    i._fp_digits        mc_w.l(printfa.o)
    0x900070dc   0x900070dc   0x000006b4   Code   RO         6099    i._printf_core      mc_w.l(printfa.o)
    0x90007790   0x90007790   0x00000024   Code   RO         6100    i._printf_post_padding  mc_w.l(printfa.o)
    0x900077b4   0x900077b4   0x0000002e   Code   RO         6101    i._printf_pre_padding  mc_w.l(printfa.o)
    0x900077e2   0x900077e2   0x0000000a   Code   RO         6103    i._sputc            mc_w.l(printfa.o)
    0x900077ec   0x900077ec   0x00000104   Code   RO         5073    i.check_fs          ff.o
    0x900078f0   0x900078f0   0x0000001a   Code   RO         5075    i.clst2sect         ff.o
    0x9000790a   0x9000790a   0x00000002   PAD
    0x9000790c   0x9000790c   0x00000014   Code   RO         4005    i.delay_init        delay.o
    0x90007920   0x90007920   0x00000032   Code   RO         4006    i.delay_ms          delay.o
    0x90007952   0x90007952   0x00000002   PAD
    0x90007954   0x90007954   0x0000004c   Code   RO         4007    i.delay_us          delay.o
    0x900079a0   0x900079a0   0x00000028   Code   RO         5024    i.disk_initialize   diskio.o
    0x900079c8   0x900079c8   0x0000006e   Code   RO         5026    i.disk_read         diskio.o
    0x90007a36   0x90007a36   0x00000006   Code   RO         5027    i.disk_status       diskio.o
    0x90007a3c   0x90007a3c   0x0000006e   Code   RO         5028    i.disk_write        diskio.o
    0x90007aaa   0x90007aaa   0x0000004a   Code   RO         5595    i.exfuns_get_free   exfuns.o
    0x90007af4   0x90007af4   0x00000044   Code   RO         5597    i.exfuns_init       exfuns.o
    0x90007b38   0x90007b38   0x0000015c   Code   RO         5093    i.f_getfree         ff.o
    0x90007c94   0x90007c94   0x00000054   Code   RO         5099    i.f_mount           ff.o
    0x90007ce8   0x90007ce8   0x00000078   Code   RO         5117    i.find_volume       ff.o
    0x90007d60   0x90007d60   0x0000001c   Code   RO         4058    i.fputc             usart.o
    0x90007d7c   0x90007d7c   0x00000194   Code   RO         5120    i.get_fat           ff.o
    0x90007f10   0x90007f10   0x0000004e   Code   RO         5122    i.get_ldnumber      ff.o
    0x90007f5e   0x90007f5e   0x00000002   PAD
    0x90007f60   0x90007f60   0x00000018   Code   RO         4870    i.get_sd_card_state  sdmmc_sdcard.o
    0x90007f78   0x90007f78   0x000000a8   Code   RO         4427    i.key_init          key.o
    0x90008020   0x90008020   0x00000018   Code   RO         5125    i.ld_dword          ff.o
    0x90008038   0x90008038   0x00000062   Code   RO         5126    i.ld_qword          ff.o
    0x9000809a   0x9000809a   0x0000000c   Code   RO         5127    i.ld_word           ff.o
    0x900080a6   0x900080a6   0x00000002   PAD
    0x900080a8   0x900080a8   0x00000244   Code   RO         4129    i.main              main.o
    0x900082ec   0x900082ec   0x00000020   Code   RO         5672    i.mf_free           fattester.o
    0x9000830c   0x9000830c   0x00000040   Code   RO         5675    i.mf_init           fattester.o
    0x9000834c   0x9000834c   0x00000474   Code   RO         5130    i.mount_volume      ff.o
    0x900087c0   0x900087c0   0x00000034   Code   RO         5131    i.move_window       ff.o
    0x900087f4   0x900087f4   0x0000006c   Code   RO         4939    i.my_mem_free       malloc.o
    0x90008860   0x90008860   0x00000030   Code   RO         4940    i.my_mem_init       malloc.o
    0x90008890   0x90008890   0x000000a8   Code   RO         4941    i.my_mem_malloc     malloc.o
    0x90008938   0x90008938   0x00000040   Code   RO         4942    i.my_mem_perused    malloc.o
    0x90008978   0x90008978   0x00000014   Code   RO         4943    i.my_mem_set        malloc.o
    0x9000898c   0x9000898c   0x00000024   Code   RO         4944    i.myfree            malloc.o
    0x900089b0   0x900089b0   0x00000028   Code   RO         4945    i.mymalloc          malloc.o
    0x900089d8   0x900089d8   0x00000044   Code   RO         4871    i.sd_init           sdmmc_sdcard.o
    0x90008a1c   0x90008a1c   0x00000058   Code   RO         4872    i.sd_read_disk      sdmmc_sdcard.o
    0x90008a74   0x90008a74   0x00000058   Code   RO         4873    i.sd_write_disk     sdmmc_sdcard.o
    0x90008acc   0x90008acc   0x0000004a   Code   RO         5147    i.sync_window       ff.o
    0x90008b16   0x90008b16   0x00000002   PAD
    0x90008b18   0x90008b18   0x00000140   Code   RO         3928    i.sys_cache_enable  sys.o
    0x90008c58   0x90008c58   0x00000004   Code   RO         3929    i.sys_intx_disable  sys.o
    0x90008c5c   0x90008c5c   0x00000004   Code   RO         3930    i.sys_intx_enable   sys.o
    0x90008c60   0x90008c60   0x00000150   Code   RO         3934    i.sys_stm32_clock_init  sys.o
    0x90008db0   0x90008db0   0x00000018   Data   RO         1559    .constdata          stm32h7xx_hal_uart.o
    0x90008dc8   0x90008dc8   0x00000010   Data   RO         4304    .constdata          system_stm32h7xx.o
    0x90008dd8   0x90008dd8   0x00006824   Data   RO         4455    .constdata          lcd_fonts.o
    0x9000f5fc   0x9000f5fc   0x0000003c   Data   RO         4956    .constdata          malloc.o
    0x9000f638   0x9000f638   0x00000020   Data   RO         6158    Region$$Table       anon$$obj.o



  Load Region LR$$.ARM.__AT_0x00000000 (Base: 0x00000000, Size: 0x00000000, Max: 0x0000f800, ABSOLUTE)

    Execution Region ER$$.ARM.__AT_0x00000000 (Exec base: 0x00000000, Load base: 0x00000000, Size: 0x0000f800, Max: 0x0000f800, ABSOLUTE, UNINIT)

    Exec Addr    Load Addr    Size         Type   Attr      Idx    E Section Name        Object

    0x00000000        -       0x0000f800   Zero   RW         4947    .ARM.__AT_0x00000000  malloc.o



  Load Region LR$$.ARM.__AT_0x0000F800 (Base: 0x0000f800, Size: 0x00000000, Max: 0x000007c0, ABSOLUTE)

    Execution Region ER$$.ARM.__AT_0x0000F800 (Exec base: 0x0000f800, Load base: 0x0000f800, Size: 0x000007c0, Max: 0x000007c0, ABSOLUTE, UNINIT)

    Exec Addr    Load Addr    Size         Type   Attr      Idx    E Section Name        Object

    0x0000f800        -       0x000007c0   Zero   RW         4948    .ARM.__AT_0x0000F800  malloc.o



  Load Region LR$$.ARM.__AT_0x30000000 (Base: 0x30000000, Size: 0x00000000, Max: 0x0001f000, ABSOLUTE)

    Execution Region ER$$.ARM.__AT_0x30000000 (Exec base: 0x30000000, Load base: 0x30000000, Size: 0x0001f000, Max: 0x0001f000, ABSOLUTE, UNINIT)

    Exec Addr    Load Addr    Size         Type   Attr      Idx    E Section Name        Object

    0x30000000        -       0x0001f000   Zero   RW         4951    .ARM.__AT_0x30000000  malloc.o



  Load Region LR$$.ARM.__AT_0x3001F000 (Base: 0x3001f000, Size: 0x00000000, Max: 0x00000f80, ABSOLUTE)

    Execution Region ER$$.ARM.__AT_0x3001F000 (Exec base: 0x3001f000, Load base: 0x3001f000, Size: 0x00000f80, Max: 0x00000f80, ABSOLUTE, UNINIT)

    Exec Addr    Load Addr    Size         Type   Attr      Idx    E Section Name        Object

    0x3001f000        -       0x00000f80   Zero   RW         4952    .ARM.__AT_0x3001F000  malloc.o



  Load Region LR$$.ARM.__AT_0x38000000 (Base: 0x38000000, Size: 0x00000000, Max: 0x00006000, ABSOLUTE)

    Execution Region ER$$.ARM.__AT_0x38000000 (Exec base: 0x38000000, Load base: 0x38000000, Size: 0x00006000, Max: 0x00006000, ABSOLUTE, UNINIT)

    Exec Addr    Load Addr    Size         Type   Attr      Idx    E Section Name        Object

    0x38000000        -       0x00006000   Zero   RW         4953    .ARM.__AT_0x38000000  malloc.o



  Load Region LR$$.ARM.__AT_0x38006000 (Base: 0x38006000, Size: 0x00000000, Max: 0x00000300, ABSOLUTE)

    Execution Region ER$$.ARM.__AT_0x38006000 (Exec base: 0x38006000, Load base: 0x38006000, Size: 0x00000300, Max: 0x00000300, ABSOLUTE, UNINIT)

    Exec Addr    Load Addr    Size         Type   Attr      Idx    E Section Name        Object

    0x38006000        -       0x00000300   Zero   RW         4954    .ARM.__AT_0x38006000  malloc.o


==============================================================================

Image component sizes


      Code (inc. data)   RO Data    RW Data    ZI Data      Debug   Object Name

       158          8          0          4          0       2779   delay.o
       266          0          0          0          0       4753   diskio.o
       142          4          0          8          0       2639   exfuns.o
        96         12          0          0        384       2028   fattester.o
      2720         52          0         10          0      32126   ff.o
       168         10          0          0          0       1075   key.o
         0          0      26660        120          0       2039   lcd_fonts.o
      2412        162          0          8       2200     898462   lcd_spi_200.o
        88          8          0          0          0       1003   led.o
       580        232          0          0          0       4332   main.o
       484         54         60         56     893376       7487   malloc.o
       156         58          0          0          0      36407   mpu.o
       628         44          0          0        160       4726   sdmmc_sdcard.o
        36          8        684          0       1024        896   startup_stm32h7b0xx.o
       242         50          0          9          0    1136940   stm32h7xx_hal.o
       310         22          0          0          0      40348   stm32h7xx_hal_cortex.o
       552         52          0          0          0       3221   stm32h7xx_hal_gpio.o
        20          6          0          0          0        629   stm32h7xx_hal_pwr_ex.o
      3388        108          0          0          0       7236   stm32h7xx_hal_rcc.o
      6840        196          0          0          0      10839   stm32h7xx_hal_rcc_ex.o
      3972         66          0          0          0      17039   stm32h7xx_hal_sd.o
      1378         14          0          0          0       5194   stm32h7xx_hal_spi.o
      3628        166         24          0          0      31866   stm32h7xx_hal_uart.o
        32          0          0          0          0       4680   stm32h7xx_it.o
      2234         66          0          0          0      27318   stm32h7xx_ll_sdmmc.o
       664         28          0          0          0      39362   sys.o
       232         32         16          8          0       1458   system_stm32h7xx.o
       396         46          0          7        344       4841   usart.o

    ----------------------------------------------------------------------
     31858       1504      27476        236     897492    2331723   Object Totals
         0          0         32          0          0          0   (incl. Generated)
        36          0          0          6          4          0   (incl. Padding)

    ----------------------------------------------------------------------

      Code (inc. data)   RO Data    RW Data    ZI Data      Debug   Library Member Name

         0          0          0          0          0          0   entry.o
         0          0          0          0          0          0   entry10a.o
         0          0          0          0          0          0   entry11a.o
         4          0          0          0          0          0   entry12b.o
         8          4          0          0          0          0   entry2.o
         4          0          0          0          0          0   entry5.o
         0          0          0          0          0          0   entry7b.o
         0          0          0          0          0          0   entry8b.o
         8          4          0          0          0          0   entry9a.o
        30          0          0          0          0          0   handlers.o
        36          8          0          0          0         68   init.o
         0          0          0          0          0          0   iusefp.o
        30          0          0          0          0         68   llshl.o
        36          0          0          0          0         68   llsshr.o
        32          0          0          0          0         68   llushr.o
        26          0          0          0          0         80   memcmp.o
        36          0          0          0          0        108   memseta.o
      2268         96          0          0          0        616   printfa.o
        44          0          0          0          0         80   uidiv.o
        98          0          0          0          0         92   uldiv.o
        48          0          0          0          0         68   cdrcmple.o
       334          0          0          0          0        148   dadd.o
       222          0          0          0          0        100   ddiv.o
       186          0          0          0          0        176   depilogue.o
        48          0          0          0          0         68   dfixul.o
       228          0          0          0          0         96   dmul.o

    ----------------------------------------------------------------------
      3730        112          0          0          0       1904   Library Totals
         4          0          0          0          0          0   (incl. Padding)

    ----------------------------------------------------------------------

      Code (inc. data)   RO Data    RW Data    ZI Data      Debug   Library Name

      2660        112          0          0          0       1248   mc_w.l
      1066          0          0          0          0        656   mf_w.l

    ----------------------------------------------------------------------
      3730        112          0          0          0       1904   Library Totals

    ----------------------------------------------------------------------

==============================================================================


      Code (inc. data)   RO Data    RW Data    ZI Data      Debug   

     35588       1616      27476        236     897492    2315843   Grand Totals
     35588       1616      27476        236     897492    2315843   ELF Image Totals
     35588       1616      27476        236          0          0   ROM Totals

==============================================================================

    Total RO  Size (Code + RO Data)                63064 (  61.59kB)
    Total RW  Size (RW Data + ZI Data)            897728 ( 876.69kB)
    Total ROM Size (Code + RO Data + RW Data)      63300 (  61.82kB)

==============================================================================

