<html>
<body>
<pre>
<h1>礦ision Build Log</h1>
<h2>Tool Versions:</h2>
IDE-Version: μVision V5.34.0.0
Copyright (C) 2021 ARM Ltd and ARM Germany GmbH. All rights reserved.
License Information: 1 zyl, 1, LIC=VGXG8-39HNP-8TR3P-M3TSS-XVRYC-RH1JI
 
Tool Versions:
Toolchain:       MDK-ARM Plus  Version: 5.34.0.0
Toolchain Path:  D:\MDK5\ARM\ARMCC\Bin
C Compiler:      Armcc.exe V5.06 update 7 (build 960)
Assembler:       Armasm.exe V5.06 update 7 (build 960)
Linker/Locator:  ArmLink.exe V5.06 update 7 (build 960)
Library Manager: ArmAr.exe V5.06 update 7 (build 960)
Hex Converter:   FromElf.exe V5.06 update 7 (build 960)
CPU DLL:         SARMCM3.DLL V5.34.0.0
Dialog DLL:      DCM.DLL V1.17.3.0
Target DLL:      STLink\ST-LINKIII-KEIL_SWO.dll V3.0.8.0
Dialog DLL:      TCM.DLL V1.48.0.0
 
<h2>Project:</h2>
D:\STM32H7B0VBT6_project\基于开发板的学习\基本例程\实验34 FATFS实验\HAL版本\Projects\Template.uvprojx
Project File Date:  09/08/2023

<h2>Output:</h2>
*** Using Compiler 'V5.06 update 7 (build 960)', folder: 'D:\MDK5\ARM\ARMCC\Bin'
Rebuild target 'Template'
assembling startup_stm32h7b0xx.s...
compiling stm32h7xx_hal_pwr.c...
compiling stm32h7xx_hal_gpio.c...
compiling stm32h7xx_hal.c...
compiling stm32h7xx_hal_cortex.c...
compiling stm32h7xx_hal_pwr_ex.c...
compiling stm32h7xx_hal_rcc_ex.c...
compiling stm32h7xx_hal_rcc.c...
compiling stm32h7xx_hal_dma.c...
compiling stm32h7xx_hal_uart.c...
compiling stm32h7xx_hal_usart_ex.c...
compiling stm32h7xx_hal_uart_ex.c...
compiling stm32h7xx_hal_spi.c...
compiling stm32h7xx_hal_usart.c...
compiling stm32h7xx_hal_spi_ex.c...
compiling stm32h7xx_hal_adc.c...
compiling stm32h7xx_hal_adc_ex.c...
compiling stm32h7xx_hal_sd_ex.c...
compiling stm32h7xx_it.c...
..\User\stm32h7xx_it.c(189): warning:  #223-D: function "HAL_IncTick" declared implicitly
    HAL_IncTick();
..\User\stm32h7xx_it.c: 1 warning, 0 errors
compiling stm32h7xx_hal_sd.c...
compiling stm32h7xx_ll_sdmmc.c...
compiling stm32h7xx_hal_exti.c...
compiling sys.c...
compiling delay.c...
compiling lcd_fonts.c...
compiling usart.c...
compiling main.c...
..\User\main.c(170): warning:  #177-D: variable "key"  was declared but never referenced
  	uint8_t key;
..\User\main.c(171): warning:  #177-D: variable "t"  was declared but never referenced
  	uint8_t t = 0;
..\User\main.c(172): warning:  #177-D: variable "x"  was declared but never referenced
  	uint8_t x = 0;
..\User\main.c(174): warning:  #177-D: variable "sd_size"  was declared but never referenced
      uint32_t sd_size;
..\User\main.c: 4 warnings, 0 errors
compiling mpu.c...
compiling system_stm32h7xx.c...
compiling led.c...
compiling ff.c...
compiling beep.c...
compiling ffunicode.c...
compiling key.c...
compiling lcd_spi_200.c...
compiling mcu_monitor.c...
..\BSP\Src\mcu_monitor.c(149): warning:  #940-D: missing return statement at end of non-void function "adc2_get_temperature" 
  }
..\BSP\Src\mcu_monitor.c(125): warning:  #177-D: variable "result"  was declared but never referenced
      short result;
..\BSP\Src\mcu_monitor.c: 2 warnings, 0 errors
compiling sdmmc_sdcard.c...
compiling malloc.c...
compiling diskio.c...
compiling ffsystem.c...
compiling exfuns.c...
compiling fattester.c...
linking...
Program Size: Code=35588 RO-data=27476 RW-data=236 ZI-data=897492  
FromELF: creating hex file...
"..\Output\SD_RW_Template.axf" - 0 Error(s), 7 Warning(s).

<h2>Software Packages used:</h2>

Package Vendor: Keil
                http://www.keil.com/pack/Keil.STM32H7xx_DFP.3.0.0.pack
                Keil.STM32H7xx_DFP.3.0.0
                STMicroelectronics STM32H7 Series Device Support and Examples

<h2>Collection of Component include folders:</h2>
  D:\MDK5\Keil\STM32H7xx_DFP\3.0.0\Drivers\CMSIS\Device\ST\STM32H7xx\Include

<h2>Collection of Component Files used:</h2>
Build Time Elapsed:  00:04:15
</pre>
</body>
</html>
