Component: ARM Compiler 5.06 update 7 (build 960) Tool: armlink [4d3601]

==============================================================================

Section Cross References

    startup_stm32h7b0xx.o(RESET) refers to startup_stm32h7b0xx.o(STACK) for __initial_sp
    startup_stm32h7b0xx.o(RESET) refers to startup_stm32h7b0xx.o(.text) for Reset_Handler
    startup_stm32h7b0xx.o(RESET) refers to stm32h7xx_it.o(i.NMI_Handler) for NMI_Handler
    startup_stm32h7b0xx.o(RESET) refers to stm32h7xx_it.o(i.HardFault_Handler) for HardFault_Handler
    startup_stm32h7b0xx.o(RESET) refers to mpu.o(i.MemManage_Handler) for MemManage_Handler
    startup_stm32h7b0xx.o(RESET) refers to stm32h7xx_it.o(i.BusFault_Handler) for BusFault_Handler
    startup_stm32h7b0xx.o(RESET) refers to stm32h7xx_it.o(i.UsageFault_Handler) for UsageFault_Handler
    startup_stm32h7b0xx.o(RESET) refers to stm32h7xx_it.o(i.SVC_Handler) for SVC_Handler
    startup_stm32h7b0xx.o(RESET) refers to stm32h7xx_it.o(i.DebugMon_Handler) for DebugMon_Handler
    startup_stm32h7b0xx.o(RESET) refers to stm32h7xx_it.o(i.PendSV_Handler) for PendSV_Handler
    startup_stm32h7b0xx.o(RESET) refers to stm32h7xx_it.o(i.SysTick_Handler) for SysTick_Handler
    startup_stm32h7b0xx.o(RESET) refers to stm32h7xx_it.o(i.DMA2_Stream7_IRQHandler) for DMA2_Stream7_IRQHandler
    startup_stm32h7b0xx.o(.text) refers to system_stm32h7xx.o(i.SystemInit) for SystemInit
    startup_stm32h7b0xx.o(.text) refers to entry.o(.ARM.Collect$$$$00000000) for __main
    stm32h7xx_hal.o(i.HAL_DeInit) refers to stm32h7xx_hal.o(i.HAL_MspDeInit) for HAL_MspDeInit
    stm32h7xx_hal.o(i.HAL_Delay) refers to stm32h7xx_hal.o(i.HAL_GetTick) for HAL_GetTick
    stm32h7xx_hal.o(i.HAL_Delay) refers to stm32h7xx_hal.o(.data) for uwTickFreq
    stm32h7xx_hal.o(i.HAL_GetTick) refers to stm32h7xx_hal.o(.data) for uwTick
    stm32h7xx_hal.o(i.HAL_GetTickFreq) refers to stm32h7xx_hal.o(.data) for uwTickFreq
    stm32h7xx_hal.o(i.HAL_GetTickPrio) refers to stm32h7xx_hal.o(.data) for uwTickPrio
    stm32h7xx_hal.o(i.HAL_IncTick) refers to stm32h7xx_hal.o(.data) for uwTick
    stm32h7xx_hal.o(i.HAL_Init) refers to stm32h7xx_hal_cortex.o(i.HAL_NVIC_SetPriorityGrouping) for HAL_NVIC_SetPriorityGrouping
    stm32h7xx_hal.o(i.HAL_Init) refers to stm32h7xx_hal_rcc.o(i.HAL_RCC_GetSysClockFreq) for HAL_RCC_GetSysClockFreq
    stm32h7xx_hal.o(i.HAL_Init) refers to stm32h7xx_hal.o(i.HAL_InitTick) for HAL_InitTick
    stm32h7xx_hal.o(i.HAL_Init) refers to stm32h7xx_hal.o(i.HAL_MspInit) for HAL_MspInit
    stm32h7xx_hal.o(i.HAL_Init) refers to system_stm32h7xx.o(.constdata) for D1CorePrescTable
    stm32h7xx_hal.o(i.HAL_Init) refers to system_stm32h7xx.o(.data) for SystemD2Clock
    stm32h7xx_hal.o(i.HAL_InitTick) refers to stm32h7xx_hal_cortex.o(i.HAL_SYSTICK_Config) for HAL_SYSTICK_Config
    stm32h7xx_hal.o(i.HAL_InitTick) refers to stm32h7xx_hal_cortex.o(i.HAL_NVIC_SetPriority) for HAL_NVIC_SetPriority
    stm32h7xx_hal.o(i.HAL_InitTick) refers to stm32h7xx_hal.o(.data) for uwTickFreq
    stm32h7xx_hal.o(i.HAL_InitTick) refers to system_stm32h7xx.o(.data) for SystemCoreClock
    stm32h7xx_hal.o(i.HAL_SYSCFG_EnableVREFBUF) refers to stm32h7xx_hal.o(i.HAL_GetTick) for HAL_GetTick
    stm32h7xx_hal.o(i.HAL_SetTickFreq) refers to stm32h7xx_hal.o(i.HAL_InitTick) for HAL_InitTick
    stm32h7xx_hal.o(i.HAL_SetTickFreq) refers to stm32h7xx_hal.o(.data) for uwTickFreq
    stm32h7xx_hal_cortex.o(i.HAL_NVIC_GetPriorityGrouping) refers to stm32h7xx_hal_cortex.o(i.__NVIC_GetPriorityGrouping) for __NVIC_GetPriorityGrouping
    stm32h7xx_hal_cortex.o(i.HAL_NVIC_SetPriority) refers to stm32h7xx_hal_cortex.o(i.__NVIC_GetPriorityGrouping) for __NVIC_GetPriorityGrouping
    stm32h7xx_hal_cortex.o(i.HAL_NVIC_SetPriority) refers to stm32h7xx_hal_cortex.o(i.__NVIC_SetPriority) for __NVIC_SetPriority
    stm32h7xx_hal_cortex.o(i.HAL_SYSTICK_Config) refers to stm32h7xx_hal_cortex.o(i.__NVIC_SetPriority) for __NVIC_SetPriority
    stm32h7xx_hal_cortex.o(i.HAL_SYSTICK_IRQHandler) refers to stm32h7xx_hal_cortex.o(i.HAL_SYSTICK_Callback) for HAL_SYSTICK_Callback
    stm32h7xx_hal_dma.o(i.DMA_CalcBaseAndBitshift) refers to stm32h7xx_hal_dma.o(.constdata) for flagBitshiftOffset
    stm32h7xx_hal_dma.o(i.HAL_DMA_Abort) refers to stm32h7xx_hal.o(i.HAL_GetTick) for HAL_GetTick
    stm32h7xx_hal_dma.o(i.HAL_DMA_DeInit) refers to stm32h7xx_hal_dma.o(i.DMA_CalcBaseAndBitshift) for DMA_CalcBaseAndBitshift
    stm32h7xx_hal_dma.o(i.HAL_DMA_DeInit) refers to stm32h7xx_hal_dma.o(i.DMA_CalcDMAMUXChannelBaseAndMask) for DMA_CalcDMAMUXChannelBaseAndMask
    stm32h7xx_hal_dma.o(i.HAL_DMA_DeInit) refers to stm32h7xx_hal_dma.o(i.DMA_CalcDMAMUXRequestGenBaseAndMask) for DMA_CalcDMAMUXRequestGenBaseAndMask
    stm32h7xx_hal_dma.o(i.HAL_DMA_IRQHandler) refers to system_stm32h7xx.o(.data) for SystemCoreClock
    stm32h7xx_hal_dma.o(i.HAL_DMA_Init) refers to stm32h7xx_hal.o(i.HAL_GetTick) for HAL_GetTick
[...]
    UART_RxISR_16BIT                         0x0800629b   Thumb Code   146  stm32h7xx_hal_uart.o(i.UART_RxISR_16BIT)
    i.UART_RxISR_16BIT_FIFOEN                0x0800632c   Section        0  stm32h7xx_hal_uart.o(i.UART_RxISR_16BIT_FIFOEN)
    UART_RxISR_16BIT_FIFOEN                  0x0800632d   Thumb Code   348  stm32h7xx_hal_uart.o(i.UART_RxISR_16BIT_FIFOEN)
    i.UART_RxISR_8BIT                        0x08006490   Section        0  stm32h7xx_hal_uart.o(i.UART_RxISR_8BIT)
    UART_RxISR_8BIT                          0x08006491   Thumb Code   142  stm32h7xx_hal_uart.o(i.UART_RxISR_8BIT)
    i.UART_RxISR_8BIT_FIFOEN                 0x08006520   Section        0  stm32h7xx_hal_uart.o(i.UART_RxISR_8BIT_FIFOEN)
    UART_RxISR_8BIT_FIFOEN                   0x08006521   Thumb Code   346  stm32h7xx_hal_uart.o(i.UART_RxISR_8BIT_FIFOEN)
    i.UART_SetConfig                         0x08006684   Section        0  stm32h7xx_hal_uart.o(i.UART_SetConfig)
    i.UART_Start_Receive_IT                  0x08006cac   Section        0  stm32h7xx_hal_uart.o(i.UART_Start_Receive_IT)
    i.UART_WaitOnFlagUntilTimeout            0x08006dbc   Section        0  stm32h7xx_hal_uart.o(i.UART_WaitOnFlagUntilTimeout)
    i.USART1_Init                            0x08006e7c   Section        0  usart.o(i.USART1_Init)
    i.UsageFault_Handler                     0x08006eb4   Section        0  stm32h7xx_it.o(i.UsageFault_Handler)
    i.__0printf                              0x08006eb8   Section        0  printfa.o(i.__0printf)
    i.__0sprintf                             0x08006ed8   Section        0  printfa.o(i.__0sprintf)
    i.__NVIC_GetPriorityGrouping             0x08006f00   Section        0  stm32h7xx_hal_cortex.o(i.__NVIC_GetPriorityGrouping)
    __NVIC_GetPriorityGrouping               0x08006f01   Thumb Code    10  stm32h7xx_hal_cortex.o(i.__NVIC_GetPriorityGrouping)
    i.__NVIC_SetPriority                     0x08006f10   Section        0  stm32h7xx_hal_cortex.o(i.__NVIC_SetPriority)
    __NVIC_SetPriority                       0x08006f11   Thumb Code    32  stm32h7xx_hal_cortex.o(i.__NVIC_SetPriority)
    i.__scatterload_copy                     0x08006f38   Section       14  handlers.o(i.__scatterload_copy)
    i.__scatterload_null                     0x08006f46   Section        2  handlers.o(i.__scatterload_null)
    i.__scatterload_zeroinit                 0x08006f48   Section       14  handlers.o(i.__scatterload_zeroinit)
    i._fp_digits                             0x08006f58   Section        0  printfa.o(i._fp_digits)
    _fp_digits                               0x08006f59   Thumb Code   366  printfa.o(i._fp_digits)
    i._printf_core                           0x080070dc   Section        0  printfa.o(i._printf_core)
    _printf_core                             0x080070dd   Thumb Code  1704  printfa.o(i._printf_core)
    i._printf_post_padding                   0x08007790   Section        0  printfa.o(i._printf_post_padding)
    _printf_post_padding                     0x08007791   Thumb Code    36  printfa.o(i._printf_post_padding)
    i._printf_pre_padding                    0x080077b4   Section        0  printfa.o(i._printf_pre_padding)
    _printf_pre_padding                      0x080077b5   Thumb Code    46  printfa.o(i._printf_pre_padding)
    i._sputc                                 0x080077e2   Section        0  printfa.o(i._sputc)
    _sputc                                   0x080077e3   Thumb Code    10  printfa.o(i._sputc)
    i.check_fs                               0x080077ec   Section        0  ff.o(i.check_fs)
    check_fs                                 0x080077ed   Thumb Code   236  ff.o(i.check_fs)
    i.clst2sect                              0x080078f0   Section        0  ff.o(i.clst2sect)
    clst2sect                                0x080078f1   Thumb Code    26  ff.o(i.clst2sect)
    i.delay_init                             0x0800790c   Section        0  delay.o(i.delay_init)
    i.delay_ms                               0x08007920   Section        0  delay.o(i.delay_ms)
    i.delay_us                               0x08007954   Section        0  delay.o(i.delay_us)
    i.disk_initialize                        0x080079a0   Section        0  diskio.o(i.disk_initialize)
    i.disk_read                              0x080079c8   Section        0  diskio.o(i.disk_read)
    i.disk_status                            0x08007a36   Section        0  diskio.o(i.disk_status)
    i.disk_write                             0x08007a3c   Section        0  diskio.o(i.disk_write)
    i.exfuns_get_free                        0x08007aaa   Section        0  exfuns.o(i.exfuns_get_free)
    i.exfuns_init                            0x08007af4   Section        0  exfuns.o(i.exfuns_init)
    i.f_getfree                              0x08007b38   Section        0  ff.o(i.f_getfree)
    i.f_mount                                0x08007c94   Section        0  ff.o(i.f_mount)
    i.find_volume                            0x08007ce8   Section        0  ff.o(i.find_volume)
    find_volume                              0x08007ce9   Thumb Code   120  ff.o(i.find_volume)
    i.fputc                                  0x08007d60   Section        0  usart.o(i.fputc)
    i.get_fat                                0x08007d7c   Section        0  ff.o(i.get_fat)
    get_fat                                  0x08007d7d   Thumb Code   404  ff.o(i.get_fat)
    i.get_ldnumber                           0x08007f10   Section        0  ff.o(i.get_ldnumber)
    get_ldnumber                             0x08007f11   Thumb Code    78  ff.o(i.get_ldnumber)
    i.get_sd_card_state                      0x08007f60   Section        0  sdmmc_sdcard.o(i.get_sd_card_state)
    i.key_init                               0x08007f78   Section        0  key.o(i.key_init)
    i.ld_dword                               0x08008020   Section        0  ff.o(i.ld_dword)
    ld_dword                                 0x08008021   Thumb Code    24  ff.o(i.ld_dword)
    i.ld_qword                               0x08008038   Section        0  ff.o(i.ld_qword)
    ld_qword                                 0x08008039   Thumb Code    98  ff.o(i.ld_qword)
    i.ld_word                                0x0800809a   Section        0  ff.o(i.ld_word)
    ld_word                                  0x0800809b   Thumb Code    12  ff.o(i.ld_word)
    i.main                                   0x080080a8   Section        0  main.o(i.main)
    i.mf_free                                0x080082fc   Section        0  fattester.o(i.mf_free)
    i.mf_init                                0x0800831c   Section        0  fattester.o(i.mf_init)
    i.mount_volume                           0x0800835c   Section        0  ff.o(i.mount_volume)
    mount_volume                             0x0800835d   Thumb Code  1128  ff.o(i.mount_volume)
    i.move_window                            0x080087d0   Section        0  ff.o(i.move_window)
    move_window                              0x080087d1   Thumb Code    52  ff.o(i.move_window)
    i.my_mem_free                            0x08008804   Section        0  malloc.o(i.my_mem_free)
    my_mem_free                              0x08008805   Thumb Code    96  malloc.o(i.my_mem_free)
    i.my_mem_init                            0x08008870   Section        0  malloc.o(i.my_mem_init)
    i.my_mem_malloc                          0x080088a0   Section        0  malloc.o(i.my_mem_malloc)
    my_mem_malloc                            0x080088a1   Thumb Code   156  malloc.o(i.my_mem_malloc)
    i.my_mem_perused                         0x08008948   Section        0  malloc.o(i.my_mem_perused)
    i.my_mem_set                             0x08008988   Section        0  malloc.o(i.my_mem_set)
    i.myfree                                 0x0800899c   Section        0  malloc.o(i.myfree)
    i.mymalloc                               0x080089c0   Section        0  malloc.o(i.mymalloc)
    i.sd_init                                0x080089e8   Section        0  sdmmc_sdcard.o(i.sd_init)
    i.sd_read_disk                           0x08008a2c   Section        0  sdmmc_sdcard.o(i.sd_read_disk)
    i.sd_write_disk                          0x08008a84   Section        0  sdmmc_sdcard.o(i.sd_write_disk)
    i.sync_window                            0x08008adc   Section        0  ff.o(i.sync_window)
    sync_window                              0x08008add   Thumb Code    74  ff.o(i.sync_window)
    i.sys_cache_enable                       0x08008b28   Section        0  sys.o(i.sys_cache_enable)
    i.sys_intx_disable                       0x08008c68   Section        0  sys.o(i.sys_intx_disable)
    i.sys_intx_enable                        0x08008c6c   Section        0  sys.o(i.sys_intx_enable)
    i.sys_stm32_clock_init                   0x08008c70   Section        0  sys.o(i.sys_stm32_clock_init)
    .constdata                               0x08008dc0   Section       24  stm32h7xx_hal_uart.o(.constdata)
    .constdata                               0x08008dd8   Section       16  system_stm32h7xx.o(.constdata)
    .constdata                               0x08008de8   Section    26660  lcd_fonts.o(.constdata)
    .constdata                               0x0800f60c   Section       60  malloc.o(.constdata)
    .ARM.__AT_0x20000000                     0x20000000   Section    126976  malloc.o(.ARM.__AT_0x20000000)
    mem4base                                 0x20000000   Data       126976  malloc.o(.ARM.__AT_0x20000000)
    .ARM.__AT_0x2001F000                     0x2001f000   Section     3968  malloc.o(.ARM.__AT_0x2001F000)
    mem4mapbase                              0x2001f000   Data        3968  malloc.o(.ARM.__AT_0x2001F000)
    .data                                    0x24000000   Section        9  stm32h7xx_hal.o(.data)
    .data                                    0x2400000c   Section        4  delay.o(.data)
    g_fac_us                                 0x2400000c   Data           4  delay.o(.data)
    .data                                    0x24000010   Section        7  usart.o(.data)
    .data                                    0x24000018   Section        8  system_stm32h7xx.o(.data)
    .data                                    0x24000020   Section      120  lcd_fonts.o(.data)
    .data                                    0x24000098   Section        8  lcd_spi_200.o(.data)
    LCD_AsciiFonts                           0x24000098   Data           4  lcd_spi_200.o(.data)
    LCD_CHFonts                              0x2400009c   Data           4  lcd_spi_200.o(.data)
    .data                                    0x240000a0   Section       56  malloc.o(.data)
    .data                                    0x240000d8   Section       10  ff.o(.data)
    FatFs                                    0x240000d8   Data           8  ff.o(.data)
    Fsid                                     0x240000e0   Data           2  ff.o(.data)
    .data                                    0x240000e4   Section        8  exfuns.o(.data)
    .bss                                     0x240000ec   Section      344  usart.o(.bss)
    .bss                                     0x24000244   Section     2200  lcd_spi_200.o(.bss)
    .bss                                     0x24000adc   Section      160  sdmmc_sdcard.o(.bss)
    .bss                                     0x24000b80   Section    540672  malloc.o(.bss)
    mem1base                                 0x24000b80   Data       524288  malloc.o(.bss)
    mem1mapbase                              0x24080b80   Data       16384  malloc.o(.bss)
    .bss                                     0x24084b80   Section      384  fattester.o(.bss)
    STACK                                    0x24084d00   Section     1024  startup_stm32h7b0xx.o(STACK)
    .ARM.__AT_0x30000000                     0x30000000   Section    126976  malloc.o(.ARM.__AT_0x30000000)
    mem2base                                 0x30000000   Data       126976  malloc.o(.ARM.__AT_0x30000000)
    .ARM.__AT_0x3001F000                     0x3001f000   Section     3968  malloc.o(.ARM.__AT_0x3001F000)
    mem2mapbase                              0x3001f000   Data        3968  malloc.o(.ARM.__AT_0x3001F000)
    .ARM.__AT_0x38000000                     0x38000000   Section    24576  malloc.o(.ARM.__AT_0x38000000)
    mem3base                                 0x38000000   Data       24576  malloc.o(.ARM.__AT_0x38000000)
    .ARM.__AT_0x38006000                     0x38006000   Section      768  malloc.o(.ARM.__AT_0x38006000)
    mem3mapbase                              0x38006000   Data         768  malloc.o(.ARM.__AT_0x38006000)

    Global Symbols

    Symbol Name                              Value     Ov Type        Size  Object(Section)

    BuildAttributes$$THM_ISAv4$E$P$D$K$B$S$7EM$VFPv5_D16$PE$PLD8$A:L22UL41UL21$X:L11$S22US41US21$IEEE1$IW$USESV6$~STKCKD$USESV7$~SHL$OSPACE$ROPI$EBA8$MICROLIB$REQ8$PRES8$EABIv2 0x00000000   Number         0  anon$$obj.o ABSOLUTE
    __ARM_use_no_argv                        0x00000000   Number         0  main.o ABSOLUTE
    __use_no_errno                           0x00000000   Number         0  useno.o ABSOLUTE
    __use_no_exception_handling              0x00000000   Number         0  useno.o ABSOLUTE
    __use_no_fp                              0x00000000   Number         0  useno.o ABSOLUTE
    __use_no_heap                            0x00000000   Number         0  useno.o ABSOLUTE
    __use_no_heap_region                     0x00000000   Number         0  useno.o ABSOLUTE
    __use_no_semihosting                     0x00000000   Number         0  useno.o ABSOLUTE
    __use_no_semihosting_swi                 0x00000000   Number         0  useno.o ABSOLUTE
    __use_no_signal_handling                 0x00000000   Number         0  useno.o ABSOLUTE
    _printf_a                                0x00000000   Number         0  stubs.o ABSOLUTE
    _printf_c                                0x00000000   Number         0  stubs.o ABSOLUTE
    _printf_charcount                        0x00000000   Number         0  stubs.o ABSOLUTE
    _printf_d                                0x00000000   Number         0  stubs.o ABSOLUTE
    _printf_e                                0x00000000   Number         0  stubs.o ABSOLUTE
    _printf_f                                0x00000000   Number         0  stubs.o ABSOLUTE
    _printf_flags                            0x00000000   Number         0  stubs.o ABSOLUTE
    _printf_fp_dec                           0x00000000   Number         0  stubs.o ABSOLUTE
    _printf_fp_hex                           0x00000000   Number         0  stubs.o ABSOLUTE
    _printf_g                                0x00000000   Number         0  stubs.o ABSOLUTE
    _printf_i                                0x00000000   Number         0  stubs.o ABSOLUTE
    _printf_int_dec                          0x00000000   Number         0  stubs.o ABSOLUTE
    _printf_l                                0x00000000   Number         0  stubs.o ABSOLUTE
    _printf_lc                               0x00000000   Number         0  stubs.o ABSOLUTE
    _printf_ll                               0x00000000   Number         0  stubs.o ABSOLUTE
    _printf_lld                              0x00000000   Number         0  stubs.o ABSOLUTE
    _printf_lli                              0x00000000   Number         0  stubs.o ABSOLUTE
    _printf_llo                              0x00000000   Number         0  stubs.o ABSOLUTE
    _printf_llu                              0x00000000   Number         0  stubs.o ABSOLUTE
    _printf_llx                              0x00000000   Number         0  stubs.o ABSOLUTE
    _printf_longlong_dec                     0x00000000   Number         0  stubs.o ABSOLUTE
    _printf_longlong_hex                     0x00000000   Number         0  stubs.o ABSOLUTE
    _printf_longlong_oct                     0x00000000   Number         0  stubs.o ABSOLUTE
    _printf_ls                               0x00000000   Number         0  stubs.o ABSOLUTE
    _printf_mbtowc                           0x00000000   Number         0  stubs.o ABSOLUTE
    _printf_n                                0x00000000   Number         0  stubs.o ABSOLUTE
    _printf_o                                0x00000000   Number         0  stubs.o ABSOLUTE
    _printf_p                                0x00000000   Number         0  stubs.o ABSOLUTE
    _printf_percent                          0x00000000   Number         0  stubs.o ABSOLUTE
    _printf_pre_padding                      0x00000000   Number         0  stubs.o ABSOLUTE
    _printf_return_value                     0x00000000   Number         0  stubs.o ABSOLUTE
    _printf_s                                0x00000000   Number         0  stubs.o ABSOLUTE
    _printf_sizespec                         0x00000000   Number         0  stubs.o ABSOLUTE
    _printf_str                              0x00000000   Number         0  stubs.o ABSOLUTE
    _printf_truncate_signed                  0x00000000   Number         0  stubs.o ABSOLUTE
    _printf_truncate_unsigned                0x00000000   Number         0  stubs.o ABSOLUTE
    _printf_u                                0x00000000   Number         0  stubs.o ABSOLUTE
    _printf_wc                               0x00000000   Number         0  stubs.o ABSOLUTE
    _printf_wctomb                           0x00000000   Number         0  stubs.o ABSOLUTE
    _printf_widthprec                        0x00000000   Number         0  stubs.o ABSOLUTE
    _printf_x                                0x00000000   Number         0  stubs.o ABSOLUTE
    __arm_fini_                               - Undefined Weak Reference
    __cpp_initialize__aeabi_                  - Undefined Weak Reference
    __cxa_finalize                            - Undefined Weak Reference
    __decompress                              - Undefined Weak Reference
    _clock_init                               - Undefined Weak Reference
    _microlib_exit                            - Undefined Weak Reference
    __Vectors_Size                           0x000002ac   Number         0  startup_stm32h7b0xx.o ABSOLUTE
    __Vectors                                0x08000000   Data           4  startup_stm32h7b0xx.o(RESET)
    __Vectors_End                            0x080002ac   Data           0  startup_stm32h7b0xx.o(RESET)
    __main                                   0x080002ad   Thumb Code     0  entry.o(.ARM.Collect$$$$00000000)
    _main_stk                                0x080002ad   Thumb Code     0  entry2.o(.ARM.Collect$$$$00000001)
    _main_scatterload                        0x080002b1   Thumb Code     0  entry5.o(.ARM.Collect$$$$00000004)
    __main_after_scatterload                 0x080002b5   Thumb Code     0  entry5.o(.ARM.Collect$$$$00000004)
    _main_clock                              0x080002b5   Thumb Code     0  entry7b.o(.ARM.Collect$$$$00000008)
    _main_cpp_init                           0x080002b5   Thumb Code     0  entry8b.o(.ARM.Collect$$$$0000000A)
    _main_init                               0x080002b5   Thumb Code     0  entry9a.o(.ARM.Collect$$$$0000000B)
    __rt_lib_shutdown_fini                   0x080002bd   Thumb Code     0  entry12b.o(.ARM.Collect$$$$0000000E)
    __rt_final_cpp                           0x080002c1   Thumb Code     0  entry10a.o(.ARM.Collect$$$$0000000F)
    __rt_final_exit                          0x080002c1   Thumb Code     0  entry11a.o(.ARM.Collect$$$$00000011)
    Reset_Handler                            0x080002c5   Thumb Code     8  startup_stm32h7b0xx.o(.text)
    ADC_IRQHandler                           0x080002df   Thumb Code     0  startup_stm32h7b0xx.o(.text)
    BDMA1_IRQHandler                         0x080002df   Thumb Code     0  startup_stm32h7b0xx.o(.text)
    BDMA2_Channel0_IRQHandler                0x080002df   Thumb Code     0  startup_stm32h7b0xx.o(.text)
    BDMA2_Channel1_IRQHandler                0x080002df   Thumb Code     0  startup_stm32h7b0xx.o(.text)
    BDMA2_Channel2_IRQHandler                0x080002df   Thumb Code     0  startup_stm32h7b0xx.o(.text)
    BDMA2_Channel3_IRQHandler                0x080002df   Thumb Code     0  startup_stm32h7b0xx.o(.text)
    BDMA2_Channel4_IRQHandler                0x080002df   Thumb Code     0  startup_stm32h7b0xx.o(.text)
    BDMA2_Channel5_IRQHandler                0x080002df   Thumb Code     0  startup_stm32h7b0xx.o(.text)
    BDMA2_Channel6_IRQHandler                0x080002df   Thumb Code     0  startup_stm32h7b0xx.o(.text)
    BDMA2_Channel7_IRQHandler                0x080002df   Thumb Code     0  startup_stm32h7b0xx.o(.text)
    CEC_IRQHandler                           0x080002df   Thumb Code     0  startup_stm32h7b0xx.o(.text)
    COMP_IRQHandler                          0x080002df   Thumb Code     0  startup_stm32h7b0xx.o(.text)
    CRS_IRQHandler                           0x080002df   Thumb Code     0  startup_stm32h7b0xx.o(.text)
    CRYP_IRQHandler                          0x080002df   Thumb Code     0  startup_stm32h7b0xx.o(.text)
    DAC2_IRQHandler                          0x080002df   Thumb Code     0  startup_stm32h7b0xx.o(.text)
    DCMI_PSSI_IRQHandler                     0x080002df   Thumb Code     0  startup_stm32h7b0xx.o(.text)
    DFSDM1_FLT0_IRQHandler                   0x080002df   Thumb Code     0  startup_stm32h7b0xx.o(.text)
    DFSDM1_FLT1_IRQHandler                   0x080002df   Thumb Code     0  startup_stm32h7b0xx.o(.text)
    DFSDM1_FLT2_IRQHandler                   0x080002df   Thumb Code     0  startup_stm32h7b0xx.o(.text)
    DFSDM1_FLT3_IRQHandler                   0x080002df   Thumb Code     0  startup_stm32h7b0xx.o(.text)
    DFSDM1_FLT4_IRQHandler                   0x080002df   Thumb Code     0  startup_stm32h7b0xx.o(.text)
    DFSDM1_FLT5_IRQHandler                   0x080002df   Thumb Code     0  startup_stm32h7b0xx.o(.text)
    DFSDM1_FLT6_IRQHandler                   0x080002df   Thumb Code     0  startup_stm32h7b0xx.o(.text)
    DFSDM1_FLT7_IRQHandler                   0x080002df   Thumb Code     0  startup_stm32h7b0xx.o(.text)
    DFSDM2_IRQHandler                        0x080002df   Thumb Code     0  startup_stm32h7b0xx.o(.text)
    DMA1_Stream0_IRQHandler                  0x080002df   Thumb Code     0  startup_stm32h7b0xx.o(.text)
    DMA1_Stream1_IRQHandler                  0x080002df   Thumb Code     0  startup_stm32h7b0xx.o(.text)
    DMA1_Stream2_IRQHandler                  0x080002df   Thumb Code     0  startup_stm32h7b0xx.o(.text)
    DMA1_Stream3_IRQHandler                  0x080002df   Thumb Code     0  startup_stm32h7b0xx.o(.text)
    DMA1_Stream4_IRQHandler                  0x080002df   Thumb Code     0  startup_stm32h7b0xx.o(.text)
    DMA1_Stream5_IRQHandler                  0x080002df   Thumb Code     0  startup_stm32h7b0xx.o(.text)
    DMA1_Stream6_IRQHandler                  0x080002df   Thumb Code     0  startup_stm32h7b0xx.o(.text)
    DMA1_Stream7_IRQHandler                  0x080002df   Thumb Code     0  startup_stm32h7b0xx.o(.text)
    DMA2D_IRQHandler                         0x080002df   Thumb Code     0  startup_stm32h7b0xx.o(.text)
    DMA2_Stream0_IRQHandler                  0x080002df   Thumb Code     0  startup_stm32h7b0xx.o(.text)
    DMA2_Stream1_IRQHandler                  0x080002df   Thumb Code     0  startup_stm32h7b0xx.o(.text)
    DMA2_Stream2_IRQHandler                  0x080002df   Thumb Code     0  startup_stm32h7b0xx.o(.text)
    DMA2_Stream3_IRQHandler                  0x080002df   Thumb Code     0  startup_stm32h7b0xx.o(.text)
    DMA2_Stream4_IRQHandler                  0x080002df   Thumb Code     0  startup_stm32h7b0xx.o(.text)
    DMA2_Stream5_IRQHandler                  0x080002df   Thumb Code     0  startup_stm32h7b0xx.o(.text)
    DMA2_Stream6_IRQHandler                  0x080002df   Thumb Code     0  startup_stm32h7b0xx.o(.text)
    DMAMUX1_OVR_IRQHandler                   0x080002df   Thumb Code     0  startup_stm32h7b0xx.o(.text)
    DMAMUX2_OVR_IRQHandler                   0x080002df   Thumb Code     0  startup_stm32h7b0xx.o(.text)
    DTS_IRQHandler                           0x080002df   Thumb Code     0  startup_stm32h7b0xx.o(.text)
    ECC_IRQHandler                           0x080002df   Thumb Code     0  startup_stm32h7b0xx.o(.text)
    EXTI0_IRQHandler                         0x080002df   Thumb Code     0  startup_stm32h7b0xx.o(.text)
    EXTI15_10_IRQHandler                     0x080002df   Thumb Code     0  startup_stm32h7b0xx.o(.text)
    EXTI1_IRQHandler                         0x080002df   Thumb Code     0  startup_stm32h7b0xx.o(.text)
    EXTI2_IRQHandler                         0x080002df   Thumb Code     0  startup_stm32h7b0xx.o(.text)
    EXTI3_IRQHandler                         0x080002df   Thumb Code     0  startup_stm32h7b0xx.o(.text)
    EXTI4_IRQHandler                         0x080002df   Thumb Code     0  startup_stm32h7b0xx.o(.text)
    EXTI9_5_IRQHandler                       0x080002df   Thumb Code     0  startup_stm32h7b0xx.o(.text)
    FDCAN1_IT0_IRQHandler                    0x080002df   Thumb Code     0  startup_stm32h7b0xx.o(.text)
    FDCAN1_IT1_IRQHandler                    0x080002df   Thumb Code     0  startup_stm32h7b0xx.o(.text)
    FDCAN2_IT0_IRQHandler                    0x080002df   Thumb Code     0  startup_stm32h7b0xx.o(.text)
    FDCAN2_IT1_IRQHandler                    0x080002df   Thumb Code     0  startup_stm32h7b0xx.o(.text)
    FDCAN_CAL_IRQHandler                     0x080002df   Thumb Code     0  startup_stm32h7b0xx.o(.text)
    FLASH_IRQHandler                         0x080002df   Thumb Code     0  startup_stm32h7b0xx.o(.text)
    FMC_IRQHandler                           0x080002df   Thumb Code     0  startup_stm32h7b0xx.o(.text)
    FPU_IRQHandler                           0x080002df   Thumb Code     0  startup_stm32h7b0xx.o(.text)
    GFXMMU_IRQHandler                        0x080002df   Thumb Code     0  startup_stm32h7b0xx.o(.text)
    HASH_RNG_IRQHandler                      0x080002df   Thumb Code     0  startup_stm32h7b0xx.o(.text)
    HSEM1_IRQHandler                         0x080002df   Thumb Code     0  startup_stm32h7b0xx.o(.text)
    I2C1_ER_IRQHandler                       0x080002df   Thumb Code     0  startup_stm32h7b0xx.o(.text)
    I2C1_EV_IRQHandler                       0x080002df   Thumb Code     0  startup_stm32h7b0xx.o(.text)
    I2C2_ER_IRQHandler                       0x080002df   Thumb Code     0  startup_stm32h7b0xx.o(.text)
    I2C2_EV_IRQHandler                       0x080002df   Thumb Code     0  startup_stm32h7b0xx.o(.text)
    I2C3_ER_IRQHandler                       0x080002df   Thumb Code     0  startup_stm32h7b0xx.o(.text)
    I2C3_EV_IRQHandler                       0x080002df   Thumb Code     0  startup_stm32h7b0xx.o(.text)
    I2C4_ER_IRQHandler                       0x080002df   Thumb Code     0  startup_stm32h7b0xx.o(.text)
    I2C4_EV_IRQHandler                       0x080002df   Thumb Code     0  startup_stm32h7b0xx.o(.text)
    JPEG_IRQHandler                          0x080002df   Thumb Code     0  startup_stm32h7b0xx.o(.text)
    LPTIM1_IRQHandler                        0x080002df   Thumb Code     0  startup_stm32h7b0xx.o(.text)
    LPTIM2_IRQHandler                        0x080002df   Thumb Code     0  startup_stm32h7b0xx.o(.text)
    LPTIM3_IRQHandler                        0x080002df   Thumb Code     0  startup_stm32h7b0xx.o(.text)
    LPUART1_IRQHandler                       0x080002df   Thumb Code     0  startup_stm32h7b0xx.o(.text)
    LTDC_ER_IRQHandler                       0x080002df   Thumb Code     0  startup_stm32h7b0xx.o(.text)
    LTDC_IRQHandler                          0x080002df   Thumb Code     0  startup_stm32h7b0xx.o(.text)
    MDIOS_IRQHandler                         0x080002df   Thumb Code     0  startup_stm32h7b0xx.o(.text)
    MDIOS_WKUP_IRQHandler                    0x080002df   Thumb Code     0  startup_stm32h7b0xx.o(.text)
    MDMA_IRQHandler                          0x080002df   Thumb Code     0  startup_stm32h7b0xx.o(.text)
    OCTOSPI1_IRQHandler                      0x080002df   Thumb Code     0  startup_stm32h7b0xx.o(.text)
    OCTOSPI2_IRQHandler                      0x080002df   Thumb Code     0  startup_stm32h7b0xx.o(.text)
    OTFDEC1_IRQHandler                       0x080002df   Thumb Code     0  startup_stm32h7b0xx.o(.text)
    OTFDEC2_IRQHandler                       0x080002df   Thumb Code     0  startup_stm32h7b0xx.o(.text)
    OTG_HS_EP1_IN_IRQHandler                 0x080002df   Thumb Code     0  startup_stm32h7b0xx.o(.text)
    OTG_HS_EP1_OUT_IRQHandler                0x080002df   Thumb Code     0  startup_stm32h7b0xx.o(.text)
    OTG_HS_IRQHandler                        0x080002df   Thumb Code     0  startup_stm32h7b0xx.o(.text)
    OTG_HS_WKUP_IRQHandler                   0x080002df   Thumb Code     0  startup_stm32h7b0xx.o(.text)
    PVD_PVM_IRQHandler                       0x080002df   Thumb Code     0  startup_stm32h7b0xx.o(.text)
    RCC_IRQHandler                           0x080002df   Thumb Code     0  startup_stm32h7b0xx.o(.text)
    RTC_Alarm_IRQHandler                     0x080002df   Thumb Code     0  startup_stm32h7b0xx.o(.text)
    RTC_TAMP_STAMP_CSS_LSE_IRQHandler        0x080002df   Thumb Code     0  startup_stm32h7b0xx.o(.text)
    RTC_WKUP_IRQHandler                      0x080002df   Thumb Code     0  startup_stm32h7b0xx.o(.text)
    SAI1_IRQHandler                          0x080002df   Thumb Code     0  startup_stm32h7b0xx.o(.text)
    SAI2_IRQHandler                          0x080002df   Thumb Code     0  startup_stm32h7b0xx.o(.text)
    SDMMC1_IRQHandler                        0x080002df   Thumb Code     0  startup_stm32h7b0xx.o(.text)
    SDMMC2_IRQHandler                        0x080002df   Thumb Code     0  startup_stm32h7b0xx.o(.text)
    SPDIF_RX_IRQHandler                      0x080002df   Thumb Code     0  startup_stm32h7b0xx.o(.text)
    SPI1_IRQHandler                          0x080002df   Thumb Code     0  startup_stm32h7b0xx.o(.text)
    SPI2_IRQHandler                          0x080002df   Thumb Code     0  startup_stm32h7b0xx.o(.text)
    SPI3_IRQHandler                          0x080002df   Thumb Code     0  startup_stm32h7b0xx.o(.text)
    SPI4_IRQHandler                          0x080002df   Thumb Code     0  startup_stm32h7b0xx.o(.text)
    SPI5_IRQHandler                          0x080002df   Thumb Code     0  startup_stm32h7b0xx.o(.text)
    SPI6_IRQHandler                          0x080002df   Thumb Code     0  startup_stm32h7b0xx.o(.text)
    SWPMI1_IRQHandler                        0x080002df   Thumb Code     0  startup_stm32h7b0xx.o(.text)
    TIM15_IRQHandler                         0x080002df   Thumb Code     0  startup_stm32h7b0xx.o(.text)
    TIM16_IRQHandler                         0x080002df   Thumb Code     0  startup_stm32h7b0xx.o(.text)
    TIM17_IRQHandler                         0x080002df   Thumb Code     0  startup_stm32h7b0xx.o(.text)
    TIM1_BRK_IRQHandler                      0x080002df   Thumb Code     0  startup_stm32h7b0xx.o(.text)
    TIM1_CC_IRQHandler                       0x080002df   Thumb Code     0  startup_stm32h7b0xx.o(.text)
    TIM1_TRG_COM_IRQHandler                  0x080002df   Thumb Code     0  startup_stm32h7b0xx.o(.text)
    TIM1_UP_IRQHandler                       0x080002df   Thumb Code     0  startup_stm32h7b0xx.o(.text)
    TIM2_IRQHandler                          0x080002df   Thumb Code     0  startup_stm32h7b0xx.o(.text)
    TIM3_IRQHandler                          0x080002df   Thumb Code     0  startup_stm32h7b0xx.o(.text)
    TIM4_IRQHandler                          0x080002df   Thumb Code     0  startup_stm32h7b0xx.o(.text)
    TIM5_IRQHandler                          0x080002df   Thumb Code     0  startup_stm32h7b0xx.o(.text)
    TIM6_DAC_IRQHandler                      0x080002df   Thumb Code     0  startup_stm32h7b0xx.o(.text)
    TIM7_IRQHandler                          0x080002df   Thumb Code     0  startup_stm32h7b0xx.o(.text)
    TIM8_BRK_TIM12_IRQHandler                0x080002df   Thumb Code     0  startup_stm32h7b0xx.o(.text)
    TIM8_CC_IRQHandler                       0x080002df   Thumb Code     0  startup_stm32h7b0xx.o(.text)
    TIM8_TRG_COM_TIM14_IRQHandler            0x080002df   Thumb Code     0  startup_stm32h7b0xx.o(.text)
    TIM8_UP_TIM13_IRQHandler                 0x080002df   Thumb Code     0  startup_stm32h7b0xx.o(.text)
    UART4_IRQHandler                         0x080002df   Thumb Code     0  startup_stm32h7b0xx.o(.text)
    UART5_IRQHandler                         0x080002df   Thumb Code     0  startup_stm32h7b0xx.o(.text)
    UART7_IRQHandler                         0x080002df   Thumb Code     0  startup_stm32h7b0xx.o(.text)
    UART8_IRQHandler                         0x080002df   Thumb Code     0  startup_stm32h7b0xx.o(.text)
    UART9_IRQHandler                         0x080002df   Thumb Code     0  startup_stm32h7b0xx.o(.text)
    USART10_IRQHandler                       0x080002df   Thumb Code     0  startup_stm32h7b0xx.o(.text)
    USART1_IRQHandler                        0x080002df   Thumb Code     0  startup_stm32h7b0xx.o(.text)
    USART2_IRQHandler                        0x080002df   Thumb Code     0  startup_stm32h7b0xx.o(.text)
    USART3_IRQHandler                        0x080002df   Thumb Code     0  startup_stm32h7b0xx.o(.text)
    USART6_IRQHandler                        0x080002df   Thumb Code     0  startup_stm32h7b0xx.o(.text)
    WAKEUP_PIN_IRQHandler                    0x080002df   Thumb Code     0  startup_stm32h7b0xx.o(.text)
    WWDG_IRQHandler                          0x080002df   Thumb Code     0  startup_stm32h7b0xx.o(.text)
    __aeabi_uldivmod                         0x080002e9   Thumb Code    98  uldiv.o(.text)
    __aeabi_memset                           0x0800034b   Thumb Code    14  memseta.o(.text)
    __aeabi_memset4                          0x0800034b   Thumb Code     0  memseta.o(.text)
    __aeabi_memset8                          0x0800034b   Thumb Code     0  memseta.o(.text)
    __aeabi_memclr                           0x08000359   Thumb Code     4  memseta.o(.text)
    __aeabi_memclr4                          0x08000359   Thumb Code     0  memseta.o(.text)
    __aeabi_memclr8                          0x08000359   Thumb Code     0  memseta.o(.text)
    _memset$wrapper                          0x0800035d   Thumb Code    18  memseta.o(.text)
    memcmp                                   0x0800036f   Thumb Code    26  memcmp.o(.text)
    __aeabi_uidiv                            0x08000389   Thumb Code     0  uidiv.o(.text)
    __aeabi_uidivmod                         0x08000389   Thumb Code    44  uidiv.o(.text)
    __aeabi_llsl                             0x080003b5   Thumb Code    30  llshl.o(.text)
    _ll_shift_l                              0x080003b5   Thumb Code     0  llshl.o(.text)
    __aeabi_llsr                             0x080003d3   Thumb Code    32  llushr.o(.text)
    _ll_ushift_r                             0x080003d3   Thumb Code     0  llushr.o(.text)
    __I$use$fp                               0x080003f3   Thumb Code     0  iusefp.o(.text)
    __aeabi_dadd                             0x080003f3   Thumb Code   322  dadd.o(.text)
    __aeabi_dsub                             0x08000535   Thumb Code     6  dadd.o(.text)
    __aeabi_drsub                            0x0800053b   Thumb Code     6  dadd.o(.text)
    __aeabi_dmul                             0x08000541   Thumb Code   228  dmul.o(.text)
    __aeabi_ddiv                             0x08000625   Thumb Code   222  ddiv.o(.text)
    __aeabi_d2ulz                            0x08000703   Thumb Code    48  dfixul.o(.text)
    __aeabi_cdrcmple                         0x08000735   Thumb Code    48  cdrcmple.o(.text)
    __scatterload                            0x08000765   Thumb Code    28  init.o(.text)
    __scatterload_rt2                        0x08000765   Thumb Code     0  init.o(.text)
    __aeabi_lasr                             0x08000789   Thumb Code    36  llsshr.o(.text)
    _ll_sshift_r                             0x08000789   Thumb Code     0  llsshr.o(.text)
    _double_round                            0x080007ad   Thumb Code    30  depilogue.o(.text)
    _double_epilogue                         0x080007cb   Thumb Code   156  depilogue.o(.text)
    BusFault_Handler                         0x08000867   Thumb Code     4  stm32h7xx_it.o(i.BusFault_Handler)
    DMA2_Stream7_IRQHandler                  0x0800086b   Thumb Code     2  stm32h7xx_it.o(i.DMA2_Stream7_IRQHandler)
    DebugMon_Handler                         0x0800086d   Thumb Code     2  stm32h7xx_it.o(i.DebugMon_Handler)
    HAL_Delay                                0x0800086f   Thumb Code    12  delay.o(i.HAL_Delay)
    HAL_EnableCompensationCell               0x0800087d   Thumb Code    14  stm32h7xx_hal.o(i.HAL_EnableCompensationCell)
    HAL_GPIO_Init                            0x08000891   Thumb Code   468  stm32h7xx_hal_gpio.o(i.HAL_GPIO_Init)
    HAL_GPIO_TogglePin                       0x08000a99   Thumb Code    20  stm32h7xx_hal_gpio.o(i.HAL_GPIO_TogglePin)
    HAL_GPIO_WritePin                        0x08000aad   Thumb Code    12  stm32h7xx_hal_gpio.o(i.HAL_GPIO_WritePin)
    HAL_GetTick                              0x08000ab9   Thumb Code     6  stm32h7xx_hal.o(i.HAL_GetTick)
    HAL_IncTick                              0x08000ac5   Thumb Code    16  stm32h7xx_hal.o(i.HAL_IncTick)
    HAL_Init                                 0x08000add   Thumb Code    80  stm32h7xx_hal.o(i.HAL_Init)
    HAL_InitTick                             0x08000b3d   Thumb Code    74  stm32h7xx_hal.o(i.HAL_InitTick)
    HAL_MspInit                              0x08000b95   Thumb Code     2  stm32h7xx_hal.o(i.HAL_MspInit)
    HAL_NVIC_SetPriority                     0x08000b97   Thumb Code   122  stm32h7xx_hal_cortex.o(i.HAL_NVIC_SetPriority)
    HAL_NVIC_SetPriorityGrouping             0x08000c11   Thumb Code    32  stm32h7xx_hal_cortex.o(i.HAL_NVIC_SetPriorityGrouping)
    HAL_PWREx_EnableUSBVoltageDetector       0x08000c39   Thumb Code    14  stm32h7xx_hal_pwr_ex.o(i.HAL_PWREx_EnableUSBVoltageDetector)
    HAL_RCCEx_GetD3PCLK1Freq                 0x08000c4d   Thumb Code    26  stm32h7xx_hal_rcc_ex.o(i.HAL_RCCEx_GetD3PCLK1Freq)
    HAL_RCCEx_GetPLL1ClockFreq               0x08000c71   Thumb Code   536  stm32h7xx_hal_rcc_ex.o(i.HAL_RCCEx_GetPLL1ClockFreq)
    HAL_RCCEx_GetPLL2ClockFreq               0x08000ea1   Thumb Code   536  stm32h7xx_hal_rcc_ex.o(i.HAL_RCCEx_GetPLL2ClockFreq)
    HAL_RCCEx_GetPLL3ClockFreq               0x080010d1   Thumb Code   536  stm32h7xx_hal_rcc_ex.o(i.HAL_RCCEx_GetPLL3ClockFreq)
    HAL_RCCEx_GetPeriphCLKFreq               0x08001301   Thumb Code  1604  stm32h7xx_hal_rcc_ex.o(i.HAL_RCCEx_GetPeriphCLKFreq)
    HAL_RCCEx_PeriphCLKConfig                0x08001959   Thumb Code  2784  stm32h7xx_hal_rcc_ex.o(i.HAL_RCCEx_PeriphCLKConfig)
    HAL_RCC_ClockConfig                      0x0800243d   Thumb Code   774  stm32h7xx_hal_rcc.o(i.HAL_RCC_ClockConfig)
    HAL_RCC_GetHCLKFreq                      0x0800275d   Thumb Code    60  stm32h7xx_hal_rcc.o(i.HAL_RCC_GetHCLKFreq)
    HAL_RCC_GetPCLK1Freq                     0x080027a9   Thumb Code    26  stm32h7xx_hal_rcc.o(i.HAL_RCC_GetPCLK1Freq)
    HAL_RCC_GetPCLK2Freq                     0x080027cd   Thumb Code    26  stm32h7xx_hal_rcc.o(i.HAL_RCC_GetPCLK2Freq)
    HAL_RCC_GetSysClockFreq                  0x080027f1   Thumb Code   524  stm32h7xx_hal_rcc.o(i.HAL_RCC_GetSysClockFreq)
    HAL_RCC_OscConfig                        0x08002a1d   Thumb Code  1874  stm32h7xx_hal_rcc.o(i.HAL_RCC_OscConfig)
    HAL_SD_ConfigWideBusOperation            0x08003179   Thumb Code   370  stm32h7xx_hal_sd.o(i.HAL_SD_ConfigWideBusOperation)
    HAL_SD_GetCardCSD                        0x080032f9   Thumb Code   450  stm32h7xx_hal_sd.o(i.HAL_SD_GetCardCSD)
    HAL_SD_GetCardInfo                       0x080034c1   Thumb Code    38  stm32h7xx_hal_sd.o(i.HAL_SD_GetCardInfo)
    HAL_SD_GetCardState                      0x080034e7   Thumb Code    36  stm32h7xx_hal_sd.o(i.HAL_SD_GetCardState)
    HAL_SD_GetCardStatus                     0x0800350d   Thumb Code   216  stm32h7xx_hal_sd.o(i.HAL_SD_GetCardStatus)
    HAL_SD_Init                              0x080035e9   Thumb Code   178  stm32h7xx_hal_sd.o(i.HAL_SD_Init)
    HAL_SD_InitCard                          0x0800369d   Thumb Code   188  stm32h7xx_hal_sd.o(i.HAL_SD_InitCard)
    HAL_SD_MspInit                           0x08003765   Thumb Code   348  sdmmc_sdcard.o(i.HAL_SD_MspInit)
    HAL_SD_ReadBlocks                        0x080038cd   Thumb Code   560  stm32h7xx_hal_sd.o(i.HAL_SD_ReadBlocks)
    HAL_SD_WriteBlocks                       0x08003b05   Thumb Code   570  stm32h7xx_hal_sd.o(i.HAL_SD_WriteBlocks)
    HAL_SPI_Init                             0x08003d49   Thumb Code   366  stm32h7xx_hal_spi.o(i.HAL_SPI_Init)
    HAL_SPI_MspInit                          0x08003ec5   Thumb Code   218  lcd_spi_200.o(i.HAL_SPI_MspInit)
    HAL_SPI_Transmit                         0x08003fb1   Thumb Code   694  stm32h7xx_hal_spi.o(i.HAL_SPI_Transmit)
    HAL_SYSTICK_CLKSourceConfig              0x08004267   Thumb Code    40  stm32h7xx_hal_cortex.o(i.HAL_SYSTICK_CLKSourceConfig)
    HAL_SYSTICK_Config                       0x0800428f   Thumb Code    52  stm32h7xx_hal_cortex.o(i.HAL_SYSTICK_Config)
    HAL_UARTEx_RxEventCallback               0x080042c3   Thumb Code     2  stm32h7xx_hal_uart.o(i.HAL_UARTEx_RxEventCallback)
    HAL_UART_ErrorCallback                   0x080042c5   Thumb Code     2  stm32h7xx_hal_uart.o(i.HAL_UART_ErrorCallback)
    HAL_UART_Init                            0x080042c7   Thumb Code   120  stm32h7xx_hal_uart.o(i.HAL_UART_Init)
    HAL_UART_MspInit                         0x08004341   Thumb Code   164  usart.o(i.HAL_UART_MspInit)
    HAL_UART_Receive_IT                      0x080043f1   Thumb Code    96  stm32h7xx_hal_uart.o(i.HAL_UART_Receive_IT)
    HAL_UART_RxCpltCallback                  0x08004455   Thumb Code   120  usart.o(i.HAL_UART_RxCpltCallback)
    HardFault_Handler                        0x080044dd   Thumb Code     4  stm32h7xx_it.o(i.HardFault_Handler)
    LCD_Clear                                0x080044e1   Thumb Code    82  lcd_spi_200.o(i.LCD_Clear)
    LCD_DisplayChar                          0x08004541   Thumb Code   202  lcd_spi_200.o(i.LCD_DisplayChar)
    LCD_DisplayNumber                        0x08004619   Thumb Code    58  lcd_spi_200.o(i.LCD_DisplayNumber)
    LCD_DisplayString                        0x08004665   Thumb Code    48  lcd_spi_200.o(i.LCD_DisplayString)
    LCD_SPI_Transmit                         0x0800469d   Thumb Code   390  lcd_spi_200.o(i.LCD_SPI_Transmit)
    LCD_SetAddress                           0x08004825   Thumb Code    82  lcd_spi_200.o(i.LCD_SetAddress)
    LCD_SetAsciiFont                         0x0800487d   Thumb Code     6  lcd_spi_200.o(i.LCD_SetAsciiFont)
    LCD_SetBackColor                         0x08004889   Thumb Code    36  lcd_spi_200.o(i.LCD_SetBackColor)
    LCD_SetColor                             0x080048b1   Thumb Code    36  lcd_spi_200.o(i.LCD_SetColor)
    LCD_SetDirection                         0x080048d9   Thumb Code   150  lcd_spi_200.o(i.LCD_SetDirection)
    LCD_ShowNumMode                          0x08004975   Thumb Code     6  lcd_spi_200.o(i.LCD_ShowNumMode)
    LCD_WriteBuff                            0x08004981   Thumb Code    52  lcd_spi_200.o(i.LCD_WriteBuff)
    LCD_WriteCommand                         0x080049bd   Thumb Code    30  lcd_spi_200.o(i.LCD_WriteCommand)
    LCD_WriteData_16bit                      0x080049e5   Thumb Code    42  lcd_spi_200.o(i.LCD_WriteData_16bit)
    LCD_WriteData_8bit                       0x08004a19   Thumb Code    28  lcd_spi_200.o(i.LCD_WriteData_8bit)
    LED_Init                                 0x08004a3d   Thumb Code    80  led.o(i.LED_Init)
    MX_SPI4_Init                             0x08004a95   Thumb Code    80  lcd_spi_200.o(i.MX_SPI4_Init)
    MY_SPI_CloseTransfer                     0x08004aed   Thumb Code   214  lcd_spi_200.o(i.MY_SPI_CloseTransfer)
    MY_SPI_WaitOnFlagUntilTimeout            0x08004bc3   Thumb Code    64  lcd_spi_200.o(i.MY_SPI_WaitOnFlagUntilTimeout)
    MemManage_Handler                        0x08004c05   Thumb Code    98  mpu.o(i.MemManage_Handler)
    NMI_Handler                              0x08004ca1   Thumb Code     4  stm32h7xx_it.o(i.NMI_Handler)
    PendSV_Handler                           0x08004ca5   Thumb Code     2  stm32h7xx_it.o(i.PendSV_Handler)
    SDMMC_CmdAppCommand                      0x08004f71   Thumb Code    58  stm32h7xx_ll_sdmmc.o(i.SDMMC_CmdAppCommand)
    SDMMC_CmdAppOperCommand                  0x08004fab   Thumb Code    52  stm32h7xx_ll_sdmmc.o(i.SDMMC_CmdAppOperCommand)
    SDMMC_CmdBlockLength                     0x08004fdf   Thumb Code    56  stm32h7xx_ll_sdmmc.o(i.SDMMC_CmdBlockLength)
    SDMMC_CmdBusWidth                        0x08005017   Thumb Code    58  stm32h7xx_ll_sdmmc.o(i.SDMMC_CmdBusWidth)
    SDMMC_CmdGoIdleState                     0x08005051   Thumb Code    44  stm32h7xx_ll_sdmmc.o(i.SDMMC_CmdGoIdleState)
    SDMMC_CmdOperCond                        0x0800507d   Thumb Code    52  stm32h7xx_ll_sdmmc.o(i.SDMMC_CmdOperCond)
    SDMMC_CmdReadMultiBlock                  0x080050b1   Thumb Code    58  stm32h7xx_ll_sdmmc.o(i.SDMMC_CmdReadMultiBlock)
    SDMMC_CmdReadSingleBlock                 0x080050eb   Thumb Code    58  stm32h7xx_ll_sdmmc.o(i.SDMMC_CmdReadSingleBlock)
    SDMMC_CmdSelDesel                        0x08005125   Thumb Code    58  stm32h7xx_ll_sdmmc.o(i.SDMMC_CmdSelDesel)
    SDMMC_CmdSendCID                         0x0800515f   Thumb Code    52  stm32h7xx_ll_sdmmc.o(i.SDMMC_CmdSendCID)
    SDMMC_CmdSendCSD                         0x08005193   Thumb Code    52  stm32h7xx_ll_sdmmc.o(i.SDMMC_CmdSendCSD)
    SDMMC_CmdSendSCR                         0x080051c7   Thumb Code    58  stm32h7xx_ll_sdmmc.o(i.SDMMC_CmdSendSCR)
    SDMMC_CmdSendStatus                      0x08005201   Thumb Code    58  stm32h7xx_ll_sdmmc.o(i.SDMMC_CmdSendStatus)
    SDMMC_CmdSetRelAdd                       0x0800523b   Thumb Code    58  stm32h7xx_ll_sdmmc.o(i.SDMMC_CmdSetRelAdd)
    SDMMC_CmdStatusRegister                  0x08005275   Thumb Code    58  stm32h7xx_ll_sdmmc.o(i.SDMMC_CmdStatusRegister)
    SDMMC_CmdStopTransfer                    0x080052b1   Thumb Code    88  stm32h7xx_ll_sdmmc.o(i.SDMMC_CmdStopTransfer)
    SDMMC_CmdWriteMultiBlock                 0x0800530d   Thumb Code    58  stm32h7xx_ll_sdmmc.o(i.SDMMC_CmdWriteMultiBlock)
    SDMMC_CmdWriteSingleBlock                0x08005347   Thumb Code    58  stm32h7xx_ll_sdmmc.o(i.SDMMC_CmdWriteSingleBlock)
    SDMMC_ConfigData                         0x08005381   Thumb Code    44  stm32h7xx_ll_sdmmc.o(i.SDMMC_ConfigData)
    SDMMC_GetCmdResp1                        0x080053f1   Thumb Code   420  stm32h7xx_ll_sdmmc.o(i.SDMMC_GetCmdResp1)
    SDMMC_GetCmdResp2                        0x080055a1   Thumb Code    96  stm32h7xx_ll_sdmmc.o(i.SDMMC_GetCmdResp2)
    SDMMC_GetCmdResp3                        0x08005609   Thumb Code    82  stm32h7xx_ll_sdmmc.o(i.SDMMC_GetCmdResp3)
    SDMMC_GetCmdResp6                        0x08005665   Thumb Code   180  stm32h7xx_ll_sdmmc.o(i.SDMMC_GetCmdResp6)
    SDMMC_GetCmdResp7                        0x08005721   Thumb Code   104  stm32h7xx_ll_sdmmc.o(i.SDMMC_GetCmdResp7)
    SDMMC_GetCommandResponse                 0x0800578d   Thumb Code     8  stm32h7xx_ll_sdmmc.o(i.SDMMC_GetCommandResponse)
    SDMMC_GetPowerState                      0x08005795   Thumb Code    10  stm32h7xx_ll_sdmmc.o(i.SDMMC_GetPowerState)
    SDMMC_GetResponse                        0x0800579f   Thumb Code    12  stm32h7xx_ll_sdmmc.o(i.SDMMC_GetResponse)
    SDMMC_Init                               0x080057ad   Thumb Code    46  stm32h7xx_ll_sdmmc.o(i.SDMMC_Init)
    SDMMC_PowerState_ON                      0x080057e1   Thumb Code    14  stm32h7xx_ll_sdmmc.o(i.SDMMC_PowerState_ON)
    SDMMC_ReadFIFO                           0x080057ef   Thumb Code     8  stm32h7xx_ll_sdmmc.o(i.SDMMC_ReadFIFO)
    SDMMC_SendCommand                        0x080057f9   Thumb Code    40  stm32h7xx_ll_sdmmc.o(i.SDMMC_SendCommand)
    SDMMC_WriteFIFO                          0x08005825   Thumb Code    12  stm32h7xx_ll_sdmmc.o(i.SDMMC_WriteFIFO)
    SPI_LCD_Init                             0x08005e41   Thumb Code   426  lcd_spi_200.o(i.SPI_LCD_Init)
    SVC_Handler                              0x08006039   Thumb Code     2  stm32h7xx_it.o(i.SVC_Handler)
    SysTick_Handler                          0x0800603b   Thumb Code     8  stm32h7xx_it.o(i.SysTick_Handler)
    SystemInit                               0x08006045   Thumb Code   200  system_stm32h7xx.o(i.SystemInit)
    UART_AdvFeatureConfig                    0x0800612d   Thumb Code   248  stm32h7xx_hal_uart.o(i.UART_AdvFeatureConfig)
    UART_CheckIdleState                      0x08006225   Thumb Code   118  stm32h7xx_hal_uart.o(i.UART_CheckIdleState)
    UART_SetConfig                           0x08006685   Thumb Code  1558  stm32h7xx_hal_uart.o(i.UART_SetConfig)
    UART_Start_Receive_IT                    0x08006cad   Thumb Code   256  stm32h7xx_hal_uart.o(i.UART_Start_Receive_IT)
    UART_WaitOnFlagUntilTimeout              0x08006dbd   Thumb Code   190  stm32h7xx_hal_uart.o(i.UART_WaitOnFlagUntilTimeout)
    USART1_Init                              0x08006e7d   Thumb Code    44  usart.o(i.USART1_Init)
    UsageFault_Handler                       0x08006eb5   Thumb Code     4  stm32h7xx_it.o(i.UsageFault_Handler)
    __0printf                                0x08006eb9   Thumb Code    22  printfa.o(i.__0printf)
    __1printf                                0x08006eb9   Thumb Code     0  printfa.o(i.__0printf)
    __2printf                                0x08006eb9   Thumb Code     0  printfa.o(i.__0printf)
    __c89printf                              0x08006eb9   Thumb Code     0  printfa.o(i.__0printf)
    printf                                   0x08006eb9   Thumb Code     0  printfa.o(i.__0printf)
    __0sprintf                               0x08006ed9   Thumb Code    34  printfa.o(i.__0sprintf)
    __1sprintf                               0x08006ed9   Thumb Code     0  printfa.o(i.__0sprintf)
    __2sprintf                               0x08006ed9   Thumb Code     0  printfa.o(i.__0sprintf)
    __c89sprintf                             0x08006ed9   Thumb Code     0  printfa.o(i.__0sprintf)
    sprintf                                  0x08006ed9   Thumb Code     0  printfa.o(i.__0sprintf)
    __scatterload_copy                       0x08006f39   Thumb Code    14  handlers.o(i.__scatterload_copy)
    __scatterload_null                       0x08006f47   Thumb Code     2  handlers.o(i.__scatterload_null)
    __scatterload_zeroinit                   0x08006f49   Thumb Code    14  handlers.o(i.__scatterload_zeroinit)
    delay_init                               0x0800790d   Thumb Code    16  delay.o(i.delay_init)
    delay_ms                                 0x08007921   Thumb Code    50  delay.o(i.delay_ms)
    delay_us                                 0x08007955   Thumb Code    72  delay.o(i.delay_us)
    disk_initialize                          0x080079a1   Thumb Code    40  diskio.o(i.disk_initialize)
    disk_read                                0x080079c9   Thumb Code   110  diskio.o(i.disk_read)
    disk_status                              0x08007a37   Thumb Code     6  diskio.o(i.disk_status)
    disk_write                               0x08007a3d   Thumb Code   110  diskio.o(i.disk_write)
    exfuns_get_free                          0x08007aab   Thumb Code    74  exfuns.o(i.exfuns_get_free)
    exfuns_init                              0x08007af5   Thumb Code    64  exfuns.o(i.exfuns_init)
    f_getfree                                0x08007b39   Thumb Code   348  ff.o(i.f_getfree)
    f_mount                                  0x08007c95   Thumb Code    80  ff.o(i.f_mount)
    fputc                                    0x08007d61   Thumb Code    22  usart.o(i.fputc)
    get_sd_card_state                        0x08007f61   Thumb Code    20  sdmmc_sdcard.o(i.get_sd_card_state)
    key_init                                 0x08007f79   Thumb Code   158  key.o(i.key_init)
    main                                     0x080080a9   Thumb Code   358  main.o(i.main)
    mf_free                                  0x080082fd   Thumb Code    26  fattester.o(i.mf_free)
    mf_init                                  0x0800831d   Thumb Code    58  fattester.o(i.mf_init)
    my_mem_init                              0x08008871   Thumb Code    38  malloc.o(i.my_mem_init)
    my_mem_perused                           0x08008949   Thumb Code    56  malloc.o(i.my_mem_perused)
    my_mem_set                               0x08008989   Thumb Code    20  malloc.o(i.my_mem_set)
    myfree                                   0x0800899d   Thumb Code    30  malloc.o(i.myfree)
    mymalloc                                 0x080089c1   Thumb Code    34  malloc.o(i.mymalloc)
    sd_init                                  0x080089e9   Thumb Code    56  sdmmc_sdcard.o(i.sd_init)
    sd_read_disk                             0x08008a2d   Thumb Code    80  sdmmc_sdcard.o(i.sd_read_disk)
    sd_write_disk                            0x08008a85   Thumb Code    80  sdmmc_sdcard.o(i.sd_write_disk)
    sys_cache_enable                         0x08008b29   Thumb Code   310  sys.o(i.sys_cache_enable)
    sys_intx_disable                         0x08008c69   Thumb Code     4  sys.o(i.sys_intx_disable)
    sys_intx_enable                          0x08008c6d   Thumb Code     4  sys.o(i.sys_intx_enable)
    sys_stm32_clock_init                     0x08008c71   Thumb Code   318  sys.o(i.sys_stm32_clock_init)
    UARTPrescTable                           0x08008dc0   Data          24  stm32h7xx_hal_uart.o(.constdata)
    D1CorePrescTable                         0x08008dd8   Data          16  system_stm32h7xx.o(.constdata)
    Chinese_1212                             0x08008de8   Data         480  lcd_fonts.o(.constdata)
    Chinese_1616                             0x08008fc8   Data         640  lcd_fonts.o(.constdata)
    Chinese_2020                             0x08009248   Data        1200  lcd_fonts.o(.constdata)
    Chinese_2424                             0x080096f8   Data        4680  lcd_fonts.o(.constdata)
    Chinese_3232                             0x0800a940   Data        2560  lcd_fonts.o(.constdata)
    ASCII_3216_Table                         0x0800b340   Data        6080  lcd_fonts.o(.constdata)
    ASCII_2412_Table                         0x0800cb00   Data        4560  lcd_fonts.o(.constdata)
    ASCII_2010_Table                         0x0800dcd0   Data        3800  lcd_fonts.o(.constdata)
    ASCII_1608_Table                         0x0800eba8   Data        1520  lcd_fonts.o(.constdata)
    ASCII_1206_Table                         0x0800f198   Data        1140  lcd_fonts.o(.constdata)
    memtblsize                               0x0800f60c   Data          20  malloc.o(.constdata)
    memblksize                               0x0800f620   Data          20  malloc.o(.constdata)
    memsize                                  0x0800f634   Data          20  malloc.o(.constdata)
    Region$$Table$$Base                      0x0800f648   Number         0  anon$$obj.o(Region$$Table)
    Region$$Table$$Limit                     0x0800f668   Number         0  anon$$obj.o(Region$$Table)
    uwTick                                   0x24000000   Data           4  stm32h7xx_hal.o(.data)
    uwTickPrio                               0x24000004   Data           4  stm32h7xx_hal.o(.data)
    uwTickFreq                               0x24000008   Data           1  stm32h7xx_hal.o(.data)
    __stdout                                 0x24000010   Data           4  usart.o(.data)
    g_usart1_rx_sta                          0x24000014   Data           2  usart.o(.data)
    g_rx1_buffer                             0x24000016   Data           1  usart.o(.data)
    SystemCoreClock                          0x24000018   Data           4  system_stm32h7xx.o(.data)
    SystemD2Clock                            0x2400001c   Data           4  system_stm32h7xx.o(.data)
    CH_Font12                                0x24000020   Data          12  lcd_fonts.o(.data)
    CH_Font16                                0x2400002c   Data          12  lcd_fonts.o(.data)
    CH_Font20                                0x24000038   Data          12  lcd_fonts.o(.data)
    CH_Font24                                0x24000044   Data          12  lcd_fonts.o(.data)
    CH_Font32                                0x24000050   Data          12  lcd_fonts.o(.data)
    ASCII_Font32                             0x2400005c   Data          12  lcd_fonts.o(.data)
    ASCII_Font24                             0x24000068   Data          12  lcd_fonts.o(.data)
    ASCII_Font20                             0x24000074   Data          12  lcd_fonts.o(.data)
    ASCII_Font16                             0x24000080   Data          12  lcd_fonts.o(.data)
    ASCII_Font12                             0x2400008c   Data          12  lcd_fonts.o(.data)
    mallco_dev                               0x240000a0   Data          56  malloc.o(.data)
    fs                                       0x240000e4   Data           8  exfuns.o(.data)
    g_usart1_rx_buf                          0x240000ec   Data         200  usart.o(.bss)
    g_uart1_handle                           0x240001b4   Data         144  usart.o(.bss)
    hspi4                                    0x24000244   Data         136  lcd_spi_200.o(.bss)
    LCD_Buff                                 0x240002cc   Data        2048  lcd_spi_200.o(.bss)
    LCD                                      0x24000acc   Data          16  lcd_spi_200.o(.bss)
    g_sd_handle                              0x24000adc   Data         124  sdmmc_sdcard.o(.bss)
    g_sd_card_info_handle                    0x24000b58   Data          36  sdmmc_sdcard.o(.bss)
    fattester                                0x24084b80   Data         384  fattester.o(.bss)
    __initial_sp                             0x24085100   Data           0  startup_stm32h7b0xx.o(STACK)



==============================================================================

Memory Map of the image

  Image Entry point : 0x080002ad

  Load Region LR_IROM1 (Base: 0x08000000, Size: 0x0000f754, Max: 0x00020000, ABSOLUTE)

    Execution Region ER_IROM1 (Exec base: 0x08000000, Load base: 0x08000000, Size: 0x0000f668, Max: 0x00020000, ABSOLUTE)

    Exec Addr    Load Addr    Size         Type   Attr      Idx    E Section Name        Object

    0x08000000   0x08000000   0x000002ac   Data   RO            3    RESET               startup_stm32h7b0xx.o
    0x080002ac   0x080002ac   0x00000000   Code   RO         6131  * .ARM.Collect$$$$00000000  mc_w.l(entry.o)
    0x080002ac   0x080002ac   0x00000004   Code   RO         6415    .ARM.Collect$$$$00000001  mc_w.l(entry2.o)
    0x080002b0   0x080002b0   0x00000004   Code   RO         6418    .ARM.Collect$$$$00000004  mc_w.l(entry5.o)
    0x080002b4   0x080002b4   0x00000000   Code   RO         6420    .ARM.Collect$$$$00000008  mc_w.l(entry7b.o)
    0x080002b4   0x080002b4   0x00000000   Code   RO         6422    .ARM.Collect$$$$0000000A  mc_w.l(entry8b.o)
    0x080002b4   0x080002b4   0x00000008   Code   RO         6423    .ARM.Collect$$$$0000000B  mc_w.l(entry9a.o)
    0x080002bc   0x080002bc   0x00000004   Code   RO         6430    .ARM.Collect$$$$0000000E  mc_w.l(entry12b.o)
    0x080002c0   0x080002c0   0x00000000   Code   RO         6425    .ARM.Collect$$$$0000000F  mc_w.l(entry10a.o)
    0x080002c0   0x080002c0   0x00000000   Code   RO         6427    .ARM.Collect$$$$00000011  mc_w.l(entry11a.o)
    0x080002c0   0x080002c0   0x00000004   Code   RO         6416    .ARM.Collect$$$$00002712  mc_w.l(entry2.o)
    0x080002c4   0x080002c4   0x00000024   Code   RO            4    .text               startup_stm32h7b0xx.o
    0x080002e8   0x080002e8   0x00000062   Code   RO         6134    .text               mc_w.l(uldiv.o)
    0x0800034a   0x0800034a   0x00000024   Code   RO         6138    .text               mc_w.l(memseta.o)
    0x0800036e   0x0800036e   0x0000001a   Code   RO         6148    .text               mc_w.l(memcmp.o)
    0x08000388   0x08000388   0x0000002c   Code   RO         6431    .text               mc_w.l(uidiv.o)
    0x080003b4   0x080003b4   0x0000001e   Code   RO         6433    .text               mc_w.l(llshl.o)
    0x080003d2   0x080003d2   0x00000020   Code   RO         6435    .text               mc_w.l(llushr.o)
    0x080003f2   0x080003f2   0x00000000   Code   RO         6437    .text               mc_w.l(iusefp.o)
    0x080003f2   0x080003f2   0x0000014e   Code   RO         6438    .text               mf_w.l(dadd.o)
    0x08000540   0x08000540   0x000000e4   Code   RO         6440    .text               mf_w.l(dmul.o)
    0x08000624   0x08000624   0x000000de   Code   RO         6442    .text               mf_w.l(ddiv.o)
    0x08000702   0x08000702   0x00000030   Code   RO         6444    .text               mf_w.l(dfixul.o)
    0x08000732   0x08000732   0x00000002   PAD
    0x08000734   0x08000734   0x00000030   Code   RO         6446    .text               mf_w.l(cdrcmple.o)
    0x08000764   0x08000764   0x00000024   Code   RO         6448    .text               mc_w.l(init.o)
    0x08000788   0x08000788   0x00000024   Code   RO         6450    .text               mc_w.l(llsshr.o)
    0x080007ac   0x080007ac   0x000000ba   Code   RO         6452    .text               mf_w.l(depilogue.o)
    0x08000866   0x08000866   0x00000004   Code   RO         4486    i.BusFault_Handler  stm32h7xx_it.o
    0x0800086a   0x0800086a   0x00000002   Code   RO         4488    i.DMA2_Stream7_IRQHandler  stm32h7xx_it.o
    0x0800086c   0x0800086c   0x00000002   Code   RO         4489    i.DebugMon_Handler  stm32h7xx_it.o
    0x0800086e   0x0800086e   0x0000000c   Code   RO         4129    i.HAL_Delay         delay.o
    0x0800087a   0x0800087a   0x00000002   PAD
    0x0800087c   0x0800087c   0x00000014   Code   RO           29    i.HAL_EnableCompensationCell  stm32h7xx_hal.o
    0x08000890   0x08000890   0x00000208   Code   RO          732    i.HAL_GPIO_Init     stm32h7xx_hal_gpio.o
    0x08000a98   0x08000a98   0x00000014   Code   RO          735    i.HAL_GPIO_TogglePin  stm32h7xx_hal_gpio.o
    0x08000aac   0x08000aac   0x0000000c   Code   RO          736    i.HAL_GPIO_WritePin  stm32h7xx_hal_gpio.o
    0x08000ab8   0x08000ab8   0x0000000c   Code   RO           36    i.HAL_GetTick       stm32h7xx_hal.o
    0x08000ac4   0x08000ac4   0x00000018   Code   RO           42    i.HAL_IncTick       stm32h7xx_hal.o
    0x08000adc   0x08000adc   0x00000060   Code   RO           43    i.HAL_Init          stm32h7xx_hal.o
    0x08000b3c   0x08000b3c   0x00000058   Code   RO           44    i.HAL_InitTick      stm32h7xx_hal.o
    0x08000b94   0x08000b94   0x00000002   Code   RO           46    i.HAL_MspInit       stm32h7xx_hal.o
    0x08000b96   0x08000b96   0x0000007a   Code   RO          475    i.HAL_NVIC_SetPriority  stm32h7xx_hal_cortex.o
    0x08000c10   0x08000c10   0x00000028   Code   RO          476    i.HAL_NVIC_SetPriorityGrouping  stm32h7xx_hal_cortex.o
    0x08000c38   0x08000c38   0x00000014   Code   RO          941    i.HAL_PWREx_EnableUSBVoltageDetector  stm32h7xx_hal_pwr_ex.o
    0x08000c4c   0x08000c4c   0x00000024   Code   RO         1325    i.HAL_RCCEx_GetD3PCLK1Freq  stm32h7xx_hal_rcc_ex.o
    0x08000c70   0x08000c70   0x00000230   Code   RO         1326    i.HAL_RCCEx_GetPLL1ClockFreq  stm32h7xx_hal_rcc_ex.o
    0x08000ea0   0x08000ea0   0x00000230   Code   RO         1327    i.HAL_RCCEx_GetPLL2ClockFreq  stm32h7xx_hal_rcc_ex.o
    0x080010d0   0x080010d0   0x00000230   Code   RO         1328    i.HAL_RCCEx_GetPLL3ClockFreq  stm32h7xx_hal_rcc_ex.o
    0x08001300   0x08001300   0x00000658   Code   RO         1330    i.HAL_RCCEx_GetPeriphCLKFreq  stm32h7xx_hal_rcc_ex.o
    0x08001958   0x08001958   0x00000ae4   Code   RO         1334    i.HAL_RCCEx_PeriphCLKConfig  stm32h7xx_hal_rcc_ex.o
    0x0800243c   0x0800243c   0x00000320   Code   RO         1210    i.HAL_RCC_ClockConfig  stm32h7xx_hal_rcc.o
    0x0800275c   0x0800275c   0x0000004c   Code   RO         1215    i.HAL_RCC_GetHCLKFreq  stm32h7xx_hal_rcc.o
    0x080027a8   0x080027a8   0x00000024   Code   RO         1217    i.HAL_RCC_GetPCLK1Freq  stm32h7xx_hal_rcc.o
    0x080027cc   0x080027cc   0x00000024   Code   RO         1218    i.HAL_RCC_GetPCLK2Freq  stm32h7xx_hal_rcc.o
    0x080027f0   0x080027f0   0x0000022c   Code   RO         1219    i.HAL_RCC_GetSysClockFreq  stm32h7xx_hal_rcc.o
    0x08002a1c   0x08002a1c   0x0000075c   Code   RO         1222    i.HAL_RCC_OscConfig  stm32h7xx_hal_rcc.o
    0x08003178   0x08003178   0x00000180   Code   RO         3252    i.HAL_SD_ConfigWideBusOperation  stm32h7xx_hal_sd.o
    0x080032f8   0x080032f8   0x000001c8   Code   RO         3257    i.HAL_SD_GetCardCSD  stm32h7xx_hal_sd.o
    0x080034c0   0x080034c0   0x00000026   Code   RO         3258    i.HAL_SD_GetCardInfo  stm32h7xx_hal_sd.o
    0x080034e6   0x080034e6   0x00000024   Code   RO         3259    i.HAL_SD_GetCardState  stm32h7xx_hal_sd.o
    0x0800350a   0x0800350a   0x00000002   PAD
    0x0800350c   0x0800350c   0x000000dc   Code   RO         3260    i.HAL_SD_GetCardStatus  stm32h7xx_hal_sd.o
    0x080035e8   0x080035e8   0x000000b2   Code   RO         3264    i.HAL_SD_Init       stm32h7xx_hal_sd.o
    0x0800369a   0x0800369a   0x00000002   PAD
    0x0800369c   0x0800369c   0x000000c8   Code   RO         3265    i.HAL_SD_InitCard   stm32h7xx_hal_sd.o
    0x08003764   0x08003764   0x00000168   Code   RO         5160    i.HAL_SD_MspInit    sdmmc_sdcard.o
    0x080038cc   0x080038cc   0x00000238   Code   RO         3268    i.HAL_SD_ReadBlocks  stm32h7xx_hal_sd.o
    0x08003b04   0x08003b04   0x00000244   Code   RO         3273    i.HAL_SD_WriteBlocks  stm32h7xx_hal_sd.o
    0x08003d48   0x08003d48   0x0000017c   Code   RO         2411    i.HAL_SPI_Init      stm32h7xx_hal_spi.o
    0x08003ec4   0x08003ec4   0x000000ec   Code   RO         4743    i.HAL_SPI_MspInit   lcd_spi_200.o
    0x08003fb0   0x08003fb0   0x000002b6   Code   RO         2419    i.HAL_SPI_Transmit  stm32h7xx_hal_spi.o
    0x08004266   0x08004266   0x00000028   Code   RO          478    i.HAL_SYSTICK_CLKSourceConfig  stm32h7xx_hal_cortex.o
    0x0800428e   0x0800428e   0x00000034   Code   RO          480    i.HAL_SYSTICK_Config  stm32h7xx_hal_cortex.o
    0x080042c2   0x080042c2   0x00000002   Code   RO         1498    i.HAL_UARTEx_RxEventCallback  stm32h7xx_hal_uart.o
    0x080042c4   0x080042c4   0x00000002   Code   RO         1514    i.HAL_UART_ErrorCallback  stm32h7xx_hal_uart.o
    0x080042c6   0x080042c6   0x00000078   Code   RO         1518    i.HAL_UART_Init     stm32h7xx_hal_uart.o
    0x0800433e   0x0800433e   0x00000002   PAD
    0x08004340   0x08004340   0x000000b0   Code   RO         4176    i.HAL_UART_MspInit  usart.o
    0x080043f0   0x080043f0   0x00000064   Code   RO         1523    i.HAL_UART_Receive_IT  stm32h7xx_hal_uart.o
    0x08004454   0x08004454   0x00000088   Code   RO         4177    i.HAL_UART_RxCpltCallback  usart.o
    0x080044dc   0x080044dc   0x00000004   Code   RO         4490    i.HardFault_Handler  stm32h7xx_it.o
    0x080044e0   0x080044e0   0x00000060   Code   RO         4744    i.LCD_Clear         lcd_spi_200.o
    0x08004540   0x08004540   0x000000d8   Code   RO         4747    i.LCD_DisplayChar   lcd_spi_200.o
    0x08004618   0x08004618   0x0000004c   Code   RO         4750    i.LCD_DisplayNumber  lcd_spi_200.o
    0x08004664   0x08004664   0x00000038   Code   RO         4751    i.LCD_DisplayString  lcd_spi_200.o
    0x0800469c   0x0800469c   0x00000186   Code   RO         4763    i.LCD_SPI_Transmit  lcd_spi_200.o
    0x08004822   0x08004822   0x00000002   PAD
    0x08004824   0x08004824   0x00000058   Code   RO         4765    i.LCD_SetAddress    lcd_spi_200.o
    0x0800487c   0x0800487c   0x0000000c   Code   RO         4766    i.LCD_SetAsciiFont  lcd_spi_200.o
    0x08004888   0x08004888   0x00000028   Code   RO         4767    i.LCD_SetBackColor  lcd_spi_200.o
    0x080048b0   0x080048b0   0x00000028   Code   RO         4768    i.LCD_SetColor      lcd_spi_200.o
    0x080048d8   0x080048d8   0x0000009c   Code   RO         4769    i.LCD_SetDirection  lcd_spi_200.o
    0x08004974   0x08004974   0x0000000c   Code   RO         4771    i.LCD_ShowNumMode   lcd_spi_200.o
    0x08004980   0x08004980   0x0000003c   Code   RO         4772    i.LCD_WriteBuff     lcd_spi_200.o
    0x080049bc   0x080049bc   0x00000028   Code   RO         4773    i.LCD_WriteCommand  lcd_spi_200.o
    0x080049e4   0x080049e4   0x00000034   Code   RO         4774    i.LCD_WriteData_16bit  lcd_spi_200.o
    0x08004a18   0x08004a18   0x00000024   Code   RO         4775    i.LCD_WriteData_8bit  lcd_spi_200.o
    0x08004a3c   0x08004a3c   0x00000058   Code   RO         4645    i.LED_Init          led.o
    0x08004a94   0x08004a94   0x00000058   Code   RO         4776    i.MX_SPI4_Init      lcd_spi_200.o
    0x08004aec   0x08004aec   0x000000d6   Code   RO         4777    i.MY_SPI_CloseTransfer  lcd_spi_200.o
    0x08004bc2   0x08004bc2   0x00000040   Code   RO         4778    i.MY_SPI_WaitOnFlagUntilTimeout  lcd_spi_200.o
    0x08004c02   0x08004c02   0x00000002   PAD
    0x08004c04   0x08004c04   0x0000009c   Code   RO         4595    i.MemManage_Handler  mpu.o
    0x08004ca0   0x08004ca0   0x00000004   Code   RO         4491    i.NMI_Handler       stm32h7xx_it.o
    0x08004ca4   0x08004ca4   0x00000002   Code   RO         4492    i.PendSV_Handler    stm32h7xx_it.o
    0x08004ca6   0x08004ca6   0x00000002   PAD
    0x08004ca8   0x08004ca8   0x00000164   Code   RO         1336    i.RCCEx_PLL2_Config  stm32h7xx_hal_rcc_ex.o
    0x08004e0c   0x08004e0c   0x00000164   Code   RO         1337    i.RCCEx_PLL3_Config  stm32h7xx_hal_rcc_ex.o
    0x08004f70   0x08004f70   0x0000003a   Code   RO         3676    i.SDMMC_CmdAppCommand  stm32h7xx_ll_sdmmc.o
    0x08004faa   0x08004faa   0x00000034   Code   RO         3677    i.SDMMC_CmdAppOperCommand  stm32h7xx_ll_sdmmc.o
    0x08004fde   0x08004fde   0x00000038   Code   RO         3678    i.SDMMC_CmdBlockLength  stm32h7xx_ll_sdmmc.o
    0x08005016   0x08005016   0x0000003a   Code   RO         3679    i.SDMMC_CmdBusWidth  stm32h7xx_ll_sdmmc.o
    0x08005050   0x08005050   0x0000002c   Code   RO         3683    i.SDMMC_CmdGoIdleState  stm32h7xx_ll_sdmmc.o
    0x0800507c   0x0800507c   0x00000034   Code   RO         3685    i.SDMMC_CmdOperCond  stm32h7xx_ll_sdmmc.o
    0x080050b0   0x080050b0   0x0000003a   Code   RO         3686    i.SDMMC_CmdReadMultiBlock  stm32h7xx_ll_sdmmc.o
    0x080050ea   0x080050ea   0x0000003a   Code   RO         3687    i.SDMMC_CmdReadSingleBlock  stm32h7xx_ll_sdmmc.o
    0x08005124   0x08005124   0x0000003a   Code   RO         3690    i.SDMMC_CmdSelDesel  stm32h7xx_ll_sdmmc.o
    0x0800515e   0x0800515e   0x00000034   Code   RO         3691    i.SDMMC_CmdSendCID  stm32h7xx_ll_sdmmc.o
    0x08005192   0x08005192   0x00000034   Code   RO         3692    i.SDMMC_CmdSendCSD  stm32h7xx_ll_sdmmc.o
    0x080051c6   0x080051c6   0x0000003a   Code   RO         3694    i.SDMMC_CmdSendSCR  stm32h7xx_ll_sdmmc.o
    0x08005200   0x08005200   0x0000003a   Code   RO         3695    i.SDMMC_CmdSendStatus  stm32h7xx_ll_sdmmc.o
    0x0800523a   0x0800523a   0x0000003a   Code   RO         3696    i.SDMMC_CmdSetRelAdd  stm32h7xx_ll_sdmmc.o
    0x08005274   0x08005274   0x0000003a   Code   RO         3698    i.SDMMC_CmdStatusRegister  stm32h7xx_ll_sdmmc.o
    0x080052ae   0x080052ae   0x00000002   PAD
    0x080052b0   0x080052b0   0x0000005c   Code   RO         3699    i.SDMMC_CmdStopTransfer  stm32h7xx_ll_sdmmc.o
    0x0800530c   0x0800530c   0x0000003a   Code   RO         3702    i.SDMMC_CmdWriteMultiBlock  stm32h7xx_ll_sdmmc.o
    0x08005346   0x08005346   0x0000003a   Code   RO         3703    i.SDMMC_CmdWriteSingleBlock  stm32h7xx_ll_sdmmc.o
    0x08005380   0x08005380   0x0000002c   Code   RO         3704    i.SDMMC_ConfigData  stm32h7xx_ll_sdmmc.o
    0x080053ac   0x080053ac   0x00000044   Code   RO         3705    i.SDMMC_GetCmdError  stm32h7xx_ll_sdmmc.o
    0x080053f0   0x080053f0   0x000001b0   Code   RO         3706    i.SDMMC_GetCmdResp1  stm32h7xx_ll_sdmmc.o
    0x080055a0   0x080055a0   0x00000068   Code   RO         3707    i.SDMMC_GetCmdResp2  stm32h7xx_ll_sdmmc.o
    0x08005608   0x08005608   0x0000005c   Code   RO         3708    i.SDMMC_GetCmdResp3  stm32h7xx_ll_sdmmc.o
    0x08005664   0x08005664   0x000000bc   Code   RO         3709    i.SDMMC_GetCmdResp6  stm32h7xx_ll_sdmmc.o
    0x08005720   0x08005720   0x0000006c   Code   RO         3710    i.SDMMC_GetCmdResp7  stm32h7xx_ll_sdmmc.o
    0x0800578c   0x0800578c   0x00000008   Code   RO         3711    i.SDMMC_GetCommandResponse  stm32h7xx_ll_sdmmc.o
    0x08005794   0x08005794   0x0000000a   Code   RO         3714    i.SDMMC_GetPowerState  stm32h7xx_ll_sdmmc.o
    0x0800579e   0x0800579e   0x0000000c   Code   RO         3715    i.SDMMC_GetResponse  stm32h7xx_ll_sdmmc.o
    0x080057aa   0x080057aa   0x00000002   PAD
    0x080057ac   0x080057ac   0x00000034   Code   RO         3716    i.SDMMC_Init        stm32h7xx_ll_sdmmc.o
    0x080057e0   0x080057e0   0x0000000e   Code   RO         3719    i.SDMMC_PowerState_ON  stm32h7xx_ll_sdmmc.o
    0x080057ee   0x080057ee   0x00000008   Code   RO         3720    i.SDMMC_ReadFIFO    stm32h7xx_ll_sdmmc.o
    0x080057f6   0x080057f6   0x00000002   PAD
    0x080057f8   0x080057f8   0x0000002c   Code   RO         3721    i.SDMMC_SendCommand  stm32h7xx_ll_sdmmc.o
    0x08005824   0x08005824   0x0000000c   Code   RO         3723    i.SDMMC_WriteFIFO   stm32h7xx_ll_sdmmc.o
    0x08005830   0x08005830   0x00000140   Code   RO         3276    i.SD_FindSCR        stm32h7xx_hal_sd.o
    0x08005970   0x08005970   0x000000e8   Code   RO         3278    i.SD_InitCard       stm32h7xx_hal_sd.o
    0x08005a58   0x08005a58   0x000000c4   Code   RO         3280    i.SD_PowerON        stm32h7xx_hal_sd.o
    0x08005b1c   0x08005b1c   0x00000134   Code   RO         3282    i.SD_SendSDStatus   stm32h7xx_hal_sd.o
    0x08005c50   0x08005c50   0x00000030   Code   RO         3283    i.SD_SendStatus     stm32h7xx_hal_sd.o
    0x08005c80   0x08005c80   0x00000068   Code   RO         3284    i.SD_WideBus_Disable  stm32h7xx_hal_sd.o
    0x08005ce8   0x08005ce8   0x00000068   Code   RO         3285    i.SD_WideBus_Enable  stm32h7xx_hal_sd.o
    0x08005d50   0x08005d50   0x000000d6   Code   RO         2430    i.SPI_CloseTransfer  stm32h7xx_hal_spi.o
    0x08005e26   0x08005e26   0x0000001a   Code   RO         2441    i.SPI_GetPacketSize  stm32h7xx_hal_spi.o
    0x08005e40   0x08005e40   0x000001b8   Code   RO         4779    i.SPI_LCD_Init      lcd_spi_200.o
    0x08005ff8   0x08005ff8   0x00000040   Code   RO         2448    i.SPI_WaitOnFlagUntilTimeout  stm32h7xx_hal_spi.o
    0x08006038   0x08006038   0x00000002   Code   RO         4493    i.SVC_Handler       stm32h7xx_it.o
    0x0800603a   0x0800603a   0x00000008   Code   RO         4494    i.SysTick_Handler   stm32h7xx_it.o
    0x08006042   0x08006042   0x00000002   PAD
    0x08006044   0x08006044   0x000000e8   Code   RO         4559    i.SystemInit        system_stm32h7xx.o
    0x0800612c   0x0800612c   0x000000f8   Code   RO         1532    i.UART_AdvFeatureConfig  stm32h7xx_hal_uart.o
    0x08006224   0x08006224   0x00000076   Code   RO         1533    i.UART_CheckIdleState  stm32h7xx_hal_uart.o
    0x0800629a   0x0800629a   0x00000092   Code   RO         1547    i.UART_RxISR_16BIT  stm32h7xx_hal_uart.o
    0x0800632c   0x0800632c   0x00000164   Code   RO         1548    i.UART_RxISR_16BIT_FIFOEN  stm32h7xx_hal_uart.o
    0x08006490   0x08006490   0x0000008e   Code   RO         1549    i.UART_RxISR_8BIT   stm32h7xx_hal_uart.o
    0x0800651e   0x0800651e   0x00000002   PAD
    0x08006520   0x08006520   0x00000164   Code   RO         1550    i.UART_RxISR_8BIT_FIFOEN  stm32h7xx_hal_uart.o
    0x08006684   0x08006684   0x00000628   Code   RO         1551    i.UART_SetConfig    stm32h7xx_hal_uart.o
    0x08006cac   0x08006cac   0x00000110   Code   RO         1553    i.UART_Start_Receive_IT  stm32h7xx_hal_uart.o
    0x08006dbc   0x08006dbc   0x000000be   Code   RO         1558    i.UART_WaitOnFlagUntilTimeout  stm32h7xx_hal_uart.o
    0x08006e7a   0x08006e7a   0x00000002   PAD
    0x08006e7c   0x08006e7c   0x00000038   Code   RO         4178    i.USART1_Init       usart.o
    0x08006eb4   0x08006eb4   0x00000004   Code   RO         4495    i.UsageFault_Handler  stm32h7xx_it.o
    0x08006eb8   0x08006eb8   0x00000020   Code   RO         6387    i.__0printf         mc_w.l(printfa.o)
    0x08006ed8   0x08006ed8   0x00000028   Code   RO         6389    i.__0sprintf        mc_w.l(printfa.o)
    0x08006f00   0x08006f00   0x00000010   Code   RO          482    i.__NVIC_GetPriorityGrouping  stm32h7xx_hal_cortex.o
    0x08006f10   0x08006f10   0x00000028   Code   RO          483    i.__NVIC_SetPriority  stm32h7xx_hal_cortex.o
    0x08006f38   0x08006f38   0x0000000e   Code   RO         6456    i.__scatterload_copy  mc_w.l(handlers.o)
    0x08006f46   0x08006f46   0x00000002   Code   RO         6457    i.__scatterload_null  mc_w.l(handlers.o)
    0x08006f48   0x08006f48   0x0000000e   Code   RO         6458    i.__scatterload_zeroinit  mc_w.l(handlers.o)
    0x08006f56   0x08006f56   0x00000002   PAD
    0x08006f58   0x08006f58   0x00000184   Code   RO         6394    i._fp_digits        mc_w.l(printfa.o)
    0x080070dc   0x080070dc   0x000006b4   Code   RO         6395    i._printf_core      mc_w.l(printfa.o)
    0x08007790   0x08007790   0x00000024   Code   RO         6396    i._printf_post_padding  mc_w.l(printfa.o)
    0x080077b4   0x080077b4   0x0000002e   Code   RO         6397    i._printf_pre_padding  mc_w.l(printfa.o)
    0x080077e2   0x080077e2   0x0000000a   Code   RO         6399    i._sputc            mc_w.l(printfa.o)
    0x080077ec   0x080077ec   0x00000104   Code   RO         5369    i.check_fs          ff.o
    0x080078f0   0x080078f0   0x0000001a   Code   RO         5371    i.clst2sect         ff.o
    0x0800790a   0x0800790a   0x00000002   PAD
    0x0800790c   0x0800790c   0x00000014   Code   RO         4130    i.delay_init        delay.o
    0x08007920   0x08007920   0x00000032   Code   RO         4131    i.delay_ms          delay.o
    0x08007952   0x08007952   0x00000002   PAD
    0x08007954   0x08007954   0x0000004c   Code   RO         4132    i.delay_us          delay.o
    0x080079a0   0x080079a0   0x00000028   Code   RO         5320    i.disk_initialize   diskio.o
    0x080079c8   0x080079c8   0x0000006e   Code   RO         5322    i.disk_read         diskio.o
    0x08007a36   0x08007a36   0x00000006   Code   RO         5323    i.disk_status       diskio.o
    0x08007a3c   0x08007a3c   0x0000006e   Code   RO         5324    i.disk_write        diskio.o
    0x08007aaa   0x08007aaa   0x0000004a   Code   RO         5891    i.exfuns_get_free   exfuns.o
    0x08007af4   0x08007af4   0x00000044   Code   RO         5893    i.exfuns_init       exfuns.o
    0x08007b38   0x08007b38   0x0000015c   Code   RO         5389    i.f_getfree         ff.o
    0x08007c94   0x08007c94   0x00000054   Code   RO         5395    i.f_mount           ff.o
    0x08007ce8   0x08007ce8   0x00000078   Code   RO         5413    i.find_volume       ff.o
    0x08007d60   0x08007d60   0x0000001c   Code   RO         4183    i.fputc             usart.o
    0x08007d7c   0x08007d7c   0x00000194   Code   RO         5416    i.get_fat           ff.o
    0x08007f10   0x08007f10   0x0000004e   Code   RO         5418    i.get_ldnumber      ff.o
    0x08007f5e   0x08007f5e   0x00000002   PAD
    0x08007f60   0x08007f60   0x00000018   Code   RO         5162    i.get_sd_card_state  sdmmc_sdcard.o
    0x08007f78   0x08007f78   0x000000a8   Code   RO         4696    i.key_init          key.o
    0x08008020   0x08008020   0x00000018   Code   RO         5421    i.ld_dword          ff.o
    0x08008038   0x08008038   0x00000062   Code   RO         5422    i.ld_qword          ff.o
    0x0800809a   0x0800809a   0x0000000c   Code   RO         5423    i.ld_word           ff.o
    0x080080a6   0x080080a6   0x00000002   PAD
    0x080080a8   0x080080a8   0x00000254   Code   RO         4254    i.main              main.o
    0x080082fc   0x080082fc   0x00000020   Code   RO         5968    i.mf_free           fattester.o
    0x0800831c   0x0800831c   0x00000040   Code   RO         5971    i.mf_init           fattester.o
    0x0800835c   0x0800835c   0x00000474   Code   RO         5426    i.mount_volume      ff.o
    0x080087d0   0x080087d0   0x00000034   Code   RO         5427    i.move_window       ff.o
    0x08008804   0x08008804   0x0000006c   Code   RO         5235    i.my_mem_free       malloc.o
    0x08008870   0x08008870   0x00000030   Code   RO         5236    i.my_mem_init       malloc.o
    0x080088a0   0x080088a0   0x000000a8   Code   RO         5237    i.my_mem_malloc     malloc.o
    0x08008948   0x08008948   0x00000040   Code   RO         5238    i.my_mem_perused    malloc.o
    0x08008988   0x08008988   0x00000014   Code   RO         5239    i.my_mem_set        malloc.o
    0x0800899c   0x0800899c   0x00000024   Code   RO         5240    i.myfree            malloc.o
    0x080089c0   0x080089c0   0x00000028   Code   RO         5241    i.mymalloc          malloc.o
    0x080089e8   0x080089e8   0x00000044   Code   RO         5163    i.sd_init           sdmmc_sdcard.o
    0x08008a2c   0x08008a2c   0x00000058   Code   RO         5164    i.sd_read_disk      sdmmc_sdcard.o
    0x08008a84   0x08008a84   0x00000058   Code   RO         5165    i.sd_write_disk     sdmmc_sdcard.o
    0x08008adc   0x08008adc   0x0000004a   Code   RO         5443    i.sync_window       ff.o
    0x08008b26   0x08008b26   0x00000002   PAD
    0x08008b28   0x08008b28   0x00000140   Code   RO         4053    i.sys_cache_enable  sys.o
    0x08008c68   0x08008c68   0x00000004   Code   RO         4054    i.sys_intx_disable  sys.o
    0x08008c6c   0x08008c6c   0x00000004   Code   RO         4055    i.sys_intx_enable   sys.o
    0x08008c70   0x08008c70   0x00000150   Code   RO         4059    i.sys_stm32_clock_init  sys.o
    0x08008dc0   0x08008dc0   0x00000018   Data   RO         1559    .constdata          stm32h7xx_hal_uart.o
    0x08008dd8   0x08008dd8   0x00000010   Data   RO         4560    .constdata          system_stm32h7xx.o
    0x08008de8   0x08008de8   0x00006824   Data   RO         4727    .constdata          lcd_fonts.o
    0x0800f60c   0x0800f60c   0x0000003c   Data   RO         5252    .constdata          malloc.o
    0x0800f648   0x0800f648   0x00000020   Data   RO         6454    Region$$Table       anon$$obj.o


    Execution Region RW_IRAM1 (Exec base: 0x20000000, Load base: 0x0800f668, Size: 0x0001ff80, Max: 0x00020000, ABSOLUTE)

    Exec Addr    Load Addr    Size         Type   Attr      Idx    E Section Name        Object

    0x20000000        -       0x0001f000   Zero   RW         5245    .ARM.__AT_0x20000000  malloc.o
    0x2001f000        -       0x00000f80   Zero   RW         5246    .ARM.__AT_0x2001F000  malloc.o


    Execution Region RW_IRAM2 (Exec base: 0x24000000, Load base: 0x0800f668, Size: 0x00085100, Max: 0x00100000, ABSOLUTE)

    Exec Addr    Load Addr    Size         Type   Attr      Idx    E Section Name        Object

    0x24000000   0x0800f668   0x00000009   Data   RW           62    .data               stm32h7xx_hal.o
    0x24000009   0x0800f671   0x00000003   PAD
    0x2400000c   0x0800f674   0x00000004   Data   RW         4133    .data               delay.o
    0x24000010   0x0800f678   0x00000007   Data   RW         4185    .data               usart.o
    0x24000017   0x0800f67f   0x00000001   PAD
    0x24000018   0x0800f680   0x00000008   Data   RW         4561    .data               system_stm32h7xx.o
    0x24000020   0x0800f688   0x00000078   Data   RW         4728    .data               lcd_fonts.o
    0x24000098   0x0800f700   0x00000008   Data   RW         4781    .data               lcd_spi_200.o
    0x240000a0   0x0800f708   0x00000038   Data   RW         5253    .data               malloc.o
    0x240000d8   0x0800f740   0x0000000a   Data   RW         5450    .data               ff.o
    0x240000e2   0x0800f74a   0x00000002   PAD
    0x240000e4   0x0800f74c   0x00000008   Data   RW         5896    .data               exfuns.o
    0x240000ec        -       0x00000158   Zero   RW         4184    .bss                usart.o
    0x24000244        -       0x00000898   Zero   RW         4780    .bss                lcd_spi_200.o
    0x24000adc        -       0x000000a0   Zero   RW         5166    .bss                sdmmc_sdcard.o
    0x24000b7c   0x0800f754   0x00000004   PAD
    0x24000b80        -       0x00084000   Zero   RW         5251    .bss                malloc.o
    0x24084b80        -       0x00000180   Zero   RW         5989    .bss                fattester.o
    0x24084d00        -       0x00000400   Zero   RW            1    STACK               startup_stm32h7b0xx.o



  Load Region LR$$.ARM.__AT_0x00000000 (Base: 0x00000000, Size: 0x00000000, Max: 0x0000f800, ABSOLUTE)

    Execution Region ER$$.ARM.__AT_0x00000000 (Exec base: 0x00000000, Load base: 0x00000000, Size: 0x0000f800, Max: 0x0000f800, ABSOLUTE, UNINIT)

    Exec Addr    Load Addr    Size         Type   Attr      Idx    E Section Name        Object

    0x00000000        -       0x0000f800   Zero   RW         5243    .ARM.__AT_0x00000000  malloc.o



  Load Region LR$$.ARM.__AT_0x0000F800 (Base: 0x0000f800, Size: 0x00000000, Max: 0x000007c0, ABSOLUTE)

    Execution Region ER$$.ARM.__AT_0x0000F800 (Exec base: 0x0000f800, Load base: 0x0000f800, Size: 0x000007c0, Max: 0x000007c0, ABSOLUTE, UNINIT)

    Exec Addr    Load Addr    Size         Type   Attr      Idx    E Section Name        Object

    0x0000f800        -       0x000007c0   Zero   RW         5244    .ARM.__AT_0x0000F800  malloc.o



  Load Region LR$$.ARM.__AT_0x30000000 (Base: 0x30000000, Size: 0x00000000, Max: 0x0001f000, ABSOLUTE)

    Execution Region ER$$.ARM.__AT_0x30000000 (Exec base: 0x30000000, Load base: 0x30000000, Size: 0x0001f000, Max: 0x0001f000, ABSOLUTE, UNINIT)

    Exec Addr    Load Addr    Size         Type   Attr      Idx    E Section Name        Object

    0x30000000        -       0x0001f000   Zero   RW         5247    .ARM.__AT_0x30000000  malloc.o



  Load Region LR$$.ARM.__AT_0x3001F000 (Base: 0x3001f000, Size: 0x00000000, Max: 0x00000f80, ABSOLUTE)

    Execution Region ER$$.ARM.__AT_0x3001F000 (Exec base: 0x3001f000, Load base: 0x3001f000, Size: 0x00000f80, Max: 0x00000f80, ABSOLUTE, UNINIT)

    Exec Addr    Load Addr    Size         Type   Attr      Idx    E Section Name        Object

    0x3001f000        -       0x00000f80   Zero   RW         5248    .ARM.__AT_0x3001F000  malloc.o



  Load Region LR$$.ARM.__AT_0x38000000 (Base: 0x38000000, Size: 0x00000000, Max: 0x00006000, ABSOLUTE)

    Execution Region ER$$.ARM.__AT_0x38000000 (Exec base: 0x38000000, Load base: 0x38000000, Size: 0x00006000, Max: 0x00006000, ABSOLUTE, UNINIT)

    Exec Addr    Load Addr    Size         Type   Attr      Idx    E Section Name        Object

    0x38000000        -       0x00006000   Zero   RW         5249    .ARM.__AT_0x38000000  malloc.o



  Load Region LR$$.ARM.__AT_0x38006000 (Base: 0x38006000, Size: 0x00000000, Max: 0x00000300, ABSOLUTE)

    Execution Region ER$$.ARM.__AT_0x38006000 (Exec base: 0x38006000, Load base: 0x38006000, Size: 0x00000300, Max: 0x00000300, ABSOLUTE, UNINIT)

    Exec Addr    Load Addr    Size         Type   Attr      Idx    E Section Name        Object

    0x38006000        -       0x00000300   Zero   RW         5250    .ARM.__AT_0x38006000  malloc.o


==============================================================================

Image component sizes


      Code (inc. data)   RO Data    RW Data    ZI Data      Debug   Object Name

       158          8          0          4          0       2715   delay.o
       266          0          0          0          0       4753   diskio.o
       142          4          0          8          0       2639   exfuns.o
        96         12          0          0        384       2028   fattester.o
      2720         52          0         10          0      32126   ff.o
       168         10          0          0          0       1047   key.o
         0          0      26660        120          0       2039   lcd_fonts.o
      2412        162          0          8       2200     899279   lcd_spi_200.o
        88          8          0          0          0        971   led.o
       596        238          0          0          0       3519   main.o
       484         54         60         56     893376       7487   malloc.o
       156         58          0          0          0      36383   mpu.o
       628         44          0          0        160       4726   sdmmc_sdcard.o
        36          8        684          0       1024        896   startup_stm32h7b0xx.o
       242         50          0          9          0    1112044   stm32h7xx_hal.o
       310         22          0          0          0      40260   stm32h7xx_hal_cortex.o
       552         52          0          0          0       3173   stm32h7xx_hal_gpio.o
        20          6          0          0          0        613   stm32h7xx_hal_pwr_ex.o
      3388        108          0          0          0       7148   stm32h7xx_hal_rcc.o
      6840        196          0          0          0      10723   stm32h7xx_hal_rcc_ex.o
      3972         66          0          0          0     876883   stm32h7xx_hal_sd.o
      1378         14          0          0          0       5114   stm32h7xx_hal_spi.o
      3628        166         24          0          0      31662   stm32h7xx_hal_uart.o
        32          0          0          0          0       4680   stm32h7xx_it.o
      2234         66          0          0          0      27318   stm32h7xx_ll_sdmmc.o
       664         28          0          0          0      39286   sys.o
       232         32         16          8          0       1418   system_stm32h7xx.o
       396         46          0          7        344       4765   usart.o

    ----------------------------------------------------------------------
     31874       1510      27476        236     897492    3165695   Object Totals
         0          0         32          0          0          0   (incl. Generated)
        36          0          0          6          4          0   (incl. Padding)

    ----------------------------------------------------------------------

      Code (inc. data)   RO Data    RW Data    ZI Data      Debug   Library Member Name

         0          0          0          0          0          0   entry.o
         0          0          0          0          0          0   entry10a.o
         0          0          0          0          0          0   entry11a.o
         4          0          0          0          0          0   entry12b.o
         8          4          0          0          0          0   entry2.o
         4          0          0          0          0          0   entry5.o
         0          0          0          0          0          0   entry7b.o
         0          0          0          0          0          0   entry8b.o
         8          4          0          0          0          0   entry9a.o
        30          0          0          0          0          0   handlers.o
        36          8          0          0          0         68   init.o
         0          0          0          0          0          0   iusefp.o
        30          0          0          0          0         68   llshl.o
        36          0          0          0          0         68   llsshr.o
        32          0          0          0          0         68   llushr.o
        26          0          0          0          0         80   memcmp.o
        36          0          0          0          0        108   memseta.o
      2268         96          0          0          0        616   printfa.o
        44          0          0          0          0         80   uidiv.o
        98          0          0          0          0         92   uldiv.o
        48          0          0          0          0         68   cdrcmple.o
       334          0          0          0          0        148   dadd.o
       222          0          0          0          0        100   ddiv.o
       186          0          0          0          0        176   depilogue.o
        48          0          0          0          0         68   dfixul.o
       228          0          0          0          0         96   dmul.o

    ----------------------------------------------------------------------
      3730        112          0          0          0       1904   Library Totals
         4          0          0          0          0          0   (incl. Padding)

    ----------------------------------------------------------------------

      Code (inc. data)   RO Data    RW Data    ZI Data      Debug   Library Name

      2660        112          0          0          0       1248   mc_w.l
      1066          0          0          0          0        656   mf_w.l

    ----------------------------------------------------------------------
      3730        112          0          0          0       1904   Library Totals

    ----------------------------------------------------------------------

==============================================================================


      Code (inc. data)   RO Data    RW Data    ZI Data      Debug   

     35604       1622      27476        236     897492    3149815   Grand Totals
     35604       1622      27476        236     897492    3149815   ELF Image Totals
     35604       1622      27476        236          0          0   ROM Totals

==============================================================================

    Total RO  Size (Code + RO Data)                63080 (  61.60kB)
    Total RW  Size (RW Data + ZI Data)            897728 ( 876.69kB)
    Total ROM Size (Code + RO Data + RW Data)      63316 (  61.83kB)

==============================================================================

