Component: ARM Compiler 5.06 update 7 (build 960) Tool: armlink [4d3601]

==============================================================================

Section Cross References

    startup_stm32h7b0xx.o(RESET) refers to startup_stm32h7b0xx.o(STACK) for __initial_sp
    startup_stm32h7b0xx.o(RESET) refers to startup_stm32h7b0xx.o(.text) for Reset_Handler
    startup_stm32h7b0xx.o(RESET) refers to stm32h7xx_it.o(i.NMI_Handler) for NMI_Handler
    startup_stm32h7b0xx.o(RESET) refers to stm32h7xx_it.o(i.HardFault_Handler) for HardFault_Handler
    startup_stm32h7b0xx.o(RESET) refers to mpu.o(i.MemManage_Handler) for MemManage_Handler
    startup_stm32h7b0xx.o(RESET) refers to stm32h7xx_it.o(i.BusFault_Handler) for BusFault_Handler
    startup_stm32h7b0xx.o(RESET) refers to stm32h7xx_it.o(i.UsageFault_Handler) for UsageFault_Handler
    startup_stm32h7b0xx.o(RESET) refers to stm32h7xx_it.o(i.SVC_Handler) for SVC_Handler
    startup_stm32h7b0xx.o(RESET) refers to stm32h7xx_it.o(i.DebugMon_Handler) for DebugMon_Handler
    startup_stm32h7b0xx.o(RESET) refers to stm32h7xx_it.o(i.PendSV_Handler) for PendSV_Handler
    startup_stm32h7b0xx.o(RESET) refers to stm32h7xx_it.o(i.SysTick_Handler) for SysTick_Handler
    startup_stm32h7b0xx.o(RESET) refers to rtc.o(i.RTC_WKUP_IRQHandler) for RTC_WKUP_IRQHandler
    startup_stm32h7b0xx.o(RESET) refers to rtc.o(i.RTC_Alarm_IRQHandler) for RTC_Alarm_IRQHandler
    startup_stm32h7b0xx.o(RESET) refers to stm32h7xx_it.o(i.DMA2_Stream7_IRQHandler) for DMA2_Stream7_IRQHandler
    startup_stm32h7b0xx.o(.text) refers to system_stm32h7xx.o(i.SystemInit) for SystemInit
    startup_stm32h7b0xx.o(.text) refers to entry.o(.ARM.Collect$$$$00000000) for __main
    stm32h7xx_hal.o(i.HAL_DeInit) refers to stm32h7xx_hal.o(i.HAL_MspDeInit) for HAL_MspDeInit
    stm32h7xx_hal.o(i.HAL_Delay) refers to stm32h7xx_hal.o(i.HAL_GetTick) for HAL_GetTick
    stm32h7xx_hal.o(i.HAL_Delay) refers to stm32h7xx_hal.o(.data) for uwTickFreq
    stm32h7xx_hal.o(i.HAL_GetTick) refers to stm32h7xx_hal.o(.data) for uwTick
    stm32h7xx_hal.o(i.HAL_GetTickFreq) refers to stm32h7xx_hal.o(.data) for uwTickFreq
    stm32h7xx_hal.o(i.HAL_GetTickPrio) refers to stm32h7xx_hal.o(.data) for uwTickPrio
    stm32h7xx_hal.o(i.HAL_IncTick) refers to stm32h7xx_hal.o(.data) for uwTick
    stm32h7xx_hal.o(i.HAL_Init) refers to stm32h7xx_hal_cortex.o(i.HAL_NVIC_SetPriorityGrouping) for HAL_NVIC_SetPriorityGrouping
    stm32h7xx_hal.o(i.HAL_Init) refers to stm32h7xx_hal_rcc.o(i.HAL_RCC_GetSysClockFreq) for HAL_RCC_GetSysClockFreq
    stm32h7xx_hal.o(i.HAL_Init) refers to stm32h7xx_hal.o(i.HAL_InitTick) for HAL_InitTick
    stm32h7xx_hal.o(i.HAL_Init) refers to stm32h7xx_hal.o(i.HAL_MspInit) for HAL_MspInit
    stm32h7xx_hal.o(i.HAL_Init) refers to system_stm32h7xx.o(.constdata) for D1CorePrescTable
    stm32h7xx_hal.o(i.HAL_Init) refers to system_stm32h7xx.o(.data) for SystemD2Clock
    stm32h7xx_hal.o(i.HAL_InitTick) refers to stm32h7xx_hal_cortex.o(i.HAL_SYSTICK_Config) for HAL_SYSTICK_Config
    stm32h7xx_hal.o(i.HAL_InitTick) refers to stm32h7xx_hal_cortex.o(i.HAL_NVIC_SetPriority) for HAL_NVIC_SetPriority
    stm32h7xx_hal.o(i.HAL_InitTick) refers to stm32h7xx_hal.o(.data) for uwTickFreq
    stm32h7xx_hal.o(i.HAL_InitTick) refers to system_stm32h7xx.o(.data) for SystemCoreClock
    stm32h7xx_hal.o(i.HAL_SYSCFG_EnableVREFBUF) refers to stm32h7xx_hal.o(i.HAL_GetTick) for HAL_GetTick
    stm32h7xx_hal.o(i.HAL_SetTickFreq) refers to stm32h7xx_hal.o(i.HAL_InitTick) for HAL_InitTick
    stm32h7xx_hal.o(i.HAL_SetTickFreq) refers to stm32h7xx_hal.o(.data) for uwTickFreq
    stm32h7xx_hal_cortex.o(i.HAL_NVIC_GetPriorityGrouping) refers to stm32h7xx_hal_cortex.o(i.__NVIC_GetPriorityGrouping) for __NVIC_GetPriorityGrouping
    stm32h7xx_hal_cortex.o(i.HAL_NVIC_SetPriority) refers to stm32h7xx_hal_cortex.o(i.__NVIC_GetPriorityGrouping) for __NVIC_GetPriorityGrouping
    stm32h7xx_hal_cortex.o(i.HAL_NVIC_SetPriority) refers to stm32h7xx_hal_cortex.o(i.__NVIC_SetPriority) for __NVIC_SetPriority
    stm32h7xx_hal_cortex.o(i.HAL_SYSTICK_Config) refers to stm32h7xx_hal_cortex.o(i.__NVIC_SetPriority) for __NVIC_SetPriority
    stm32h7xx_hal_cortex.o(i.HAL_SYSTICK_IRQHandler) refers to stm32h7xx_hal_cortex.o(i.HAL_SYSTICK_Callback) for HAL_SYSTICK_Callback
    stm32h7xx_hal_dma.o(i.DMA_CalcBaseAndBitshift) refers to stm32h7xx_hal_dma.o(.constdata) for flagBitshiftOffset
    stm32h7xx_hal_dma.o(i.HAL_DMA_Abort) refers to stm32h7xx_hal.o(i.HAL_GetTick) for HAL_GetTick
    stm32h7xx_hal_dma.o(i.HAL_DMA_DeInit) refers to stm32h7xx_hal_dma.o(i.DMA_CalcBaseAndBitshift) for DMA_CalcBaseAndBitshift
    stm32h7xx_hal_dma.o(i.HAL_DMA_DeInit) refers to stm32h7xx_hal_dma.o(i.DMA_CalcDMAMUXChannelBaseAndMask) for DMA_CalcDMAMUXChannelBaseAndMask
    stm32h7xx_hal_dma.o(i.HAL_DMA_DeInit) refers to stm32h7xx_hal_dma.o(i.DMA_CalcDMAMUXRequestGenBaseAndMask) for DMA_CalcDMAMUXRequestGenBaseAndMask
[...]
    ../clib/microlib/printf/printf.c         0x00000000   Number         0  printf1.o ABSOLUTE
    ../clib/microlib/printf/printf.c         0x00000000   Number         0  printf0.o ABSOLUTE
    ../clib/microlib/printf/printf.c         0x00000000   Number         0  printfb.o ABSOLUTE
    ../clib/microlib/printf/printf.c         0x00000000   Number         0  printf3.o ABSOLUTE
    ../clib/microlib/printf/stubs.s          0x00000000   Number         0  stubs.o ABSOLUTE
    ../clib/microlib/string/memset.c         0x00000000   Number         0  memseta.o ABSOLUTE
    ../clib/microlib/stubs.s                 0x00000000   Number         0  useno.o ABSOLUTE
    ../clib/microlib/stubs.s                 0x00000000   Number         0  iusefp.o ABSOLUTE
    ../fplib/microlib/fpadd.c                0x00000000   Number         0  dadd.o ABSOLUTE
    ../fplib/microlib/fpdiv.c                0x00000000   Number         0  ddiv.o ABSOLUTE
    ../fplib/microlib/fpepilogue.c           0x00000000   Number         0  depilogue.o ABSOLUTE
    ../fplib/microlib/fpfix.c                0x00000000   Number         0  dfixul.o ABSOLUTE
    ../fplib/microlib/fpmul.c                0x00000000   Number         0  dmul.o ABSOLUTE
    ..\BSP\Src\beep.c                        0x00000000   Number         0  beep.o ABSOLUTE
    ..\BSP\Src\key.c                         0x00000000   Number         0  key.o ABSOLUTE
    ..\BSP\Src\lcd_fonts.c                   0x00000000   Number         0  lcd_fonts.o ABSOLUTE
    ..\BSP\Src\lcd_spi_200.c                 0x00000000   Number         0  lcd_spi_200.o ABSOLUTE
    ..\BSP\Src\led.c                         0x00000000   Number         0  led.o ABSOLUTE
    ..\BSP\Src\mpu.c                         0x00000000   Number         0  mpu.o ABSOLUTE
    ..\BSP\Src\rtc.c                         0x00000000   Number         0  rtc.o ABSOLUTE
    ..\Drivers\STM32H7xx_HAL_Driver\Src\stm32h7xx_hal.c 0x00000000   Number         0  stm32h7xx_hal.o ABSOLUTE
    ..\Drivers\STM32H7xx_HAL_Driver\Src\stm32h7xx_hal_cortex.c 0x00000000   Number         0  stm32h7xx_hal_cortex.o ABSOLUTE
    ..\Drivers\STM32H7xx_HAL_Driver\Src\stm32h7xx_hal_dma.c 0x00000000   Number         0  stm32h7xx_hal_dma.o ABSOLUTE
    ..\Drivers\STM32H7xx_HAL_Driver\Src\stm32h7xx_hal_gpio.c 0x00000000   Number         0  stm32h7xx_hal_gpio.o ABSOLUTE
    ..\Drivers\STM32H7xx_HAL_Driver\Src\stm32h7xx_hal_pwr.c 0x00000000   Number         0  stm32h7xx_hal_pwr.o ABSOLUTE
    ..\Drivers\STM32H7xx_HAL_Driver\Src\stm32h7xx_hal_pwr_ex.c 0x00000000   Number         0  stm32h7xx_hal_pwr_ex.o ABSOLUTE
    ..\Drivers\STM32H7xx_HAL_Driver\Src\stm32h7xx_hal_rcc.c 0x00000000   Number         0  stm32h7xx_hal_rcc.o ABSOLUTE
    ..\Drivers\STM32H7xx_HAL_Driver\Src\stm32h7xx_hal_rcc_ex.c 0x00000000   Number         0  stm32h7xx_hal_rcc_ex.o ABSOLUTE
    ..\Drivers\STM32H7xx_HAL_Driver\Src\stm32h7xx_hal_rtc.c 0x00000000   Number         0  stm32h7xx_hal_rtc.o ABSOLUTE
    ..\Drivers\STM32H7xx_HAL_Driver\Src\stm32h7xx_hal_rtc_ex.c 0x00000000   Number         0  stm32h7xx_hal_rtc_ex.o ABSOLUTE
    ..\Drivers\STM32H7xx_HAL_Driver\Src\stm32h7xx_hal_spi.c 0x00000000   Number         0  stm32h7xx_hal_spi.o ABSOLUTE
    ..\Drivers\STM32H7xx_HAL_Driver\Src\stm32h7xx_hal_spi_ex.c 0x00000000   Number         0  stm32h7xx_hal_spi_ex.o ABSOLUTE
    ..\Drivers\STM32H7xx_HAL_Driver\Src\stm32h7xx_hal_uart.c 0x00000000   Number         0  stm32h7xx_hal_uart.o ABSOLUTE
    ..\Drivers\STM32H7xx_HAL_Driver\Src\stm32h7xx_hal_uart_ex.c 0x00000000   Number         0  stm32h7xx_hal_uart_ex.o ABSOLUTE
    ..\Drivers\STM32H7xx_HAL_Driver\Src\stm32h7xx_hal_usart.c 0x00000000   Number         0  stm32h7xx_hal_usart.o ABSOLUTE
    ..\Drivers\STM32H7xx_HAL_Driver\Src\stm32h7xx_hal_usart_ex.c 0x00000000   Number         0  stm32h7xx_hal_usart_ex.o ABSOLUTE
    ..\Drivers\SYSTEM\delay\delay.c          0x00000000   Number         0  delay.o ABSOLUTE
    ..\Drivers\SYSTEM\sys\sys.c              0x00000000   Number         0  sys.o ABSOLUTE
    ..\Drivers\SYSTEM\usart\usart.c          0x00000000   Number         0  usart.o ABSOLUTE
    ..\User\main.c                           0x00000000   Number         0  main.o ABSOLUTE
    ..\User\startup_stm32h7b0xx.s            0x00000000   Number         0  startup_stm32h7b0xx.o ABSOLUTE
    ..\User\stm32h7xx_it.c                   0x00000000   Number         0  stm32h7xx_it.o ABSOLUTE
    ..\User\system_stm32h7xx.c               0x00000000   Number         0  system_stm32h7xx.o ABSOLUTE
    ..\\BSP\\Src\\beep.c                     0x00000000   Number         0  beep.o ABSOLUTE
    ..\\BSP\\Src\\key.c                      0x00000000   Number         0  key.o ABSOLUTE
    ..\\BSP\\Src\\lcd_spi_200.c              0x00000000   Number         0  lcd_spi_200.o ABSOLUTE
    ..\\BSP\\Src\\led.c                      0x00000000   Number         0  led.o ABSOLUTE
    ..\\BSP\\Src\\mpu.c                      0x00000000   Number         0  mpu.o ABSOLUTE
    ..\\BSP\\Src\\rtc.c                      0x00000000   Number         0  rtc.o ABSOLUTE
    ..\\Drivers\\STM32H7xx_HAL_Driver\\Src\\stm32h7xx_hal.c 0x00000000   Number         0  stm32h7xx_hal.o ABSOLUTE
    ..\\Drivers\\STM32H7xx_HAL_Driver\\Src\\stm32h7xx_hal_cortex.c 0x00000000   Number         0  stm32h7xx_hal_cortex.o ABSOLUTE
    ..\\Drivers\\STM32H7xx_HAL_Driver\\Src\\stm32h7xx_hal_dma.c 0x00000000   Number         0  stm32h7xx_hal_dma.o ABSOLUTE
    ..\\Drivers\\STM32H7xx_HAL_Driver\\Src\\stm32h7xx_hal_gpio.c 0x00000000   Number         0  stm32h7xx_hal_gpio.o ABSOLUTE
    ..\\Drivers\\STM32H7xx_HAL_Driver\\Src\\stm32h7xx_hal_pwr.c 0x00000000   Number         0  stm32h7xx_hal_pwr.o ABSOLUTE
    ..\\Drivers\\STM32H7xx_HAL_Driver\\Src\\stm32h7xx_hal_pwr_ex.c 0x00000000   Number         0  stm32h7xx_hal_pwr_ex.o ABSOLUTE
    ..\\Drivers\\STM32H7xx_HAL_Driver\\Src\\stm32h7xx_hal_rcc.c 0x00000000   Number         0  stm32h7xx_hal_rcc.o ABSOLUTE
    ..\\Drivers\\STM32H7xx_HAL_Driver\\Src\\stm32h7xx_hal_rcc_ex.c 0x00000000   Number         0  stm32h7xx_hal_rcc_ex.o ABSOLUTE
    ..\\Drivers\\STM32H7xx_HAL_Driver\\Src\\stm32h7xx_hal_rtc.c 0x00000000   Number         0  stm32h7xx_hal_rtc.o ABSOLUTE
    ..\\Drivers\\STM32H7xx_HAL_Driver\\Src\\stm32h7xx_hal_rtc_ex.c 0x00000000   Number         0  stm32h7xx_hal_rtc_ex.o ABSOLUTE
    ..\\Drivers\\STM32H7xx_HAL_Driver\\Src\\stm32h7xx_hal_spi.c 0x00000000   Number         0  stm32h7xx_hal_spi.o ABSOLUTE
    ..\\Drivers\\STM32H7xx_HAL_Driver\\Src\\stm32h7xx_hal_spi_ex.c 0x00000000   Number         0  stm32h7xx_hal_spi_ex.o ABSOLUTE
    ..\\Drivers\\STM32H7xx_HAL_Driver\\Src\\stm32h7xx_hal_uart.c 0x00000000   Number         0  stm32h7xx_hal_uart.o ABSOLUTE
    ..\\Drivers\\STM32H7xx_HAL_Driver\\Src\\stm32h7xx_hal_uart_ex.c 0x00000000   Number         0  stm32h7xx_hal_uart_ex.o ABSOLUTE
    ..\\Drivers\\STM32H7xx_HAL_Driver\\Src\\stm32h7xx_hal_usart.c 0x00000000   Number         0  stm32h7xx_hal_usart.o ABSOLUTE
    ..\\Drivers\\STM32H7xx_HAL_Driver\\Src\\stm32h7xx_hal_usart_ex.c 0x00000000   Number         0  stm32h7xx_hal_usart_ex.o ABSOLUTE
    ..\\Drivers\\SYSTEM\\delay\\delay.c      0x00000000   Number         0  delay.o ABSOLUTE
    ..\\Drivers\\SYSTEM\\sys\\sys.c          0x00000000   Number         0  sys.o ABSOLUTE
    ..\\Drivers\\SYSTEM\\usart\\usart.c      0x00000000   Number         0  usart.o ABSOLUTE
    ..\\User\\main.c                         0x00000000   Number         0  main.o ABSOLUTE
    ..\\User\\system_stm32h7xx.c             0x00000000   Number         0  system_stm32h7xx.o ABSOLUTE
    cdrcmple.s                               0x00000000   Number         0  cdrcmple.o ABSOLUTE
    dc.s                                     0x00000000   Number         0  dc.o ABSOLUTE
    handlers.s                               0x00000000   Number         0  handlers.o ABSOLUTE
    init.s                                   0x00000000   Number         0  init.o ABSOLUTE
    RESET                                    0x08000000   Section      684  startup_stm32h7b0xx.o(RESET)
    .ARM.Collect$$$$00000000                 0x080002ac   Section        0  entry.o(.ARM.Collect$$$$00000000)
    .ARM.Collect$$$$00000001                 0x080002ac   Section        4  entry2.o(.ARM.Collect$$$$00000001)
    .ARM.Collect$$$$00000004                 0x080002b0   Section        4  entry5.o(.ARM.Collect$$$$00000004)
    .ARM.Collect$$$$00000008                 0x080002b4   Section        0  entry7b.o(.ARM.Collect$$$$00000008)
    .ARM.Collect$$$$0000000A                 0x080002b4   Section        0  entry8b.o(.ARM.Collect$$$$0000000A)
    .ARM.Collect$$$$0000000B                 0x080002b4   Section        8  entry9a.o(.ARM.Collect$$$$0000000B)
    .ARM.Collect$$$$0000000E                 0x080002bc   Section        4  entry12b.o(.ARM.Collect$$$$0000000E)
    .ARM.Collect$$$$0000000F                 0x080002c0   Section        0  entry10a.o(.ARM.Collect$$$$0000000F)
    .ARM.Collect$$$$00000011                 0x080002c0   Section        0  entry11a.o(.ARM.Collect$$$$00000011)
    .ARM.Collect$$$$00002712                 0x080002c0   Section        4  entry2.o(.ARM.Collect$$$$00002712)
    __lit__00000000                          0x080002c0   Data           4  entry2.o(.ARM.Collect$$$$00002712)
    .text                                    0x080002c4   Section       36  startup_stm32h7b0xx.o(.text)
    $v0                                      0x080002c4   Number         0  startup_stm32h7b0xx.o(.text)
    .text                                    0x080002e8   Section        0  uldiv.o(.text)
    .text                                    0x0800034a   Section        0  memseta.o(.text)
    .text                                    0x0800036e   Section        0  uidiv.o(.text)
    .text                                    0x0800039a   Section        0  llshl.o(.text)
    .text                                    0x080003b8   Section        0  llushr.o(.text)
    .text                                    0x080003d8   Section        0  iusefp.o(.text)
    .text                                    0x080003d8   Section        0  dadd.o(.text)
    .text                                    0x08000526   Section        0  dmul.o(.text)
    .text                                    0x0800060a   Section        0  ddiv.o(.text)
    .text                                    0x080006e8   Section        0  dfixul.o(.text)
    .text                                    0x08000718   Section       48  cdrcmple.o(.text)
    .text                                    0x08000748   Section       36  init.o(.text)
    .text                                    0x0800076c   Section        0  llsshr.o(.text)
    .text                                    0x08000790   Section        0  depilogue.o(.text)
    i.BusFault_Handler                       0x0800084a   Section        0  stm32h7xx_it.o(i.BusFault_Handler)
    i.DMA2_Stream7_IRQHandler                0x0800084e   Section        0  stm32h7xx_it.o(i.DMA2_Stream7_IRQHandler)
    i.DebugMon_Handler                       0x08000850   Section        0  stm32h7xx_it.o(i.DebugMon_Handler)
    i.HAL_Delay                              0x08000852   Section        0  delay.o(i.HAL_Delay)
    i.HAL_EnableCompensationCell             0x08000860   Section        0  stm32h7xx_hal.o(i.HAL_EnableCompensationCell)
    i.HAL_GPIO_Init                          0x08000874   Section        0  stm32h7xx_hal_gpio.o(i.HAL_GPIO_Init)
    i.HAL_GPIO_TogglePin                     0x08000a7c   Section        0  stm32h7xx_hal_gpio.o(i.HAL_GPIO_TogglePin)
    i.HAL_GPIO_WritePin                      0x08000a90   Section        0  stm32h7xx_hal_gpio.o(i.HAL_GPIO_WritePin)
    i.HAL_GetTick                            0x08000a9c   Section        0  stm32h7xx_hal.o(i.HAL_GetTick)
    i.HAL_IncTick                            0x08000aa8   Section        0  stm32h7xx_hal.o(i.HAL_IncTick)
    i.HAL_Init                               0x08000ac0   Section        0  stm32h7xx_hal.o(i.HAL_Init)
    i.HAL_InitTick                           0x08000b20   Section        0  stm32h7xx_hal.o(i.HAL_InitTick)
    i.HAL_MspInit                            0x08000b78   Section        0  stm32h7xx_hal.o(i.HAL_MspInit)
    i.HAL_NVIC_SetPriority                   0x08000b7a   Section        0  stm32h7xx_hal_cortex.o(i.HAL_NVIC_SetPriority)
    i.HAL_NVIC_SetPriorityGrouping           0x08000bf4   Section        0  stm32h7xx_hal_cortex.o(i.HAL_NVIC_SetPriorityGrouping)
    i.HAL_PWREx_EnableUSBVoltageDetector     0x08000c1c   Section        0  stm32h7xx_hal_pwr_ex.o(i.HAL_PWREx_EnableUSBVoltageDetector)
    i.HAL_PWR_EnableBkUpAccess               0x08000c30   Section        0  stm32h7xx_hal_pwr.o(i.HAL_PWR_EnableBkUpAccess)
    i.HAL_RCCEx_GetD3PCLK1Freq               0x08000c44   Section        0  stm32h7xx_hal_rcc_ex.o(i.HAL_RCCEx_GetD3PCLK1Freq)
    i.HAL_RCCEx_GetPLL2ClockFreq             0x08000c68   Section        0  stm32h7xx_hal_rcc_ex.o(i.HAL_RCCEx_GetPLL2ClockFreq)
    i.HAL_RCCEx_GetPLL3ClockFreq             0x08000e98   Section        0  stm32h7xx_hal_rcc_ex.o(i.HAL_RCCEx_GetPLL3ClockFreq)
    i.HAL_RCCEx_PeriphCLKConfig              0x080010c8   Section        0  stm32h7xx_hal_rcc_ex.o(i.HAL_RCCEx_PeriphCLKConfig)
    i.HAL_RCC_ClockConfig                    0x08001bac   Section        0  stm32h7xx_hal_rcc.o(i.HAL_RCC_ClockConfig)
    i.HAL_RCC_GetHCLKFreq                    0x08001ecc   Section        0  stm32h7xx_hal_rcc.o(i.HAL_RCC_GetHCLKFreq)
    i.HAL_RCC_GetPCLK1Freq                   0x08001f18   Section        0  stm32h7xx_hal_rcc.o(i.HAL_RCC_GetPCLK1Freq)
    i.HAL_RCC_GetPCLK2Freq                   0x08001f3c   Section        0  stm32h7xx_hal_rcc.o(i.HAL_RCC_GetPCLK2Freq)
    i.HAL_RCC_GetSysClockFreq                0x08001f60   Section        0  stm32h7xx_hal_rcc.o(i.HAL_RCC_GetSysClockFreq)
    i.HAL_RCC_OscConfig                      0x0800218c   Section        0  stm32h7xx_hal_rcc.o(i.HAL_RCC_OscConfig)
    i.HAL_RTCEx_AlarmBEventCallback          0x080028e8   Section        0  stm32h7xx_hal_rtc_ex.o(i.HAL_RTCEx_AlarmBEventCallback)
    i.HAL_RTCEx_BKUPRead                     0x080028ea   Section        0  stm32h7xx_hal_rtc_ex.o(i.HAL_RTCEx_BKUPRead)
    i.HAL_RTCEx_BKUPWrite                    0x080028fa   Section        0  stm32h7xx_hal_rtc_ex.o(i.HAL_RTCEx_BKUPWrite)
    i.HAL_RTCEx_WakeUpTimerEventCallback     0x0800290c   Section        0  rtc.o(i.HAL_RTCEx_WakeUpTimerEventCallback)
    i.HAL_RTCEx_WakeUpTimerIRQHandler        0x08002920   Section        0  stm32h7xx_hal_rtc_ex.o(i.HAL_RTCEx_WakeUpTimerIRQHandler)
    i.HAL_RTC_AlarmAEventCallback            0x08002950   Section        0  rtc.o(i.HAL_RTC_AlarmAEventCallback)
    i.HAL_RTC_AlarmIRQHandler                0x08002968   Section        0  stm32h7xx_hal_rtc.o(i.HAL_RTC_AlarmIRQHandler)
    i.HAL_RTC_GetDate                        0x080029a8   Section        0  stm32h7xx_hal_rtc.o(i.HAL_RTC_GetDate)
    i.HAL_RTC_GetTime                        0x080029f4   Section        0  stm32h7xx_hal_rtc.o(i.HAL_RTC_GetTime)
    i.HAL_RTC_Init                           0x08002a50   Section        0  stm32h7xx_hal_rtc.o(i.HAL_RTC_Init)
    i.HAL_RTC_MspInit                        0x08002afc   Section        0  rtc.o(i.HAL_RTC_MspInit)
    i.HAL_RTC_SetDate                        0x08002bc0   Section        0  stm32h7xx_hal_rtc.o(i.HAL_RTC_SetDate)
    i.HAL_RTC_SetTime                        0x08002c8c   Section        0  stm32h7xx_hal_rtc.o(i.HAL_RTC_SetTime)
    i.HAL_RTC_WaitForSynchro                 0x08002d84   Section        0  stm32h7xx_hal_rtc.o(i.HAL_RTC_WaitForSynchro)
    i.HAL_SPI_Init                           0x08002dbc   Section        0  stm32h7xx_hal_spi.o(i.HAL_SPI_Init)
    i.HAL_SPI_MspInit                        0x08002f38   Section        0  lcd_spi_200.o(i.HAL_SPI_MspInit)
    i.HAL_SPI_Transmit                       0x08003024   Section        0  stm32h7xx_hal_spi.o(i.HAL_SPI_Transmit)
    i.HAL_SYSTICK_CLKSourceConfig            0x080032da   Section        0  stm32h7xx_hal_cortex.o(i.HAL_SYSTICK_CLKSourceConfig)
    i.HAL_SYSTICK_Config                     0x08003302   Section        0  stm32h7xx_hal_cortex.o(i.HAL_SYSTICK_Config)
    i.HAL_UARTEx_RxEventCallback             0x08003336   Section        0  stm32h7xx_hal_uart.o(i.HAL_UARTEx_RxEventCallback)
    i.HAL_UART_ErrorCallback                 0x08003338   Section        0  stm32h7xx_hal_uart.o(i.HAL_UART_ErrorCallback)
    i.HAL_UART_Init                          0x0800333a   Section        0  stm32h7xx_hal_uart.o(i.HAL_UART_Init)
    i.HAL_UART_MspInit                       0x080033b4   Section        0  usart.o(i.HAL_UART_MspInit)
    i.HAL_UART_Receive_IT                    0x08003464   Section        0  stm32h7xx_hal_uart.o(i.HAL_UART_Receive_IT)
    i.HAL_UART_RxCpltCallback                0x080034c8   Section        0  usart.o(i.HAL_UART_RxCpltCallback)
    i.HardFault_Handler                      0x08003550   Section        0  stm32h7xx_it.o(i.HardFault_Handler)
    i.LCD_Clear                              0x08003554   Section        0  lcd_spi_200.o(i.LCD_Clear)
    i.LCD_DisplayChar                        0x080035b4   Section        0  lcd_spi_200.o(i.LCD_DisplayChar)
    i.LCD_DisplayNumber                      0x0800368c   Section        0  lcd_spi_200.o(i.LCD_DisplayNumber)
    i.LCD_DisplayString                      0x080036d8   Section        0  lcd_spi_200.o(i.LCD_DisplayString)
    i.LCD_SPI_Transmit                       0x08003710   Section        0  lcd_spi_200.o(i.LCD_SPI_Transmit)
    i.LCD_SetAddress                         0x08003898   Section        0  lcd_spi_200.o(i.LCD_SetAddress)
    i.LCD_SetAsciiFont                       0x080038f0   Section        0  lcd_spi_200.o(i.LCD_SetAsciiFont)
    i.LCD_SetBackColor                       0x080038fc   Section        0  lcd_spi_200.o(i.LCD_SetBackColor)
    i.LCD_SetColor                           0x08003924   Section        0  lcd_spi_200.o(i.LCD_SetColor)
    i.LCD_SetDirection                       0x0800394c   Section        0  lcd_spi_200.o(i.LCD_SetDirection)
    i.LCD_ShowNumMode                        0x080039e8   Section        0  lcd_spi_200.o(i.LCD_ShowNumMode)
    i.LCD_WriteBuff                          0x080039f4   Section        0  lcd_spi_200.o(i.LCD_WriteBuff)
    i.LCD_WriteCommand                       0x08003a30   Section        0  lcd_spi_200.o(i.LCD_WriteCommand)
    i.LCD_WriteData_16bit                    0x08003a58   Section        0  lcd_spi_200.o(i.LCD_WriteData_16bit)
    i.LCD_WriteData_8bit                     0x08003a8c   Section        0  lcd_spi_200.o(i.LCD_WriteData_8bit)
    i.LED_Init                               0x08003ab0   Section        0  led.o(i.LED_Init)
    i.MX_SPI4_Init                           0x08003b08   Section        0  lcd_spi_200.o(i.MX_SPI4_Init)
    i.MY_SPI_CloseTransfer                   0x08003b60   Section        0  lcd_spi_200.o(i.MY_SPI_CloseTransfer)
    i.MY_SPI_WaitOnFlagUntilTimeout          0x08003c36   Section        0  lcd_spi_200.o(i.MY_SPI_WaitOnFlagUntilTimeout)
    i.MemManage_Handler                      0x08003c78   Section        0  mpu.o(i.MemManage_Handler)
    i.NMI_Handler                            0x08003d14   Section        0  stm32h7xx_it.o(i.NMI_Handler)
    i.PendSV_Handler                         0x08003d18   Section        0  stm32h7xx_it.o(i.PendSV_Handler)
    i.RCCEx_PLL2_Config                      0x08003d1c   Section        0  stm32h7xx_hal_rcc_ex.o(i.RCCEx_PLL2_Config)
    RCCEx_PLL2_Config                        0x08003d1d   Thumb Code   350  stm32h7xx_hal_rcc_ex.o(i.RCCEx_PLL2_Config)
    i.RCCEx_PLL3_Config                      0x08003e80   Section        0  stm32h7xx_hal_rcc_ex.o(i.RCCEx_PLL3_Config)
    RCCEx_PLL3_Config                        0x08003e81   Thumb Code   350  stm32h7xx_hal_rcc_ex.o(i.RCCEx_PLL3_Config)
    i.RTC_Alarm_IRQHandler                   0x08003fe4   Section        0  rtc.o(i.RTC_Alarm_IRQHandler)
    i.RTC_Bcd2ToByte                         0x08003ff4   Section        0  stm32h7xx_hal_rtc.o(i.RTC_Bcd2ToByte)
    i.RTC_ByteToBcd2                         0x08004008   Section        0  stm32h7xx_hal_rtc.o(i.RTC_ByteToBcd2)
    i.RTC_EnterInitMode                      0x08004024   Section        0  stm32h7xx_hal_rtc.o(i.RTC_EnterInitMode)
    i.RTC_ExitInitMode                       0x0800406c   Section        0  stm32h7xx_hal_rtc.o(i.RTC_ExitInitMode)
    i.RTC_WKUP_IRQHandler                    0x080040cc   Section        0  rtc.o(i.RTC_WKUP_IRQHandler)
    i.SPI_CloseTransfer                      0x080040dc   Section        0  stm32h7xx_hal_spi.o(i.SPI_CloseTransfer)
    SPI_CloseTransfer                        0x080040dd   Thumb Code   214  stm32h7xx_hal_spi.o(i.SPI_CloseTransfer)
    i.SPI_GetPacketSize                      0x080041b2   Section        0  stm32h7xx_hal_spi.o(i.SPI_GetPacketSize)
    SPI_GetPacketSize                        0x080041b3   Thumb Code    26  stm32h7xx_hal_spi.o(i.SPI_GetPacketSize)
    i.SPI_LCD_Init                           0x080041cc   Section        0  lcd_spi_200.o(i.SPI_LCD_Init)
    i.SPI_WaitOnFlagUntilTimeout             0x08004384   Section        0  stm32h7xx_hal_spi.o(i.SPI_WaitOnFlagUntilTimeout)
    SPI_WaitOnFlagUntilTimeout               0x08004385   Thumb Code    64  stm32h7xx_hal_spi.o(i.SPI_WaitOnFlagUntilTimeout)
    i.SVC_Handler                            0x080043c4   Section        0  stm32h7xx_it.o(i.SVC_Handler)
    i.SysTick_Handler                        0x080043c6   Section        0  stm32h7xx_it.o(i.SysTick_Handler)
    i.SystemInit                             0x080043d0   Section        0  system_stm32h7xx.o(i.SystemInit)
    i.UART_AdvFeatureConfig                  0x080044b8   Section        0  stm32h7xx_hal_uart.o(i.UART_AdvFeatureConfig)
    i.UART_CheckIdleState                    0x080045b0   Section        0  stm32h7xx_hal_uart.o(i.UART_CheckIdleState)
    i.UART_RxISR_16BIT                       0x08004626   Section        0  stm32h7xx_hal_uart.o(i.UART_RxISR_16BIT)
    UART_RxISR_16BIT                         0x08004627   Thumb Code   146  stm32h7xx_hal_uart.o(i.UART_RxISR_16BIT)
    i.UART_RxISR_16BIT_FIFOEN                0x080046b8   Section        0  stm32h7xx_hal_uart.o(i.UART_RxISR_16BIT_FIFOEN)
    UART_RxISR_16BIT_FIFOEN                  0x080046b9   Thumb Code   348  stm32h7xx_hal_uart.o(i.UART_RxISR_16BIT_FIFOEN)
    i.UART_RxISR_8BIT                        0x0800481c   Section        0  stm32h7xx_hal_uart.o(i.UART_RxISR_8BIT)
    UART_RxISR_8BIT                          0x0800481d   Thumb Code   142  stm32h7xx_hal_uart.o(i.UART_RxISR_8BIT)
    i.UART_RxISR_8BIT_FIFOEN                 0x080048ac   Section        0  stm32h7xx_hal_uart.o(i.UART_RxISR_8BIT_FIFOEN)
    UART_RxISR_8BIT_FIFOEN                   0x080048ad   Thumb Code   346  stm32h7xx_hal_uart.o(i.UART_RxISR_8BIT_FIFOEN)
    i.UART_SetConfig                         0x08004a10   Section        0  stm32h7xx_hal_uart.o(i.UART_SetConfig)
    i.UART_Start_Receive_IT                  0x08005038   Section        0  stm32h7xx_hal_uart.o(i.UART_Start_Receive_IT)
    i.UART_WaitOnFlagUntilTimeout            0x08005148   Section        0  stm32h7xx_hal_uart.o(i.UART_WaitOnFlagUntilTimeout)
    i.USART1_Init                            0x08005208   Section        0  usart.o(i.USART1_Init)
    i.UsageFault_Handler                     0x08005240   Section        0  stm32h7xx_it.o(i.UsageFault_Handler)
    i.__0printf                              0x08005244   Section        0  printfa.o(i.__0printf)
    i.__0sprintf                             0x08005264   Section        0  printfa.o(i.__0sprintf)
    i.__NVIC_GetPriorityGrouping             0x0800528c   Section        0  stm32h7xx_hal_cortex.o(i.__NVIC_GetPriorityGrouping)
    __NVIC_GetPriorityGrouping               0x0800528d   Thumb Code    10  stm32h7xx_hal_cortex.o(i.__NVIC_GetPriorityGrouping)
    i.__NVIC_SetPriority                     0x0800529c   Section        0  stm32h7xx_hal_cortex.o(i.__NVIC_SetPriority)
    __NVIC_SetPriority                       0x0800529d   Thumb Code    32  stm32h7xx_hal_cortex.o(i.__NVIC_SetPriority)
    i.__scatterload_copy                     0x080052c4   Section       14  handlers.o(i.__scatterload_copy)
    i.__scatterload_null                     0x080052d2   Section        2  handlers.o(i.__scatterload_null)
    i.__scatterload_zeroinit                 0x080052d4   Section       14  handlers.o(i.__scatterload_zeroinit)
    i._fp_digits                             0x080052e4   Section        0  printfa.o(i._fp_digits)
    _fp_digits                               0x080052e5   Thumb Code   366  printfa.o(i._fp_digits)
    i._printf_core                           0x08005468   Section        0  printfa.o(i._printf_core)
    _printf_core                             0x08005469   Thumb Code  1704  printfa.o(i._printf_core)
    i._printf_post_padding                   0x08005b1c   Section        0  printfa.o(i._printf_post_padding)
    _printf_post_padding                     0x08005b1d   Thumb Code    36  printfa.o(i._printf_post_padding)
    i._printf_pre_padding                    0x08005b40   Section        0  printfa.o(i._printf_pre_padding)
    _printf_pre_padding                      0x08005b41   Thumb Code    46  printfa.o(i._printf_pre_padding)
    i._sputc                                 0x08005b6e   Section        0  printfa.o(i._sputc)
    _sputc                                   0x08005b6f   Thumb Code    10  printfa.o(i._sputc)
    i.delay_init                             0x08005b78   Section        0  delay.o(i.delay_init)
    i.delay_ms                               0x08005b8c   Section        0  delay.o(i.delay_ms)
    i.delay_us                               0x08005bc0   Section        0  delay.o(i.delay_us)
    i.fputc                                  0x08005c0c   Section        0  usart.o(i.fputc)
    i.key_init                               0x08005c28   Section        0  key.o(i.key_init)
    i.main                                   0x08005cd0   Section        0  main.o(i.main)
    i.rtc_get_date                           0x08005e34   Section        0  rtc.o(i.rtc_get_date)
    i.rtc_get_time                           0x08005e68   Section        0  rtc.o(i.rtc_get_time)
    i.rtc_init                               0x08005ea0   Section        0  rtc.o(i.rtc_init)
    i.rtc_read_bkr                           0x08005f2c   Section        0  rtc.o(i.rtc_read_bkr)
    i.rtc_set_date                           0x08005f44   Section        0  rtc.o(i.rtc_set_date)
    i.rtc_set_time                           0x08005f70   Section        0  rtc.o(i.rtc_set_time)
    i.rtc_write_bkr                          0x08005fa4   Section        0  rtc.o(i.rtc_write_bkr)
    i.sys_cache_enable                       0x08005fc0   Section        0  sys.o(i.sys_cache_enable)
    i.sys_stm32_clock_init                   0x08006100   Section        0  sys.o(i.sys_stm32_clock_init)
    .constdata                               0x08006250   Section       24  stm32h7xx_hal_uart.o(.constdata)
    .constdata                               0x08006268   Section       16  system_stm32h7xx.o(.constdata)
    .constdata                               0x08006278   Section    26660  lcd_fonts.o(.constdata)
    .data                                    0x24000000   Section        9  stm32h7xx_hal.o(.data)
    .data                                    0x2400000c   Section        4  delay.o(.data)
    g_fac_us                                 0x2400000c   Data           4  delay.o(.data)
    .data                                    0x24000010   Section        7  usart.o(.data)
    .data                                    0x24000018   Section        8  system_stm32h7xx.o(.data)
    .data                                    0x24000020   Section      120  lcd_fonts.o(.data)
    .data                                    0x24000098   Section        8  lcd_spi_200.o(.data)
    LCD_AsciiFonts                           0x24000098   Data           4  lcd_spi_200.o(.data)
    LCD_CHFonts                              0x2400009c   Data           4  lcd_spi_200.o(.data)
    .bss                                     0x240000a0   Section      344  usart.o(.bss)
    .bss                                     0x240001f8   Section     2200  lcd_spi_200.o(.bss)
    .bss                                     0x24000a90   Section       40  rtc.o(.bss)
    STACK                                    0x24000ab8   Section     1024  startup_stm32h7b0xx.o(STACK)

    Global Symbols

    Symbol Name                              Value     Ov Type        Size  Object(Section)

    BuildAttributes$$THM_ISAv4$E$P$D$K$B$S$7EM$VFPv5_D16$PE$PLD8$A:L22UL41UL21$X:L11$S22US41US21$IEEE1$IW$USESV6$~STKCKD$USESV7$~SHL$OSPACE$ROPI$EBA8$MICROLIB$REQ8$PRES8$EABIv2 0x00000000   Number         0  anon$$obj.o ABSOLUTE
    __ARM_use_no_argv                        0x00000000   Number         0  main.o ABSOLUTE
    __use_no_errno                           0x00000000   Number         0  useno.o ABSOLUTE
    __use_no_exception_handling              0x00000000   Number         0  useno.o ABSOLUTE
    __use_no_fp                              0x00000000   Number         0  useno.o ABSOLUTE
    __use_no_heap                            0x00000000   Number         0  useno.o ABSOLUTE
    __use_no_heap_region                     0x00000000   Number         0  useno.o ABSOLUTE
    __use_no_semihosting                     0x00000000   Number         0  useno.o ABSOLUTE
    __use_no_semihosting_swi                 0x00000000   Number         0  useno.o ABSOLUTE
    __use_no_signal_handling                 0x00000000   Number         0  useno.o ABSOLUTE
    _printf_a                                0x00000000   Number         0  stubs.o ABSOLUTE
    _printf_c                                0x00000000   Number         0  stubs.o ABSOLUTE
    _printf_charcount                        0x00000000   Number         0  stubs.o ABSOLUTE
    _printf_d                                0x00000000   Number         0  stubs.o ABSOLUTE
    _printf_e                                0x00000000   Number         0  stubs.o ABSOLUTE
    _printf_f                                0x00000000   Number         0  stubs.o ABSOLUTE
    _printf_flags                            0x00000000   Number         0  stubs.o ABSOLUTE
    _printf_fp_dec                           0x00000000   Number         0  stubs.o ABSOLUTE
    _printf_fp_hex                           0x00000000   Number         0  stubs.o ABSOLUTE
    _printf_g                                0x00000000   Number         0  stubs.o ABSOLUTE
    _printf_i                                0x00000000   Number         0  stubs.o ABSOLUTE
    _printf_int_dec                          0x00000000   Number         0  stubs.o ABSOLUTE
    _printf_l                                0x00000000   Number         0  stubs.o ABSOLUTE
    _printf_lc                               0x00000000   Number         0  stubs.o ABSOLUTE
    _printf_ll                               0x00000000   Number         0  stubs.o ABSOLUTE
    _printf_lld                              0x00000000   Number         0  stubs.o ABSOLUTE
    _printf_lli                              0x00000000   Number         0  stubs.o ABSOLUTE
    _printf_llo                              0x00000000   Number         0  stubs.o ABSOLUTE
    _printf_llu                              0x00000000   Number         0  stubs.o ABSOLUTE
    _printf_llx                              0x00000000   Number         0  stubs.o ABSOLUTE
    _printf_longlong_dec                     0x00000000   Number         0  stubs.o ABSOLUTE
    _printf_longlong_hex                     0x00000000   Number         0  stubs.o ABSOLUTE
    _printf_longlong_oct                     0x00000000   Number         0  stubs.o ABSOLUTE
    _printf_ls                               0x00000000   Number         0  stubs.o ABSOLUTE
    _printf_mbtowc                           0x00000000   Number         0  stubs.o ABSOLUTE
    _printf_n                                0x00000000   Number         0  stubs.o ABSOLUTE
    _printf_o                                0x00000000   Number         0  stubs.o ABSOLUTE
    _printf_p                                0x00000000   Number         0  stubs.o ABSOLUTE
    _printf_percent                          0x00000000   Number         0  stubs.o ABSOLUTE
    _printf_pre_padding                      0x00000000   Number         0  stubs.o ABSOLUTE
    _printf_return_value                     0x00000000   Number         0  stubs.o ABSOLUTE
    _printf_s                                0x00000000   Number         0  stubs.o ABSOLUTE
    _printf_sizespec                         0x00000000   Number         0  stubs.o ABSOLUTE
    _printf_str                              0x00000000   Number         0  stubs.o ABSOLUTE
    _printf_truncate_signed                  0x00000000   Number         0  stubs.o ABSOLUTE
    _printf_truncate_unsigned                0x00000000   Number         0  stubs.o ABSOLUTE
    _printf_u                                0x00000000   Number         0  stubs.o ABSOLUTE
    _printf_wc                               0x00000000   Number         0  stubs.o ABSOLUTE
    _printf_wctomb                           0x00000000   Number         0  stubs.o ABSOLUTE
    _printf_widthprec                        0x00000000   Number         0  stubs.o ABSOLUTE
    _printf_x                                0x00000000   Number         0  stubs.o ABSOLUTE
    __arm_fini_                               - Undefined Weak Reference
    __cpp_initialize__aeabi_                  - Undefined Weak Reference
    __cxa_finalize                            - Undefined Weak Reference
    __decompress                              - Undefined Weak Reference
    _clock_init                               - Undefined Weak Reference
    _microlib_exit                            - Undefined Weak Reference
    __Vectors_Size                           0x000002ac   Number         0  startup_stm32h7b0xx.o ABSOLUTE
    __Vectors                                0x08000000   Data           4  startup_stm32h7b0xx.o(RESET)
    __Vectors_End                            0x080002ac   Data           0  startup_stm32h7b0xx.o(RESET)
    __main                                   0x080002ad   Thumb Code     0  entry.o(.ARM.Collect$$$$00000000)
    _main_stk                                0x080002ad   Thumb Code     0  entry2.o(.ARM.Collect$$$$00000001)
    _main_scatterload                        0x080002b1   Thumb Code     0  entry5.o(.ARM.Collect$$$$00000004)
    __main_after_scatterload                 0x080002b5   Thumb Code     0  entry5.o(.ARM.Collect$$$$00000004)
    _main_clock                              0x080002b5   Thumb Code     0  entry7b.o(.ARM.Collect$$$$00000008)
    _main_cpp_init                           0x080002b5   Thumb Code     0  entry8b.o(.ARM.Collect$$$$0000000A)
    _main_init                               0x080002b5   Thumb Code     0  entry9a.o(.ARM.Collect$$$$0000000B)
    __rt_lib_shutdown_fini                   0x080002bd   Thumb Code     0  entry12b.o(.ARM.Collect$$$$0000000E)
    __rt_final_cpp                           0x080002c1   Thumb Code     0  entry10a.o(.ARM.Collect$$$$0000000F)
    __rt_final_exit                          0x080002c1   Thumb Code     0  entry11a.o(.ARM.Collect$$$$00000011)
    Reset_Handler                            0x080002c5   Thumb Code     8  startup_stm32h7b0xx.o(.text)
    ADC_IRQHandler                           0x080002df   Thumb Code     0  startup_stm32h7b0xx.o(.text)
    BDMA1_IRQHandler                         0x080002df   Thumb Code     0  startup_stm32h7b0xx.o(.text)
    BDMA2_Channel0_IRQHandler                0x080002df   Thumb Code     0  startup_stm32h7b0xx.o(.text)
    BDMA2_Channel1_IRQHandler                0x080002df   Thumb Code     0  startup_stm32h7b0xx.o(.text)
    BDMA2_Channel2_IRQHandler                0x080002df   Thumb Code     0  startup_stm32h7b0xx.o(.text)
    BDMA2_Channel3_IRQHandler                0x080002df   Thumb Code     0  startup_stm32h7b0xx.o(.text)
    BDMA2_Channel4_IRQHandler                0x080002df   Thumb Code     0  startup_stm32h7b0xx.o(.text)
    BDMA2_Channel5_IRQHandler                0x080002df   Thumb Code     0  startup_stm32h7b0xx.o(.text)
    BDMA2_Channel6_IRQHandler                0x080002df   Thumb Code     0  startup_stm32h7b0xx.o(.text)
    BDMA2_Channel7_IRQHandler                0x080002df   Thumb Code     0  startup_stm32h7b0xx.o(.text)
    CEC_IRQHandler                           0x080002df   Thumb Code     0  startup_stm32h7b0xx.o(.text)
    COMP_IRQHandler                          0x080002df   Thumb Code     0  startup_stm32h7b0xx.o(.text)
    CRS_IRQHandler                           0x080002df   Thumb Code     0  startup_stm32h7b0xx.o(.text)
    CRYP_IRQHandler                          0x080002df   Thumb Code     0  startup_stm32h7b0xx.o(.text)
    DAC2_IRQHandler                          0x080002df   Thumb Code     0  startup_stm32h7b0xx.o(.text)
    DCMI_PSSI_IRQHandler                     0x080002df   Thumb Code     0  startup_stm32h7b0xx.o(.text)
    DFSDM1_FLT0_IRQHandler                   0x080002df   Thumb Code     0  startup_stm32h7b0xx.o(.text)
    DFSDM1_FLT1_IRQHandler                   0x080002df   Thumb Code     0  startup_stm32h7b0xx.o(.text)
    DFSDM1_FLT2_IRQHandler                   0x080002df   Thumb Code     0  startup_stm32h7b0xx.o(.text)
    DFSDM1_FLT3_IRQHandler                   0x080002df   Thumb Code     0  startup_stm32h7b0xx.o(.text)
    DFSDM1_FLT4_IRQHandler                   0x080002df   Thumb Code     0  startup_stm32h7b0xx.o(.text)
    DFSDM1_FLT5_IRQHandler                   0x080002df   Thumb Code     0  startup_stm32h7b0xx.o(.text)
    DFSDM1_FLT6_IRQHandler                   0x080002df   Thumb Code     0  startup_stm32h7b0xx.o(.text)
    DFSDM1_FLT7_IRQHandler                   0x080002df   Thumb Code     0  startup_stm32h7b0xx.o(.text)
    DFSDM2_IRQHandler                        0x080002df   Thumb Code     0  startup_stm32h7b0xx.o(.text)
    DMA1_Stream0_IRQHandler                  0x080002df   Thumb Code     0  startup_stm32h7b0xx.o(.text)
    DMA1_Stream1_IRQHandler                  0x080002df   Thumb Code     0  startup_stm32h7b0xx.o(.text)
    DMA1_Stream2_IRQHandler                  0x080002df   Thumb Code     0  startup_stm32h7b0xx.o(.text)
    DMA1_Stream3_IRQHandler                  0x080002df   Thumb Code     0  startup_stm32h7b0xx.o(.text)
    DMA1_Stream4_IRQHandler                  0x080002df   Thumb Code     0  startup_stm32h7b0xx.o(.text)
    DMA1_Stream5_IRQHandler                  0x080002df   Thumb Code     0  startup_stm32h7b0xx.o(.text)
    DMA1_Stream6_IRQHandler                  0x080002df   Thumb Code     0  startup_stm32h7b0xx.o(.text)
    DMA1_Stream7_IRQHandler                  0x080002df   Thumb Code     0  startup_stm32h7b0xx.o(.text)
    DMA2D_IRQHandler                         0x080002df   Thumb Code     0  startup_stm32h7b0xx.o(.text)
    DMA2_Stream0_IRQHandler                  0x080002df   Thumb Code     0  startup_stm32h7b0xx.o(.text)
    DMA2_Stream1_IRQHandler                  0x080002df   Thumb Code     0  startup_stm32h7b0xx.o(.text)
    DMA2_Stream2_IRQHandler                  0x080002df   Thumb Code     0  startup_stm32h7b0xx.o(.text)
    DMA2_Stream3_IRQHandler                  0x080002df   Thumb Code     0  startup_stm32h7b0xx.o(.text)
    DMA2_Stream4_IRQHandler                  0x080002df   Thumb Code     0  startup_stm32h7b0xx.o(.text)
    DMA2_Stream5_IRQHandler                  0x080002df   Thumb Code     0  startup_stm32h7b0xx.o(.text)
    DMA2_Stream6_IRQHandler                  0x080002df   Thumb Code     0  startup_stm32h7b0xx.o(.text)
    DMAMUX1_OVR_IRQHandler                   0x080002df   Thumb Code     0  startup_stm32h7b0xx.o(.text)
    DMAMUX2_OVR_IRQHandler                   0x080002df   Thumb Code     0  startup_stm32h7b0xx.o(.text)
    DTS_IRQHandler                           0x080002df   Thumb Code     0  startup_stm32h7b0xx.o(.text)
    ECC_IRQHandler                           0x080002df   Thumb Code     0  startup_stm32h7b0xx.o(.text)
    EXTI0_IRQHandler                         0x080002df   Thumb Code     0  startup_stm32h7b0xx.o(.text)
    EXTI15_10_IRQHandler                     0x080002df   Thumb Code     0  startup_stm32h7b0xx.o(.text)
    EXTI1_IRQHandler                         0x080002df   Thumb Code     0  startup_stm32h7b0xx.o(.text)
    EXTI2_IRQHandler                         0x080002df   Thumb Code     0  startup_stm32h7b0xx.o(.text)
    EXTI3_IRQHandler                         0x080002df   Thumb Code     0  startup_stm32h7b0xx.o(.text)
    EXTI4_IRQHandler                         0x080002df   Thumb Code     0  startup_stm32h7b0xx.o(.text)
    EXTI9_5_IRQHandler                       0x080002df   Thumb Code     0  startup_stm32h7b0xx.o(.text)
    FDCAN1_IT0_IRQHandler                    0x080002df   Thumb Code     0  startup_stm32h7b0xx.o(.text)
    FDCAN1_IT1_IRQHandler                    0x080002df   Thumb Code     0  startup_stm32h7b0xx.o(.text)
    FDCAN2_IT0_IRQHandler                    0x080002df   Thumb Code     0  startup_stm32h7b0xx.o(.text)
    FDCAN2_IT1_IRQHandler                    0x080002df   Thumb Code     0  startup_stm32h7b0xx.o(.text)
    FDCAN_CAL_IRQHandler                     0x080002df   Thumb Code     0  startup_stm32h7b0xx.o(.text)
    FLASH_IRQHandler                         0x080002df   Thumb Code     0  startup_stm32h7b0xx.o(.text)
    FMC_IRQHandler                           0x080002df   Thumb Code     0  startup_stm32h7b0xx.o(.text)
    FPU_IRQHandler                           0x080002df   Thumb Code     0  startup_stm32h7b0xx.o(.text)
    GFXMMU_IRQHandler                        0x080002df   Thumb Code     0  startup_stm32h7b0xx.o(.text)
    HASH_RNG_IRQHandler                      0x080002df   Thumb Code     0  startup_stm32h7b0xx.o(.text)
    HSEM1_IRQHandler                         0x080002df   Thumb Code     0  startup_stm32h7b0xx.o(.text)
    I2C1_ER_IRQHandler                       0x080002df   Thumb Code     0  startup_stm32h7b0xx.o(.text)
    I2C1_EV_IRQHandler                       0x080002df   Thumb Code     0  startup_stm32h7b0xx.o(.text)
    I2C2_ER_IRQHandler                       0x080002df   Thumb Code     0  startup_stm32h7b0xx.o(.text)
    I2C2_EV_IRQHandler                       0x080002df   Thumb Code     0  startup_stm32h7b0xx.o(.text)
    I2C3_ER_IRQHandler                       0x080002df   Thumb Code     0  startup_stm32h7b0xx.o(.text)
    I2C3_EV_IRQHandler                       0x080002df   Thumb Code     0  startup_stm32h7b0xx.o(.text)
    I2C4_ER_IRQHandler                       0x080002df   Thumb Code     0  startup_stm32h7b0xx.o(.text)
    I2C4_EV_IRQHandler                       0x080002df   Thumb Code     0  startup_stm32h7b0xx.o(.text)
    JPEG_IRQHandler                          0x080002df   Thumb Code     0  startup_stm32h7b0xx.o(.text)
    LPTIM1_IRQHandler                        0x080002df   Thumb Code     0  startup_stm32h7b0xx.o(.text)
    LPTIM2_IRQHandler                        0x080002df   Thumb Code     0  startup_stm32h7b0xx.o(.text)
    LPTIM3_IRQHandler                        0x080002df   Thumb Code     0  startup_stm32h7b0xx.o(.text)
    LPUART1_IRQHandler                       0x080002df   Thumb Code     0  startup_stm32h7b0xx.o(.text)
    LTDC_ER_IRQHandler                       0x080002df   Thumb Code     0  startup_stm32h7b0xx.o(.text)
    LTDC_IRQHandler                          0x080002df   Thumb Code     0  startup_stm32h7b0xx.o(.text)
    MDIOS_IRQHandler                         0x080002df   Thumb Code     0  startup_stm32h7b0xx.o(.text)
    MDIOS_WKUP_IRQHandler                    0x080002df   Thumb Code     0  startup_stm32h7b0xx.o(.text)
    MDMA_IRQHandler                          0x080002df   Thumb Code     0  startup_stm32h7b0xx.o(.text)
    OCTOSPI1_IRQHandler                      0x080002df   Thumb Code     0  startup_stm32h7b0xx.o(.text)
    OCTOSPI2_IRQHandler                      0x080002df   Thumb Code     0  startup_stm32h7b0xx.o(.text)
    OTFDEC1_IRQHandler                       0x080002df   Thumb Code     0  startup_stm32h7b0xx.o(.text)
    OTFDEC2_IRQHandler                       0x080002df   Thumb Code     0  startup_stm32h7b0xx.o(.text)
    OTG_HS_EP1_IN_IRQHandler                 0x080002df   Thumb Code     0  startup_stm32h7b0xx.o(.text)
    OTG_HS_EP1_OUT_IRQHandler                0x080002df   Thumb Code     0  startup_stm32h7b0xx.o(.text)
    OTG_HS_IRQHandler                        0x080002df   Thumb Code     0  startup_stm32h7b0xx.o(.text)
    OTG_HS_WKUP_IRQHandler                   0x080002df   Thumb Code     0  startup_stm32h7b0xx.o(.text)
    PVD_PVM_IRQHandler                       0x080002df   Thumb Code     0  startup_stm32h7b0xx.o(.text)
    RCC_IRQHandler                           0x080002df   Thumb Code     0  startup_stm32h7b0xx.o(.text)
    RTC_TAMP_STAMP_CSS_LSE_IRQHandler        0x080002df   Thumb Code     0  startup_stm32h7b0xx.o(.text)
    SAI1_IRQHandler                          0x080002df   Thumb Code     0  startup_stm32h7b0xx.o(.text)
    SAI2_IRQHandler                          0x080002df   Thumb Code     0  startup_stm32h7b0xx.o(.text)
    SDMMC1_IRQHandler                        0x080002df   Thumb Code     0  startup_stm32h7b0xx.o(.text)
    SDMMC2_IRQHandler                        0x080002df   Thumb Code     0  startup_stm32h7b0xx.o(.text)
    SPDIF_RX_IRQHandler                      0x080002df   Thumb Code     0  startup_stm32h7b0xx.o(.text)
    SPI1_IRQHandler                          0x080002df   Thumb Code     0  startup_stm32h7b0xx.o(.text)
    SPI2_IRQHandler                          0x080002df   Thumb Code     0  startup_stm32h7b0xx.o(.text)
    SPI3_IRQHandler                          0x080002df   Thumb Code     0  startup_stm32h7b0xx.o(.text)
    SPI4_IRQHandler                          0x080002df   Thumb Code     0  startup_stm32h7b0xx.o(.text)
    SPI5_IRQHandler                          0x080002df   Thumb Code     0  startup_stm32h7b0xx.o(.text)
    SPI6_IRQHandler                          0x080002df   Thumb Code     0  startup_stm32h7b0xx.o(.text)
    SWPMI1_IRQHandler                        0x080002df   Thumb Code     0  startup_stm32h7b0xx.o(.text)
    TIM15_IRQHandler                         0x080002df   Thumb Code     0  startup_stm32h7b0xx.o(.text)
    TIM16_IRQHandler                         0x080002df   Thumb Code     0  startup_stm32h7b0xx.o(.text)
    TIM17_IRQHandler                         0x080002df   Thumb Code     0  startup_stm32h7b0xx.o(.text)
    TIM1_BRK_IRQHandler                      0x080002df   Thumb Code     0  startup_stm32h7b0xx.o(.text)
    TIM1_CC_IRQHandler                       0x080002df   Thumb Code     0  startup_stm32h7b0xx.o(.text)
    TIM1_TRG_COM_IRQHandler                  0x080002df   Thumb Code     0  startup_stm32h7b0xx.o(.text)
    TIM1_UP_IRQHandler                       0x080002df   Thumb Code     0  startup_stm32h7b0xx.o(.text)
    TIM2_IRQHandler                          0x080002df   Thumb Code     0  startup_stm32h7b0xx.o(.text)
    TIM3_IRQHandler                          0x080002df   Thumb Code     0  startup_stm32h7b0xx.o(.text)
    TIM4_IRQHandler                          0x080002df   Thumb Code     0  startup_stm32h7b0xx.o(.text)
    TIM5_IRQHandler                          0x080002df   Thumb Code     0  startup_stm32h7b0xx.o(.text)
    TIM6_DAC_IRQHandler                      0x080002df   Thumb Code     0  startup_stm32h7b0xx.o(.text)
    TIM7_IRQHandler                          0x080002df   Thumb Code     0  startup_stm32h7b0xx.o(.text)
    TIM8_BRK_TIM12_IRQHandler                0x080002df   Thumb Code     0  startup_stm32h7b0xx.o(.text)
    TIM8_CC_IRQHandler                       0x080002df   Thumb Code     0  startup_stm32h7b0xx.o(.text)
    TIM8_TRG_COM_TIM14_IRQHandler            0x080002df   Thumb Code     0  startup_stm32h7b0xx.o(.text)
    TIM8_UP_TIM13_IRQHandler                 0x080002df   Thumb Code     0  startup_stm32h7b0xx.o(.text)
    UART4_IRQHandler                         0x080002df   Thumb Code     0  startup_stm32h7b0xx.o(.text)
    UART5_IRQHandler                         0x080002df   Thumb Code     0  startup_stm32h7b0xx.o(.text)
    UART7_IRQHandler                         0x080002df   Thumb Code     0  startup_stm32h7b0xx.o(.text)
    UART8_IRQHandler                         0x080002df   Thumb Code     0  startup_stm32h7b0xx.o(.text)
    UART9_IRQHandler                         0x080002df   Thumb Code     0  startup_stm32h7b0xx.o(.text)
    USART10_IRQHandler                       0x080002df   Thumb Code     0  startup_stm32h7b0xx.o(.text)
    USART1_IRQHandler                        0x080002df   Thumb Code     0  startup_stm32h7b0xx.o(.text)
    USART2_IRQHandler                        0x080002df   Thumb Code     0  startup_stm32h7b0xx.o(.text)
    USART3_IRQHandler                        0x080002df   Thumb Code     0  startup_stm32h7b0xx.o(.text)
    USART6_IRQHandler                        0x080002df   Thumb Code     0  startup_stm32h7b0xx.o(.text)
    WAKEUP_PIN_IRQHandler                    0x080002df   Thumb Code     0  startup_stm32h7b0xx.o(.text)
    WWDG_IRQHandler                          0x080002df   Thumb Code     0  startup_stm32h7b0xx.o(.text)
    __aeabi_uldivmod                         0x080002e9   Thumb Code    98  uldiv.o(.text)
    __aeabi_memset                           0x0800034b   Thumb Code    14  memseta.o(.text)
    __aeabi_memset4                          0x0800034b   Thumb Code     0  memseta.o(.text)
    __aeabi_memset8                          0x0800034b   Thumb Code     0  memseta.o(.text)
    __aeabi_memclr                           0x08000359   Thumb Code     4  memseta.o(.text)
    __aeabi_memclr4                          0x08000359   Thumb Code     0  memseta.o(.text)
    __aeabi_memclr8                          0x08000359   Thumb Code     0  memseta.o(.text)
    _memset$wrapper                          0x0800035d   Thumb Code    18  memseta.o(.text)
    __aeabi_uidiv                            0x0800036f   Thumb Code     0  uidiv.o(.text)
    __aeabi_uidivmod                         0x0800036f   Thumb Code    44  uidiv.o(.text)
    __aeabi_llsl                             0x0800039b   Thumb Code    30  llshl.o(.text)
    _ll_shift_l                              0x0800039b   Thumb Code     0  llshl.o(.text)
    __aeabi_llsr                             0x080003b9   Thumb Code    32  llushr.o(.text)
    _ll_ushift_r                             0x080003b9   Thumb Code     0  llushr.o(.text)
    __I$use$fp                               0x080003d9   Thumb Code     0  iusefp.o(.text)
    __aeabi_dadd                             0x080003d9   Thumb Code   322  dadd.o(.text)
    __aeabi_dsub                             0x0800051b   Thumb Code     6  dadd.o(.text)
    __aeabi_drsub                            0x08000521   Thumb Code     6  dadd.o(.text)
    __aeabi_dmul                             0x08000527   Thumb Code   228  dmul.o(.text)
    __aeabi_ddiv                             0x0800060b   Thumb Code   222  ddiv.o(.text)
    __aeabi_d2ulz                            0x080006e9   Thumb Code    48  dfixul.o(.text)
    __aeabi_cdrcmple                         0x08000719   Thumb Code    48  cdrcmple.o(.text)
    __scatterload                            0x08000749   Thumb Code    28  init.o(.text)
    __scatterload_rt2                        0x08000749   Thumb Code     0  init.o(.text)
    __aeabi_lasr                             0x0800076d   Thumb Code    36  llsshr.o(.text)
    _ll_sshift_r                             0x0800076d   Thumb Code     0  llsshr.o(.text)
    _double_round                            0x08000791   Thumb Code    30  depilogue.o(.text)
    _double_epilogue                         0x080007af   Thumb Code   156  depilogue.o(.text)
    BusFault_Handler                         0x0800084b   Thumb Code     4  stm32h7xx_it.o(i.BusFault_Handler)
    DMA2_Stream7_IRQHandler                  0x0800084f   Thumb Code     2  stm32h7xx_it.o(i.DMA2_Stream7_IRQHandler)
    DebugMon_Handler                         0x08000851   Thumb Code     2  stm32h7xx_it.o(i.DebugMon_Handler)
    HAL_Delay                                0x08000853   Thumb Code    12  delay.o(i.HAL_Delay)
    HAL_EnableCompensationCell               0x08000861   Thumb Code    14  stm32h7xx_hal.o(i.HAL_EnableCompensationCell)
    HAL_GPIO_Init                            0x08000875   Thumb Code   468  stm32h7xx_hal_gpio.o(i.HAL_GPIO_Init)
    HAL_GPIO_TogglePin                       0x08000a7d   Thumb Code    20  stm32h7xx_hal_gpio.o(i.HAL_GPIO_TogglePin)
    HAL_GPIO_WritePin                        0x08000a91   Thumb Code    12  stm32h7xx_hal_gpio.o(i.HAL_GPIO_WritePin)
    HAL_GetTick                              0x08000a9d   Thumb Code     6  stm32h7xx_hal.o(i.HAL_GetTick)
    HAL_IncTick                              0x08000aa9   Thumb Code    16  stm32h7xx_hal.o(i.HAL_IncTick)
    HAL_Init                                 0x08000ac1   Thumb Code    80  stm32h7xx_hal.o(i.HAL_Init)
    HAL_InitTick                             0x08000b21   Thumb Code    74  stm32h7xx_hal.o(i.HAL_InitTick)
    HAL_MspInit                              0x08000b79   Thumb Code     2  stm32h7xx_hal.o(i.HAL_MspInit)
    HAL_NVIC_SetPriority                     0x08000b7b   Thumb Code   122  stm32h7xx_hal_cortex.o(i.HAL_NVIC_SetPriority)
    HAL_NVIC_SetPriorityGrouping             0x08000bf5   Thumb Code    32  stm32h7xx_hal_cortex.o(i.HAL_NVIC_SetPriorityGrouping)
    HAL_PWREx_EnableUSBVoltageDetector       0x08000c1d   Thumb Code    14  stm32h7xx_hal_pwr_ex.o(i.HAL_PWREx_EnableUSBVoltageDetector)
    HAL_PWR_EnableBkUpAccess                 0x08000c31   Thumb Code    14  stm32h7xx_hal_pwr.o(i.HAL_PWR_EnableBkUpAccess)
    HAL_RCCEx_GetD3PCLK1Freq                 0x08000c45   Thumb Code    26  stm32h7xx_hal_rcc_ex.o(i.HAL_RCCEx_GetD3PCLK1Freq)
    HAL_RCCEx_GetPLL2ClockFreq               0x08000c69   Thumb Code   536  stm32h7xx_hal_rcc_ex.o(i.HAL_RCCEx_GetPLL2ClockFreq)
    HAL_RCCEx_GetPLL3ClockFreq               0x08000e99   Thumb Code   536  stm32h7xx_hal_rcc_ex.o(i.HAL_RCCEx_GetPLL3ClockFreq)
    HAL_RCCEx_PeriphCLKConfig                0x080010c9   Thumb Code  2784  stm32h7xx_hal_rcc_ex.o(i.HAL_RCCEx_PeriphCLKConfig)
    HAL_RCC_ClockConfig                      0x08001bad   Thumb Code   774  stm32h7xx_hal_rcc.o(i.HAL_RCC_ClockConfig)
    HAL_RCC_GetHCLKFreq                      0x08001ecd   Thumb Code    60  stm32h7xx_hal_rcc.o(i.HAL_RCC_GetHCLKFreq)
    HAL_RCC_GetPCLK1Freq                     0x08001f19   Thumb Code    26  stm32h7xx_hal_rcc.o(i.HAL_RCC_GetPCLK1Freq)
    HAL_RCC_GetPCLK2Freq                     0x08001f3d   Thumb Code    26  stm32h7xx_hal_rcc.o(i.HAL_RCC_GetPCLK2Freq)
    HAL_RCC_GetSysClockFreq                  0x08001f61   Thumb Code   524  stm32h7xx_hal_rcc.o(i.HAL_RCC_GetSysClockFreq)
    HAL_RCC_OscConfig                        0x0800218d   Thumb Code  1874  stm32h7xx_hal_rcc.o(i.HAL_RCC_OscConfig)
    HAL_RTCEx_AlarmBEventCallback            0x080028e9   Thumb Code     2  stm32h7xx_hal_rtc_ex.o(i.HAL_RTCEx_AlarmBEventCallback)
    HAL_RTCEx_BKUPRead                       0x080028eb   Thumb Code    16  stm32h7xx_hal_rtc_ex.o(i.HAL_RTCEx_BKUPRead)
    HAL_RTCEx_BKUPWrite                      0x080028fb   Thumb Code    16  stm32h7xx_hal_rtc_ex.o(i.HAL_RTCEx_BKUPWrite)
    HAL_RTCEx_WakeUpTimerEventCallback       0x0800290d   Thumb Code    16  rtc.o(i.HAL_RTCEx_WakeUpTimerEventCallback)
    HAL_RTCEx_WakeUpTimerIRQHandler          0x08002921   Thumb Code    42  stm32h7xx_hal_rtc_ex.o(i.HAL_RTCEx_WakeUpTimerIRQHandler)
    HAL_RTC_AlarmAEventCallback              0x08002951   Thumb Code    12  rtc.o(i.HAL_RTC_AlarmAEventCallback)
    HAL_RTC_AlarmIRQHandler                  0x08002969   Thumb Code    60  stm32h7xx_hal_rtc.o(i.HAL_RTC_AlarmIRQHandler)
    HAL_RTC_GetDate                          0x080029a9   Thumb Code    70  stm32h7xx_hal_rtc.o(i.HAL_RTC_GetDate)
    HAL_RTC_GetTime                          0x080029f5   Thumb Code    86  stm32h7xx_hal_rtc.o(i.HAL_RTC_GetTime)
    HAL_RTC_Init                             0x08002a51   Thumb Code   168  stm32h7xx_hal_rtc.o(i.HAL_RTC_Init)
    HAL_RTC_MspInit                          0x08002afd   Thumb Code   190  rtc.o(i.HAL_RTC_MspInit)
    HAL_RTC_SetDate                          0x08002bc1   Thumb Code   198  stm32h7xx_hal_rtc.o(i.HAL_RTC_SetDate)
    HAL_RTC_SetTime                          0x08002c8d   Thumb Code   244  stm32h7xx_hal_rtc.o(i.HAL_RTC_SetTime)
    HAL_RTC_WaitForSynchro                   0x08002d85   Thumb Code    56  stm32h7xx_hal_rtc.o(i.HAL_RTC_WaitForSynchro)
    HAL_SPI_Init                             0x08002dbd   Thumb Code   366  stm32h7xx_hal_spi.o(i.HAL_SPI_Init)
    HAL_SPI_MspInit                          0x08002f39   Thumb Code   218  lcd_spi_200.o(i.HAL_SPI_MspInit)
    HAL_SPI_Transmit                         0x08003025   Thumb Code   694  stm32h7xx_hal_spi.o(i.HAL_SPI_Transmit)
    HAL_SYSTICK_CLKSourceConfig              0x080032db   Thumb Code    40  stm32h7xx_hal_cortex.o(i.HAL_SYSTICK_CLKSourceConfig)
    HAL_SYSTICK_Config                       0x08003303   Thumb Code    52  stm32h7xx_hal_cortex.o(i.HAL_SYSTICK_Config)
    HAL_UARTEx_RxEventCallback               0x08003337   Thumb Code     2  stm32h7xx_hal_uart.o(i.HAL_UARTEx_RxEventCallback)
    HAL_UART_ErrorCallback                   0x08003339   Thumb Code     2  stm32h7xx_hal_uart.o(i.HAL_UART_ErrorCallback)
    HAL_UART_Init                            0x0800333b   Thumb Code   120  stm32h7xx_hal_uart.o(i.HAL_UART_Init)
    HAL_UART_MspInit                         0x080033b5   Thumb Code   164  usart.o(i.HAL_UART_MspInit)
    HAL_UART_Receive_IT                      0x08003465   Thumb Code    96  stm32h7xx_hal_uart.o(i.HAL_UART_Receive_IT)
    HAL_UART_RxCpltCallback                  0x080034c9   Thumb Code   120  usart.o(i.HAL_UART_RxCpltCallback)
    HardFault_Handler                        0x08003551   Thumb Code     4  stm32h7xx_it.o(i.HardFault_Handler)
    LCD_Clear                                0x08003555   Thumb Code    82  lcd_spi_200.o(i.LCD_Clear)
    LCD_DisplayChar                          0x080035b5   Thumb Code   202  lcd_spi_200.o(i.LCD_DisplayChar)
    LCD_DisplayNumber                        0x0800368d   Thumb Code    58  lcd_spi_200.o(i.LCD_DisplayNumber)
    LCD_DisplayString                        0x080036d9   Thumb Code    48  lcd_spi_200.o(i.LCD_DisplayString)
    LCD_SPI_Transmit                         0x08003711   Thumb Code   390  lcd_spi_200.o(i.LCD_SPI_Transmit)
    LCD_SetAddress                           0x08003899   Thumb Code    82  lcd_spi_200.o(i.LCD_SetAddress)
    LCD_SetAsciiFont                         0x080038f1   Thumb Code     6  lcd_spi_200.o(i.LCD_SetAsciiFont)
    LCD_SetBackColor                         0x080038fd   Thumb Code    36  lcd_spi_200.o(i.LCD_SetBackColor)
    LCD_SetColor                             0x08003925   Thumb Code    36  lcd_spi_200.o(i.LCD_SetColor)
    LCD_SetDirection                         0x0800394d   Thumb Code   150  lcd_spi_200.o(i.LCD_SetDirection)
    LCD_ShowNumMode                          0x080039e9   Thumb Code     6  lcd_spi_200.o(i.LCD_ShowNumMode)
    LCD_WriteBuff                            0x080039f5   Thumb Code    52  lcd_spi_200.o(i.LCD_WriteBuff)
    LCD_WriteCommand                         0x08003a31   Thumb Code    30  lcd_spi_200.o(i.LCD_WriteCommand)
    LCD_WriteData_16bit                      0x08003a59   Thumb Code    42  lcd_spi_200.o(i.LCD_WriteData_16bit)
    LCD_WriteData_8bit                       0x08003a8d   Thumb Code    28  lcd_spi_200.o(i.LCD_WriteData_8bit)
    LED_Init                                 0x08003ab1   Thumb Code    80  led.o(i.LED_Init)
    MX_SPI4_Init                             0x08003b09   Thumb Code    80  lcd_spi_200.o(i.MX_SPI4_Init)
    MY_SPI_CloseTransfer                     0x08003b61   Thumb Code   214  lcd_spi_200.o(i.MY_SPI_CloseTransfer)
    MY_SPI_WaitOnFlagUntilTimeout            0x08003c37   Thumb Code    64  lcd_spi_200.o(i.MY_SPI_WaitOnFlagUntilTimeout)
    MemManage_Handler                        0x08003c79   Thumb Code    98  mpu.o(i.MemManage_Handler)
    NMI_Handler                              0x08003d15   Thumb Code     4  stm32h7xx_it.o(i.NMI_Handler)
    PendSV_Handler                           0x08003d19   Thumb Code     2  stm32h7xx_it.o(i.PendSV_Handler)
    RTC_Alarm_IRQHandler                     0x08003fe5   Thumb Code    10  rtc.o(i.RTC_Alarm_IRQHandler)
    RTC_Bcd2ToByte                           0x08003ff5   Thumb Code    20  stm32h7xx_hal_rtc.o(i.RTC_Bcd2ToByte)
    RTC_ByteToBcd2                           0x08004009   Thumb Code    28  stm32h7xx_hal_rtc.o(i.RTC_ByteToBcd2)
    RTC_EnterInitMode                        0x08004025   Thumb Code    72  stm32h7xx_hal_rtc.o(i.RTC_EnterInitMode)
    RTC_ExitInitMode                         0x0800406d   Thumb Code    90  stm32h7xx_hal_rtc.o(i.RTC_ExitInitMode)
    RTC_WKUP_IRQHandler                      0x080040cd   Thumb Code    10  rtc.o(i.RTC_WKUP_IRQHandler)
    SPI_LCD_Init                             0x080041cd   Thumb Code   426  lcd_spi_200.o(i.SPI_LCD_Init)
    SVC_Handler                              0x080043c5   Thumb Code     2  stm32h7xx_it.o(i.SVC_Handler)
    SysTick_Handler                          0x080043c7   Thumb Code     8  stm32h7xx_it.o(i.SysTick_Handler)
    SystemInit                               0x080043d1   Thumb Code   200  system_stm32h7xx.o(i.SystemInit)
    UART_AdvFeatureConfig                    0x080044b9   Thumb Code   248  stm32h7xx_hal_uart.o(i.UART_AdvFeatureConfig)
    UART_CheckIdleState                      0x080045b1   Thumb Code   118  stm32h7xx_hal_uart.o(i.UART_CheckIdleState)
    UART_SetConfig                           0x08004a11   Thumb Code  1558  stm32h7xx_hal_uart.o(i.UART_SetConfig)
    UART_Start_Receive_IT                    0x08005039   Thumb Code   256  stm32h7xx_hal_uart.o(i.UART_Start_Receive_IT)
    UART_WaitOnFlagUntilTimeout              0x08005149   Thumb Code   190  stm32h7xx_hal_uart.o(i.UART_WaitOnFlagUntilTimeout)
    USART1_Init                              0x08005209   Thumb Code    44  usart.o(i.USART1_Init)
    UsageFault_Handler                       0x08005241   Thumb Code     4  stm32h7xx_it.o(i.UsageFault_Handler)
    __0printf                                0x08005245   Thumb Code    22  printfa.o(i.__0printf)
    __1printf                                0x08005245   Thumb Code     0  printfa.o(i.__0printf)
    __2printf                                0x08005245   Thumb Code     0  printfa.o(i.__0printf)
    __c89printf                              0x08005245   Thumb Code     0  printfa.o(i.__0printf)
    printf                                   0x08005245   Thumb Code     0  printfa.o(i.__0printf)
    __0sprintf                               0x08005265   Thumb Code    34  printfa.o(i.__0sprintf)
    __1sprintf                               0x08005265   Thumb Code     0  printfa.o(i.__0sprintf)
    __2sprintf                               0x08005265   Thumb Code     0  printfa.o(i.__0sprintf)
    __c89sprintf                             0x08005265   Thumb Code     0  printfa.o(i.__0sprintf)
    sprintf                                  0x08005265   Thumb Code     0  printfa.o(i.__0sprintf)
    __scatterload_copy                       0x080052c5   Thumb Code    14  handlers.o(i.__scatterload_copy)
    __scatterload_null                       0x080052d3   Thumb Code     2  handlers.o(i.__scatterload_null)
    __scatterload_zeroinit                   0x080052d5   Thumb Code    14  handlers.o(i.__scatterload_zeroinit)
    delay_init                               0x08005b79   Thumb Code    16  delay.o(i.delay_init)
    delay_ms                                 0x08005b8d   Thumb Code    50  delay.o(i.delay_ms)
    delay_us                                 0x08005bc1   Thumb Code    72  delay.o(i.delay_us)
    fputc                                    0x08005c0d   Thumb Code    22  usart.o(i.fputc)
    key_init                                 0x08005c29   Thumb Code   158  key.o(i.key_init)
    main                                     0x08005cd1   Thumb Code   242  main.o(i.main)
    rtc_get_date                             0x08005e35   Thumb Code    46  rtc.o(i.rtc_get_date)
    rtc_get_time                             0x08005e69   Thumb Code    50  rtc.o(i.rtc_get_time)
    rtc_init                                 0x08005ea1   Thumb Code   120  rtc.o(i.rtc_init)
    rtc_read_bkr                             0x08005f2d   Thumb Code    20  rtc.o(i.rtc_read_bkr)
    rtc_set_date                             0x08005f45   Thumb Code    38  rtc.o(i.rtc_set_date)
    rtc_set_time                             0x08005f71   Thumb Code    48  rtc.o(i.rtc_set_time)
    rtc_write_bkr                            0x08005fa5   Thumb Code    22  rtc.o(i.rtc_write_bkr)
    sys_cache_enable                         0x08005fc1   Thumb Code   310  sys.o(i.sys_cache_enable)
    sys_stm32_clock_init                     0x08006101   Thumb Code   318  sys.o(i.sys_stm32_clock_init)
    UARTPrescTable                           0x08006250   Data          24  stm32h7xx_hal_uart.o(.constdata)
    D1CorePrescTable                         0x08006268   Data          16  system_stm32h7xx.o(.constdata)
    Chinese_1212                             0x08006278   Data         480  lcd_fonts.o(.constdata)
    Chinese_1616                             0x08006458   Data         640  lcd_fonts.o(.constdata)
    Chinese_2020                             0x080066d8   Data        1200  lcd_fonts.o(.constdata)
    Chinese_2424                             0x08006b88   Data        4680  lcd_fonts.o(.constdata)
    Chinese_3232                             0x08007dd0   Data        2560  lcd_fonts.o(.constdata)
    ASCII_3216_Table                         0x080087d0   Data        6080  lcd_fonts.o(.constdata)
    ASCII_2412_Table                         0x08009f90   Data        4560  lcd_fonts.o(.constdata)
    ASCII_2010_Table                         0x0800b160   Data        3800  lcd_fonts.o(.constdata)
    ASCII_1608_Table                         0x0800c038   Data        1520  lcd_fonts.o(.constdata)
    ASCII_1206_Table                         0x0800c628   Data        1140  lcd_fonts.o(.constdata)
    Region$$Table$$Base                      0x0800ca9c   Number         0  anon$$obj.o(Region$$Table)
    Region$$Table$$Limit                     0x0800cabc   Number         0  anon$$obj.o(Region$$Table)
    uwTick                                   0x24000000   Data           4  stm32h7xx_hal.o(.data)
    uwTickPrio                               0x24000004   Data           4  stm32h7xx_hal.o(.data)
    uwTickFreq                               0x24000008   Data           1  stm32h7xx_hal.o(.data)
    __stdout                                 0x24000010   Data           4  usart.o(.data)
    g_usart1_rx_sta                          0x24000014   Data           2  usart.o(.data)
    g_rx1_buffer                             0x24000016   Data           1  usart.o(.data)
    SystemCoreClock                          0x24000018   Data           4  system_stm32h7xx.o(.data)
    SystemD2Clock                            0x2400001c   Data           4  system_stm32h7xx.o(.data)
    CH_Font12                                0x24000020   Data          12  lcd_fonts.o(.data)
    CH_Font16                                0x2400002c   Data          12  lcd_fonts.o(.data)
    CH_Font20                                0x24000038   Data          12  lcd_fonts.o(.data)
    CH_Font24                                0x24000044   Data          12  lcd_fonts.o(.data)
    CH_Font32                                0x24000050   Data          12  lcd_fonts.o(.data)
    ASCII_Font32                             0x2400005c   Data          12  lcd_fonts.o(.data)
    ASCII_Font24                             0x24000068   Data          12  lcd_fonts.o(.data)
    ASCII_Font20                             0x24000074   Data          12  lcd_fonts.o(.data)
    ASCII_Font16                             0x24000080   Data          12  lcd_fonts.o(.data)
    ASCII_Font12                             0x2400008c   Data          12  lcd_fonts.o(.data)
    g_usart1_rx_buf                          0x240000a0   Data         200  usart.o(.bss)
    g_uart1_handle                           0x24000168   Data         144  usart.o(.bss)
    hspi4                                    0x240001f8   Data         136  lcd_spi_200.o(.bss)
    LCD_Buff                                 0x24000280   Data        2048  lcd_spi_200.o(.bss)
    LCD                                      0x24000a80   Data          16  lcd_spi_200.o(.bss)
    g_rtc_handle                             0x24000a90   Data          40  rtc.o(.bss)
    __initial_sp                             0x24000eb8   Data           0  startup_stm32h7b0xx.o(STACK)



==============================================================================

Memory Map of the image

  Image Entry point : 0x080002ad

  Load Region LR_IROM1 (Base: 0x08000000, Size: 0x0000cb5c, Max: 0x00020000, ABSOLUTE)

    Execution Region ER_IROM1 (Exec base: 0x08000000, Load base: 0x08000000, Size: 0x0000cabc, Max: 0x00020000, ABSOLUTE)

    Exec Addr    Load Addr    Size         Type   Attr      Idx    E Section Name        Object

    0x08000000   0x08000000   0x000002ac   Data   RO            3    RESET               startup_stm32h7b0xx.o
    0x080002ac   0x080002ac   0x00000000   Code   RO         4144  * .ARM.Collect$$$$00000000  mc_w.l(entry.o)
    0x080002ac   0x080002ac   0x00000004   Code   RO         4412    .ARM.Collect$$$$00000001  mc_w.l(entry2.o)
    0x080002b0   0x080002b0   0x00000004   Code   RO         4415    .ARM.Collect$$$$00000004  mc_w.l(entry5.o)
    0x080002b4   0x080002b4   0x00000000   Code   RO         4417    .ARM.Collect$$$$00000008  mc_w.l(entry7b.o)
    0x080002b4   0x080002b4   0x00000000   Code   RO         4419    .ARM.Collect$$$$0000000A  mc_w.l(entry8b.o)
    0x080002b4   0x080002b4   0x00000008   Code   RO         4420    .ARM.Collect$$$$0000000B  mc_w.l(entry9a.o)
    0x080002bc   0x080002bc   0x00000004   Code   RO         4427    .ARM.Collect$$$$0000000E  mc_w.l(entry12b.o)
    0x080002c0   0x080002c0   0x00000000   Code   RO         4422    .ARM.Collect$$$$0000000F  mc_w.l(entry10a.o)
    0x080002c0   0x080002c0   0x00000000   Code   RO         4424    .ARM.Collect$$$$00000011  mc_w.l(entry11a.o)
    0x080002c0   0x080002c0   0x00000004   Code   RO         4413    .ARM.Collect$$$$00002712  mc_w.l(entry2.o)
    0x080002c4   0x080002c4   0x00000024   Code   RO            4    .text               startup_stm32h7b0xx.o
    0x080002e8   0x080002e8   0x00000062   Code   RO         4147    .text               mc_w.l(uldiv.o)
    0x0800034a   0x0800034a   0x00000024   Code   RO         4149    .text               mc_w.l(memseta.o)
    0x0800036e   0x0800036e   0x0000002c   Code   RO         4428    .text               mc_w.l(uidiv.o)
    0x0800039a   0x0800039a   0x0000001e   Code   RO         4430    .text               mc_w.l(llshl.o)
    0x080003b8   0x080003b8   0x00000020   Code   RO         4432    .text               mc_w.l(llushr.o)
    0x080003d8   0x080003d8   0x00000000   Code   RO         4434    .text               mc_w.l(iusefp.o)
    0x080003d8   0x080003d8   0x0000014e   Code   RO         4435    .text               mf_w.l(dadd.o)
    0x08000526   0x08000526   0x000000e4   Code   RO         4437    .text               mf_w.l(dmul.o)
    0x0800060a   0x0800060a   0x000000de   Code   RO         4439    .text               mf_w.l(ddiv.o)
    0x080006e8   0x080006e8   0x00000030   Code   RO         4441    .text               mf_w.l(dfixul.o)
    0x08000718   0x08000718   0x00000030   Code   RO         4443    .text               mf_w.l(cdrcmple.o)
    0x08000748   0x08000748   0x00000024   Code   RO         4445    .text               mc_w.l(init.o)
    0x0800076c   0x0800076c   0x00000024   Code   RO         4447    .text               mc_w.l(llsshr.o)
    0x08000790   0x08000790   0x000000ba   Code   RO         4449    .text               mf_w.l(depilogue.o)
    0x0800084a   0x0800084a   0x00000004   Code   RO         3457    i.BusFault_Handler  stm32h7xx_it.o
    0x0800084e   0x0800084e   0x00000002   Code   RO         3459    i.DMA2_Stream7_IRQHandler  stm32h7xx_it.o
    0x08000850   0x08000850   0x00000002   Code   RO         3460    i.DebugMon_Handler  stm32h7xx_it.o
    0x08000852   0x08000852   0x0000000c   Code   RO         3269    i.HAL_Delay         delay.o
    0x0800085e   0x0800085e   0x00000002   PAD
    0x08000860   0x08000860   0x00000014   Code   RO           29    i.HAL_EnableCompensationCell  stm32h7xx_hal.o
    0x08000874   0x08000874   0x00000208   Code   RO          717    i.HAL_GPIO_Init     stm32h7xx_hal_gpio.o
    0x08000a7c   0x08000a7c   0x00000014   Code   RO          720    i.HAL_GPIO_TogglePin  stm32h7xx_hal_gpio.o
    0x08000a90   0x08000a90   0x0000000c   Code   RO          721    i.HAL_GPIO_WritePin  stm32h7xx_hal_gpio.o
    0x08000a9c   0x08000a9c   0x0000000c   Code   RO           36    i.HAL_GetTick       stm32h7xx_hal.o
    0x08000aa8   0x08000aa8   0x00000018   Code   RO           42    i.HAL_IncTick       stm32h7xx_hal.o
    0x08000ac0   0x08000ac0   0x00000060   Code   RO           43    i.HAL_Init          stm32h7xx_hal.o
    0x08000b20   0x08000b20   0x00000058   Code   RO           44    i.HAL_InitTick      stm32h7xx_hal.o
    0x08000b78   0x08000b78   0x00000002   Code   RO           46    i.HAL_MspInit       stm32h7xx_hal.o
    0x08000b7a   0x08000b7a   0x0000007a   Code   RO          460    i.HAL_NVIC_SetPriority  stm32h7xx_hal_cortex.o
    0x08000bf4   0x08000bf4   0x00000028   Code   RO          461    i.HAL_NVIC_SetPriorityGrouping  stm32h7xx_hal_cortex.o
    0x08000c1c   0x08000c1c   0x00000014   Code   RO          926    i.HAL_PWREx_EnableUSBVoltageDetector  stm32h7xx_hal_pwr_ex.o
    0x08000c30   0x08000c30   0x00000014   Code   RO          787    i.HAL_PWR_EnableBkUpAccess  stm32h7xx_hal_pwr.o
    0x08000c44   0x08000c44   0x00000024   Code   RO         1310    i.HAL_RCCEx_GetD3PCLK1Freq  stm32h7xx_hal_rcc_ex.o
    0x08000c68   0x08000c68   0x00000230   Code   RO         1312    i.HAL_RCCEx_GetPLL2ClockFreq  stm32h7xx_hal_rcc_ex.o
    0x08000e98   0x08000e98   0x00000230   Code   RO         1313    i.HAL_RCCEx_GetPLL3ClockFreq  stm32h7xx_hal_rcc_ex.o
    0x080010c8   0x080010c8   0x00000ae4   Code   RO         1319    i.HAL_RCCEx_PeriphCLKConfig  stm32h7xx_hal_rcc_ex.o
    0x08001bac   0x08001bac   0x00000320   Code   RO         1195    i.HAL_RCC_ClockConfig  stm32h7xx_hal_rcc.o
    0x08001ecc   0x08001ecc   0x0000004c   Code   RO         1200    i.HAL_RCC_GetHCLKFreq  stm32h7xx_hal_rcc.o
    0x08001f18   0x08001f18   0x00000024   Code   RO         1202    i.HAL_RCC_GetPCLK1Freq  stm32h7xx_hal_rcc.o
    0x08001f3c   0x08001f3c   0x00000024   Code   RO         1203    i.HAL_RCC_GetPCLK2Freq  stm32h7xx_hal_rcc.o
    0x08001f60   0x08001f60   0x0000022c   Code   RO         1204    i.HAL_RCC_GetSysClockFreq  stm32h7xx_hal_rcc.o
    0x0800218c   0x0800218c   0x0000075c   Code   RO         1207    i.HAL_RCC_OscConfig  stm32h7xx_hal_rcc.o
    0x080028e8   0x080028e8   0x00000002   Code   RO         2857    i.HAL_RTCEx_AlarmBEventCallback  stm32h7xx_hal_rtc_ex.o
    0x080028ea   0x080028ea   0x00000010   Code   RO         2858    i.HAL_RTCEx_BKUPRead  stm32h7xx_hal_rtc_ex.o
    0x080028fa   0x080028fa   0x00000010   Code   RO         2859    i.HAL_RTCEx_BKUPWrite  stm32h7xx_hal_rtc_ex.o
    0x0800290a   0x0800290a   0x00000002   PAD
    0x0800290c   0x0800290c   0x00000014   Code   RO         4032    i.HAL_RTCEx_WakeUpTimerEventCallback  rtc.o
    0x08002920   0x08002920   0x00000030   Code   RO         2909    i.HAL_RTCEx_WakeUpTimerIRQHandler  stm32h7xx_hal_rtc_ex.o
    0x08002950   0x08002950   0x00000018   Code   RO         4033    i.HAL_RTC_AlarmAEventCallback  rtc.o
    0x08002968   0x08002968   0x00000040   Code   RO         2714    i.HAL_RTC_AlarmIRQHandler  stm32h7xx_hal_rtc.o
    0x080029a8   0x080029a8   0x0000004c   Code   RO         2718    i.HAL_RTC_GetDate   stm32h7xx_hal_rtc.o
    0x080029f4   0x080029f4   0x0000005c   Code   RO         2720    i.HAL_RTC_GetTime   stm32h7xx_hal_rtc.o
    0x08002a50   0x08002a50   0x000000ac   Code   RO         2721    i.HAL_RTC_Init      stm32h7xx_hal_rtc.o
    0x08002afc   0x08002afc   0x000000c4   Code   RO         4034    i.HAL_RTC_MspInit   rtc.o
    0x08002bc0   0x08002bc0   0x000000cc   Code   RO         2727    i.HAL_RTC_SetDate   stm32h7xx_hal_rtc.o
    0x08002c8c   0x08002c8c   0x000000f8   Code   RO         2728    i.HAL_RTC_SetTime   stm32h7xx_hal_rtc.o
    0x08002d84   0x08002d84   0x00000038   Code   RO         2729    i.HAL_RTC_WaitForSynchro  stm32h7xx_hal_rtc.o
    0x08002dbc   0x08002dbc   0x0000017c   Code   RO         2396    i.HAL_SPI_Init      stm32h7xx_hal_spi.o
    0x08002f38   0x08002f38   0x000000ec   Code   RO         3698    i.HAL_SPI_MspInit   lcd_spi_200.o
    0x08003024   0x08003024   0x000002b6   Code   RO         2404    i.HAL_SPI_Transmit  stm32h7xx_hal_spi.o
    0x080032da   0x080032da   0x00000028   Code   RO          463    i.HAL_SYSTICK_CLKSourceConfig  stm32h7xx_hal_cortex.o
    0x08003302   0x08003302   0x00000034   Code   RO          465    i.HAL_SYSTICK_Config  stm32h7xx_hal_cortex.o
    0x08003336   0x08003336   0x00000002   Code   RO         1483    i.HAL_UARTEx_RxEventCallback  stm32h7xx_hal_uart.o
    0x08003338   0x08003338   0x00000002   Code   RO         1499    i.HAL_UART_ErrorCallback  stm32h7xx_hal_uart.o
    0x0800333a   0x0800333a   0x00000078   Code   RO         1503    i.HAL_UART_Init     stm32h7xx_hal_uart.o
    0x080033b2   0x080033b2   0x00000002   PAD
    0x080033b4   0x080033b4   0x000000b0   Code   RO         3316    i.HAL_UART_MspInit  usart.o
    0x08003464   0x08003464   0x00000064   Code   RO         1508    i.HAL_UART_Receive_IT  stm32h7xx_hal_uart.o
    0x080034c8   0x080034c8   0x00000088   Code   RO         3317    i.HAL_UART_RxCpltCallback  usart.o
    0x08003550   0x08003550   0x00000004   Code   RO         3461    i.HardFault_Handler  stm32h7xx_it.o
    0x08003554   0x08003554   0x00000060   Code   RO         3699    i.LCD_Clear         lcd_spi_200.o
    0x080035b4   0x080035b4   0x000000d8   Code   RO         3702    i.LCD_DisplayChar   lcd_spi_200.o
    0x0800368c   0x0800368c   0x0000004c   Code   RO         3705    i.LCD_DisplayNumber  lcd_spi_200.o
    0x080036d8   0x080036d8   0x00000038   Code   RO         3706    i.LCD_DisplayString  lcd_spi_200.o
    0x08003710   0x08003710   0x00000186   Code   RO         3718    i.LCD_SPI_Transmit  lcd_spi_200.o
    0x08003896   0x08003896   0x00000002   PAD
    0x08003898   0x08003898   0x00000058   Code   RO         3720    i.LCD_SetAddress    lcd_spi_200.o
    0x080038f0   0x080038f0   0x0000000c   Code   RO         3721    i.LCD_SetAsciiFont  lcd_spi_200.o
    0x080038fc   0x080038fc   0x00000028   Code   RO         3722    i.LCD_SetBackColor  lcd_spi_200.o
    0x08003924   0x08003924   0x00000028   Code   RO         3723    i.LCD_SetColor      lcd_spi_200.o
    0x0800394c   0x0800394c   0x0000009c   Code   RO         3724    i.LCD_SetDirection  lcd_spi_200.o
    0x080039e8   0x080039e8   0x0000000c   Code   RO         3726    i.LCD_ShowNumMode   lcd_spi_200.o
    0x080039f4   0x080039f4   0x0000003c   Code   RO         3727    i.LCD_WriteBuff     lcd_spi_200.o
    0x08003a30   0x08003a30   0x00000028   Code   RO         3728    i.LCD_WriteCommand  lcd_spi_200.o
    0x08003a58   0x08003a58   0x00000034   Code   RO         3729    i.LCD_WriteData_16bit  lcd_spi_200.o
    0x08003a8c   0x08003a8c   0x00000024   Code   RO         3730    i.LCD_WriteData_8bit  lcd_spi_200.o
    0x08003ab0   0x08003ab0   0x00000058   Code   RO         3606    i.LED_Init          led.o
    0x08003b08   0x08003b08   0x00000058   Code   RO         3731    i.MX_SPI4_Init      lcd_spi_200.o
    0x08003b60   0x08003b60   0x000000d6   Code   RO         3732    i.MY_SPI_CloseTransfer  lcd_spi_200.o
    0x08003c36   0x08003c36   0x00000040   Code   RO         3733    i.MY_SPI_WaitOnFlagUntilTimeout  lcd_spi_200.o
    0x08003c76   0x08003c76   0x00000002   PAD
    0x08003c78   0x08003c78   0x0000009c   Code   RO         3566    i.MemManage_Handler  mpu.o
    0x08003d14   0x08003d14   0x00000004   Code   RO         3462    i.NMI_Handler       stm32h7xx_it.o
    0x08003d18   0x08003d18   0x00000002   Code   RO         3463    i.PendSV_Handler    stm32h7xx_it.o
    0x08003d1a   0x08003d1a   0x00000002   PAD
    0x08003d1c   0x08003d1c   0x00000164   Code   RO         1321    i.RCCEx_PLL2_Config  stm32h7xx_hal_rcc_ex.o
    0x08003e80   0x08003e80   0x00000164   Code   RO         1322    i.RCCEx_PLL3_Config  stm32h7xx_hal_rcc_ex.o
    0x08003fe4   0x08003fe4   0x00000010   Code   RO         4035    i.RTC_Alarm_IRQHandler  rtc.o
    0x08003ff4   0x08003ff4   0x00000014   Code   RO         2730    i.RTC_Bcd2ToByte    stm32h7xx_hal_rtc.o
    0x08004008   0x08004008   0x0000001c   Code   RO         2731    i.RTC_ByteToBcd2    stm32h7xx_hal_rtc.o
    0x08004024   0x08004024   0x00000048   Code   RO         2732    i.RTC_EnterInitMode  stm32h7xx_hal_rtc.o
    0x0800406c   0x0800406c   0x00000060   Code   RO         2733    i.RTC_ExitInitMode  stm32h7xx_hal_rtc.o
    0x080040cc   0x080040cc   0x00000010   Code   RO         4036    i.RTC_WKUP_IRQHandler  rtc.o
    0x080040dc   0x080040dc   0x000000d6   Code   RO         2415    i.SPI_CloseTransfer  stm32h7xx_hal_spi.o
    0x080041b2   0x080041b2   0x0000001a   Code   RO         2426    i.SPI_GetPacketSize  stm32h7xx_hal_spi.o
    0x080041cc   0x080041cc   0x000001b8   Code   RO         3734    i.SPI_LCD_Init      lcd_spi_200.o
    0x08004384   0x08004384   0x00000040   Code   RO         2433    i.SPI_WaitOnFlagUntilTimeout  stm32h7xx_hal_spi.o
    0x080043c4   0x080043c4   0x00000002   Code   RO         3464    i.SVC_Handler       stm32h7xx_it.o
    0x080043c6   0x080043c6   0x00000008   Code   RO         3465    i.SysTick_Handler   stm32h7xx_it.o
    0x080043ce   0x080043ce   0x00000002   PAD
    0x080043d0   0x080043d0   0x000000e8   Code   RO         3530    i.SystemInit        system_stm32h7xx.o
    0x080044b8   0x080044b8   0x000000f8   Code   RO         1517    i.UART_AdvFeatureConfig  stm32h7xx_hal_uart.o
    0x080045b0   0x080045b0   0x00000076   Code   RO         1518    i.UART_CheckIdleState  stm32h7xx_hal_uart.o
    0x08004626   0x08004626   0x00000092   Code   RO         1532    i.UART_RxISR_16BIT  stm32h7xx_hal_uart.o
    0x080046b8   0x080046b8   0x00000164   Code   RO         1533    i.UART_RxISR_16BIT_FIFOEN  stm32h7xx_hal_uart.o
    0x0800481c   0x0800481c   0x0000008e   Code   RO         1534    i.UART_RxISR_8BIT   stm32h7xx_hal_uart.o
    0x080048aa   0x080048aa   0x00000002   PAD
    0x080048ac   0x080048ac   0x00000164   Code   RO         1535    i.UART_RxISR_8BIT_FIFOEN  stm32h7xx_hal_uart.o
    0x08004a10   0x08004a10   0x00000628   Code   RO         1536    i.UART_SetConfig    stm32h7xx_hal_uart.o
    0x08005038   0x08005038   0x00000110   Code   RO         1538    i.UART_Start_Receive_IT  stm32h7xx_hal_uart.o
    0x08005148   0x08005148   0x000000be   Code   RO         1543    i.UART_WaitOnFlagUntilTimeout  stm32h7xx_hal_uart.o
    0x08005206   0x08005206   0x00000002   PAD
    0x08005208   0x08005208   0x00000038   Code   RO         3318    i.USART1_Init       usart.o
    0x08005240   0x08005240   0x00000004   Code   RO         3466    i.UsageFault_Handler  stm32h7xx_it.o
    0x08005244   0x08005244   0x00000020   Code   RO         4384    i.__0printf         mc_w.l(printfa.o)
    0x08005264   0x08005264   0x00000028   Code   RO         4386    i.__0sprintf        mc_w.l(printfa.o)
    0x0800528c   0x0800528c   0x00000010   Code   RO          467    i.__NVIC_GetPriorityGrouping  stm32h7xx_hal_cortex.o
    0x0800529c   0x0800529c   0x00000028   Code   RO          468    i.__NVIC_SetPriority  stm32h7xx_hal_cortex.o
    0x080052c4   0x080052c4   0x0000000e   Code   RO         4453    i.__scatterload_copy  mc_w.l(handlers.o)
    0x080052d2   0x080052d2   0x00000002   Code   RO         4454    i.__scatterload_null  mc_w.l(handlers.o)
    0x080052d4   0x080052d4   0x0000000e   Code   RO         4455    i.__scatterload_zeroinit  mc_w.l(handlers.o)
    0x080052e2   0x080052e2   0x00000002   PAD
    0x080052e4   0x080052e4   0x00000184   Code   RO         4391    i._fp_digits        mc_w.l(printfa.o)
    0x08005468   0x08005468   0x000006b4   Code   RO         4392    i._printf_core      mc_w.l(printfa.o)
    0x08005b1c   0x08005b1c   0x00000024   Code   RO         4393    i._printf_post_padding  mc_w.l(printfa.o)
    0x08005b40   0x08005b40   0x0000002e   Code   RO         4394    i._printf_pre_padding  mc_w.l(printfa.o)
    0x08005b6e   0x08005b6e   0x0000000a   Code   RO         4396    i._sputc            mc_w.l(printfa.o)
    0x08005b78   0x08005b78   0x00000014   Code   RO         3270    i.delay_init        delay.o
    0x08005b8c   0x08005b8c   0x00000032   Code   RO         3271    i.delay_ms          delay.o
    0x08005bbe   0x08005bbe   0x00000002   PAD
    0x08005bc0   0x08005bc0   0x0000004c   Code   RO         3272    i.delay_us          delay.o
    0x08005c0c   0x08005c0c   0x0000001c   Code   RO         3323    i.fputc             usart.o
    0x08005c28   0x08005c28   0x000000a8   Code   RO         3654    i.key_init          key.o
    0x08005cd0   0x08005cd0   0x00000164   Code   RO         3394    i.main              main.o
    0x08005e34   0x08005e34   0x00000034   Code   RO         4037    i.rtc_get_date      rtc.o
    0x08005e68   0x08005e68   0x00000038   Code   RO         4038    i.rtc_get_time      rtc.o
    0x08005ea0   0x08005ea0   0x0000008c   Code   RO         4040    i.rtc_init          rtc.o
    0x08005f2c   0x08005f2c   0x00000018   Code   RO         4041    i.rtc_read_bkr      rtc.o
    0x08005f44   0x08005f44   0x0000002c   Code   RO         4043    i.rtc_set_date      rtc.o
    0x08005f70   0x08005f70   0x00000034   Code   RO         4044    i.rtc_set_time      rtc.o
    0x08005fa4   0x08005fa4   0x0000001c   Code   RO         4046    i.rtc_write_bkr     rtc.o
    0x08005fc0   0x08005fc0   0x00000140   Code   RO         3193    i.sys_cache_enable  sys.o
    0x08006100   0x08006100   0x00000150   Code   RO         3199    i.sys_stm32_clock_init  sys.o
    0x08006250   0x08006250   0x00000018   Data   RO         1544    .constdata          stm32h7xx_hal_uart.o
    0x08006268   0x08006268   0x00000010   Data   RO         3531    .constdata          system_stm32h7xx.o
    0x08006278   0x08006278   0x00006824   Data   RO         3682    .constdata          lcd_fonts.o
    0x0800ca9c   0x0800ca9c   0x00000020   Data   RO         4451    Region$$Table       anon$$obj.o


    Execution Region RW_IRAM1 (Exec base: 0x20000000, Load base: 0x0800cabc, Size: 0x00000000, Max: 0x00020000, ABSOLUTE)

    **** No section assigned to this execution region ****


    Execution Region RW_IRAM2 (Exec base: 0x24000000, Load base: 0x0800cabc, Size: 0x00000eb8, Max: 0x00100000, ABSOLUTE)

    Exec Addr    Load Addr    Size         Type   Attr      Idx    E Section Name        Object

    0x24000000   0x0800cabc   0x00000009   Data   RW           62    .data               stm32h7xx_hal.o
    0x24000009   0x0800cac5   0x00000003   PAD
    0x2400000c   0x0800cac8   0x00000004   Data   RW         3273    .data               delay.o
    0x24000010   0x0800cacc   0x00000007   Data   RW         3325    .data               usart.o
    0x24000017   0x0800cad3   0x00000001   PAD
    0x24000018   0x0800cad4   0x00000008   Data   RW         3532    .data               system_stm32h7xx.o
    0x24000020   0x0800cadc   0x00000078   Data   RW         3683    .data               lcd_fonts.o
    0x24000098   0x0800cb54   0x00000008   Data   RW         3736    .data               lcd_spi_200.o
    0x240000a0        -       0x00000158   Zero   RW         3324    .bss                usart.o
    0x240001f8        -       0x00000898   Zero   RW         3735    .bss                lcd_spi_200.o
    0x24000a90        -       0x00000028   Zero   RW         4047    .bss                rtc.o
    0x24000ab8        -       0x00000400   Zero   RW            1    STACK               startup_stm32h7b0xx.o


==============================================================================

Image component sizes


      Code (inc. data)   RO Data    RW Data    ZI Data      Debug   Object Name

       158          8          0          4          0       2707   delay.o
       168         10          0          0          0       1043   key.o
         0          0      26660        120          0       1995   lcd_fonts.o
      2412        162          0          8       2200     898042   lcd_spi_200.o
        88          8          0          0          0        971   led.o
       356        114          0          0          0       1588   main.o
       156         58          0          0          0      36383   mpu.o
       668         86          0          0         40       8702   rtc.o
        36          8        684          0       1024        884   startup_stm32h7b0xx.o
       242         50          0          9          0    1144600   stm32h7xx_hal.o
       310         22          0          0          0      40240   stm32h7xx_hal_cortex.o
       552         52          0          0          0       3161   stm32h7xx_hal_gpio.o
        20          6          0          0          0        591   stm32h7xx_hal_pwr.o
        20          6          0          0          0        613   stm32h7xx_hal_pwr_ex.o
      3388        108          0          0          0       7140   stm32h7xx_hal_rcc.o
      4656        118          0          0          0       7389   stm32h7xx_hal_rcc_ex.o
      1128         36          0          0          0       9155   stm32h7xx_hal_rtc.o
        82          6          0          0          0       3321   stm32h7xx_hal_rtc_ex.o
      1378         14          0          0          0       5110   stm32h7xx_hal_spi.o
      3628        166         24          0          0      31626   stm32h7xx_hal_uart.o
        32          0          0          0          0       4536   stm32h7xx_it.o
       656         28          0          0          0      38253   sys.o
       232         32         16          8          0       1414   system_stm32h7xx.o
       396         46          0          7        344       4749   usart.o

    ----------------------------------------------------------------------
     20782       1144      27416        160       3608    2254213   Object Totals
         0          0         32          0          0          0   (incl. Generated)
        20          0          0          4          0          0   (incl. Padding)

    ----------------------------------------------------------------------

      Code (inc. data)   RO Data    RW Data    ZI Data      Debug   Library Member Name

         0          0          0          0          0          0   entry.o
         0          0          0          0          0          0   entry10a.o
         0          0          0          0          0          0   entry11a.o
         4          0          0          0          0          0   entry12b.o
         8          4          0          0          0          0   entry2.o
         4          0          0          0          0          0   entry5.o
         0          0          0          0          0          0   entry7b.o
         0          0          0          0          0          0   entry8b.o
         8          4          0          0          0          0   entry9a.o
        30          0          0          0          0          0   handlers.o
        36          8          0          0          0         68   init.o
         0          0          0          0          0          0   iusefp.o
        30          0          0          0          0         68   llshl.o
        36          0          0          0          0         68   llsshr.o
        32          0          0          0          0         68   llushr.o
        36          0          0          0          0        108   memseta.o
      2268         96          0          0          0        616   printfa.o
        44          0          0          0          0         80   uidiv.o
        98          0          0          0          0         92   uldiv.o
        48          0          0          0          0         68   cdrcmple.o
       334          0          0          0          0        148   dadd.o
       222          0          0          0          0        100   ddiv.o
       186          0          0          0          0        176   depilogue.o
        48          0          0          0          0         68   dfixul.o
       228          0          0          0          0         96   dmul.o

    ----------------------------------------------------------------------
      3702        112          0          0          0       1824   Library Totals
         2          0          0          0          0          0   (incl. Padding)

    ----------------------------------------------------------------------

      Code (inc. data)   RO Data    RW Data    ZI Data      Debug   Library Name

      2634        112          0          0          0       1168   mc_w.l
      1066          0          0          0          0        656   mf_w.l

    ----------------------------------------------------------------------
      3702        112          0          0          0       1824   Library Totals

    ----------------------------------------------------------------------

==============================================================================


      Code (inc. data)   RO Data    RW Data    ZI Data      Debug   

     24484       1256      27416        160       3608    2244105   Grand Totals
     24484       1256      27416        160       3608    2244105   ELF Image Totals
     24484       1256      27416        160          0          0   ROM Totals

==============================================================================

    Total RO  Size (Code + RO Data)                51900 (  50.68kB)
    Total RW  Size (RW Data + ZI Data)              3768 (   3.68kB)
    Total ROM Size (Code + RO Data + RW Data)      52060 (  50.84kB)

==============================================================================

